******************************************************************************
                  TI ARM Linker PC v18.1.1                     
******************************************************************************
>> Linked Wed Jan 16 15:14:18 2019

OUTPUT FILE NAME:   <AFS30_Main_code.out>
ENTRY POINT SYMBOL: "_c_int00_noargs"  address: 00005479


MEMORY CONFIGURATION

         name            origin    length      used     unused   attr    fill
----------------------  --------  ---------  --------  --------  ----  --------
  MAIN                  00000000   00040000  00005a0c  0003a5f4  R  X
  INFO                  00200000   00004000  00000000  00004000  R  X
  SRAM_CODE             01000000   00010000  00007bbc  00008444  RW X
  SRAM_DATA             20000000   00010000  00007bbc  00008444  RW  


SEGMENT ALLOCATION MAP

run origin  load origin   length   init length attrs members
----------  ----------- ---------- ----------- ----- -------
00000000    00000000    00005a10   00005a10    r-x
  00000000    00000000    000000e4   000000e4    r-- .intvecs
  000000e4    000000e4    0000563c   0000563c    r-x .text
  00005720    00005720    000002b4   000002b4    r-- .const
  000059d8    000059d8    00000038   00000038    r-- .cinit
20000000    20000000    000079bc   00000000    rw-
  20000000    20000000    00007964   00000000    rw- .bss
  20007964    20007964    00000058   00000000    rw- .data
2000fe00    2000fe00    00000200   00000000    rw-
  2000fe00    2000fe00    00000200   00000000    rw- .stack


SECTION ALLOCATION MAP

 output                                  attributes/
section   page    origin      length       input sections
--------  ----  ----------  ----------   ----------------
.intvecs   0    00000000    000000e4     
                  00000000    000000e4     startup_msp432p401r_ccs.obj (.intvecs:retain)

.text      0    000000e4    0000563c     
                  000000e4    00000a5e     rtsv7M4_T_le_v4SPD16_eabi.lib : _printfi.c.obj (.text:__TI_printfi)
                  00000b42    00000002     startup_msp432p401r_ccs.obj (.text:Default_Handler)
                  00000b44    00000460     rtsv7M4_T_le_v4SPD16_eabi.lib : strtod.c.obj (.text:strtod)
                  00000fa4    000003dc     Main.obj (.text:ConnectCheckQuectel)
                  00001380    00000270     Main.obj (.text:Create_Message)
                  000015f0    00000270     rtsv7M4_T_le_v4SPD16_eabi.lib : _printfi.c.obj (.text:_pconv_a)
                  00001860    00000204     Main.obj (.text:QuectelCSQCheck)
                  00001a64    000001d0     rtsv7M4_T_le_v4SPD16_eabi.lib : _printfi.c.obj (.text:_pconv_g)
                  00001c34    000001c4     Main.obj (.text:ReceiveCheckQuectel)
                  00001df8    000001b6     rtsv7M4_T_le_v4SPD16_eabi.lib : fd_add_t2.asm.obj (.text)
                  00001fae    00000002                                   : div0.asm.obj (.text)
                  00001fb0    0000018c     Main.obj (.text:Check_Buttons)
                  0000213c    0000017c     Main.obj (.text:Build_message)
                  000022b8    00000164     Main.obj (.text:ReceiveCheckEMB)
                  0000241c    0000015b     Main.obj (.text:Init_Transmit_Cloud)
                  00002577    00000001     --HOLE-- [fill = 0]
                  00002578    0000013c     Main.obj (.text:EG_Network_Check)
                  000026b4    0000013c     rtsv7M4_T_le_v4SPD16_eabi.lib : _printfi.c.obj (.text:_pconv_e)
                  000027f0    00000136                                   : fd_div_t2.asm.obj (.text)
                  00002926    00000002     --HOLE-- [fill = 0]
                  00002928    00000134     Main.obj (.text:EMB_Set_AppSKey)
                  00002a5c    00000134     Main.obj (.text:EMB_Set_NwkSKey)
                  00002b90    00000130     Main.obj (.text:QuectelOkCheck)
                  00002cc0    00000128     Main.obj (.text:Transmit_4G)
                  00002de8    00000128     Main.obj (.text:Transmit_CAT_M)
                  00002f10    00000124     Main.obj (.text:CAT_M)
                  00003034    00000124     Main.obj (.text:EMB_Physical_Address_set)
                  00003158    00000120     rtsv7M4_T_le_v4SPD16_eabi.lib : _printfi.c.obj (.text:fcvt)
                  00003278    0000011c     Main.obj (.text:LoRa)
                  00003394    0000011c     Main.obj (.text:NB_IoT)
                  000034b0    00000114     Main.obj (.text:Init_Buttons)
                  000035c4    00000110     Main.obj (.text:PowerupCheckBG96)
                  000036d4    00000110     Main.obj (.text:PowerupCheckEG91)
                  000037e4    00000110     rtsv7M4_T_le_v4SPD16_eabi.lib : s_scalbn.c.obj (.text:scalbn)
                  000038f4    0000010c     Main.obj (.text:EMB_Exchange_Data)
                  00003a00    0000010c     Main.obj (.text:LTE_4G)
                  00003b0c    000000fc     Main.obj (.text:Disable_ADC)
                  00003c08    000000fc     rtsv7M4_T_le_v4SPD16_eabi.lib : fd_mul_t2.asm.obj (.text)
                  00003d04    000000f0     Main.obj (.text:main)
                  00003df4    000000ec     Main.obj (.text:Current_handler)
                  00003ee0    000000d4     Main.obj (.text:Transmit_NB_IOT)
                  00003fb4    000000cb     Main.obj (.text:BG96_setting)
                  0000407f    00000001     --HOLE-- [fill = 0]
                  00004080    000000c0     Main.obj (.text:Init_CAT_M)
                  00004140    000000b1     rtsv7M4_T_le_v4SPD16_eabi.lib : _printfi.c.obj (.text:_ltostr)
                  000041f1    00000003     --HOLE-- [fill = 0]
                  000041f4    000000ac     Main.obj (.text:Init_NB_IOT)
                  000042a0    0000009c     Main.obj (.text:Connect_4G)
                  0000433c    0000009c     rtsv7M4_T_le_v4SPD16_eabi.lib : memcpy_t2.asm.obj (.text)
                  000043d8    00000096                                   : ull_div_t2.asm.obj (.text)
                  0000446e    00000002     --HOLE-- [fill = 0]
                  00004470    00000088     Main.obj (.text:Connect_NB_IOT)
                  000044f8    00000086     rtsv7M4_T_le_v4SPD16_eabi.lib : fd_cmp_t2.asm.obj (.text:__aeabi_cdcmple)
                  0000457e    00000086                                   : fd_cmp_t2.asm.obj (.text:__aeabi_cdrcmple)
                  00004604    00000084     Main.obj (.text:Connect_CAT_M)
                  00004688    00000084     Main.obj (.text:Init_ADC)
                  0000470c    00000080     Main.obj (.text:InitLoRaWAN)
                  0000478c    0000007c     Main.obj (.text:EMB_Network_Adres)
                  00004808    0000007c     Main.obj (.text:EMB_Network_ID)
                  00004884    0000007a     rtsv7M4_T_le_v4SPD16_eabi.lib : memset_t2.asm.obj (.text)
                  000048fe    00000002     --HOLE-- [fill = 0]
                  00004900    00000078     system_msp432p401r.obj (.text:SystemInit)
                  00004978    0000006e     rtsv7M4_T_le_v4SPD16_eabi.lib : _printfi.c.obj (.text:_mcpy)
                  000049e6    0000006e                                   : fd_tos_t2.asm.obj (.text)
                  00004a54    00000068                                   : copy_decompress_lzss.c.obj (.text:decompress:lzss:__TI_decompress_lzss)
                  00004abc    00000064                                   : s_frexp.c.obj (.text:frexp)
                  00004b20    00000060     Main.obj (.text:ADC14_IRQHandler)
                  00004b80    0000005c     Main.obj (.text:BG96_Startup)
                  00004bdc    0000005c     Main.obj (.text:EG91_Startup)
                  00004c38    0000005c     Main.obj (.text:Init_ADC_BG96)
                  00004c94    0000005c     Main.obj (.text:Init_ADC_EG91)
                  00004cf0    0000005c     Main.obj (.text:Init_ADC_EMB)
                  00004d4c    0000005c     Main.obj (.text:UART_A0_Init)
                  00004da8    0000005c     Main.obj (.text:UART_A1_Init)
                  00004e04    0000005c     Main.obj (.text:UART_A3_Init)
                  00004e60    00000056     rtsv7M4_T_le_v4SPD16_eabi.lib : _printfi.c.obj (.text:_pconv_f)
                  00004eb6    00000002     --HOLE-- [fill = 0]
                  00004eb8    00000054     Main.obj (.text:EMB_Network_Pref)
                  00004f0c    00000054     Main.obj (.text:EMB_Startup)
                  00004f60    00000054     Main.obj (.text:EUSCIA0_IRQHandler)
                  00004fb4    00000054     Main.obj (.text:EUSCIA1_IRQHandler)
                  00005008    00000054     Main.obj (.text:EUSCIA2_IRQHandler)
                  0000505c    00000054     Main.obj (.text:EUSCIA3_IRQHandler)
                  000050b0    00000054     rtsv7M4_T_le_v4SPD16_eabi.lib : ltoa.c.obj (.text:ltoa)
                  00005104    00000052                                   : _printfi.c.obj (.text:_ecpy)
                  00005156    00000002     --HOLE-- [fill = 0]
                  00005158    0000004c                                   : atoi.c.obj (.text:atoi)
                  000051a4    00000048                                   : fd_toi_t2.asm.obj (.text)
                  000051ec    00000044     Main.obj (.text:EMB_Network_Start)
                  00005230    00000044     Main.obj (.text:EMB_Network_Stop)
                  00005274    00000044     Main.obj (.text:EMB_Reset)
                  000052b8    00000044     rtsv7M4_T_le_v4SPD16_eabi.lib : autoinit.c.obj (.text:__TI_auto_init_nobinit_nopinit:__TI_auto_init_nobinit_nopinit)
                  000052fc    00000040     Main.obj (.text:Init_4G)
                  0000533c    00000040     rtsv7M4_T_le_v4SPD16_eabi.lib : sprintf.c.obj (.text:sprintf)
                  0000537c    00000040     Main.obj (.text:uart_puts_BG96)
                  000053bc    00000040     Main.obj (.text:uart_puts_EG91)
                  000053fc    0000003e     rtsv7M4_T_le_v4SPD16_eabi.lib : _printfi.c.obj (.text:_fcpy)
                  0000543a    00000002     --HOLE-- [fill = 0]
                  0000543c    0000003c     Main.obj (.text:Message_counter)
                  00005478    00000038     rtsv7M4_T_le_v4SPD16_eabi.lib : boot_cortex_m.c.obj (.text:_c_int00_noargs:_c_int00_noargs)
                  000054b0    00000038                                   : fs_tod_t2.asm.obj (.text)
                  000054e8    00000034     Main.obj (.text:Reset_Index)
                  0000551c    00000030     Main.obj (.text:Systick_delay)
                  0000554c    0000002e     rtsv7M4_T_le_v4SPD16_eabi.lib : i_tofd_t2.asm.obj (.text)
                  0000557a    00000002     --HOLE-- [fill = 0]
                  0000557c    00000024     msp432p4xx_driverlib.lib : cs_MSP432P4XX.obj (.text:CS_setDCOCenteredFrequency)
                  000055a0    00000024     Main.obj (.text:Disable_UART)
                  000055c4    00000024     msp432p4xx_driverlib.lib : interrupt_MSP432P4XX.obj (.text:Interrupt_setPriority)
                  000055e8    00000020     Main.obj (.text:SysTick_Handler)
                  00005608    0000001c     rtsv7M4_T_le_v4SPD16_eabi.lib : memccpy.c.obj (.text:memccpy)
                  00005624    00000018     Main.obj (.text:MCU_led)
                  0000563c    00000018     Main.obj (.text:TransmitLoRaWAN)
                  00005654    00000018     rtsv7M4_T_le_v4SPD16_eabi.lib : sprintf.c.obj (.text:_outs)
                  0000566c    00000016                                   : strchr.c.obj (.text:strchr)
                  00005682    00000014                                   : s_copysign.c.obj (.text:copysign)
                  00005696    00000014                                   : strlen.c.obj (.text:strlen)
                  000056aa    00000012                                   : atof.c.obj (.text:atof)
                  000056bc    00000012                                   : wcslen.c.obj (.text:wcslen)
                  000056ce    00000010     Main.obj (.text:ConnectLoRaWAN)
                  000056de    0000000e     rtsv7M4_T_le_v4SPD16_eabi.lib : copy_decompress_none.c.obj (.text:decompress:none:__TI_decompress_none)
                  000056ec    0000000c     startup_msp432p401r_ccs.obj (.text:Reset_Handler)
                  000056f8    0000000c     rtsv7M4_T_le_v4SPD16_eabi.lib : copy_zero_init.c.obj (.text:decompress:ZI:__TI_zero_init)
                  00005704    0000000a                                   : sprintf.c.obj (.text:_outc)
                  0000570e    00000002     --HOLE-- [fill = 0]
                  00005710    00000008                                   : errno.c.obj (.text:__aeabi_errno_addr)
                  00005718    00000004                                   : pre_init.c.obj (.text:_system_pre_init)
                  0000571c    00000004                                   : exit.c.obj (.text:abort:abort)

.const     0    00005720    000002b4     
                  00005720    00000101     rtsv7M4_T_le_v4SPD16_eabi.lib : ctype.c.obj (.const:.string:_ctypes_)
                  00005821    00000007     --HOLE-- [fill = 0]
                  00005828    000000c8                                   : strtod.c.obj (.const:$O1$$)
                  000058f0    00000050     msp432p4xx_driverlib.lib : interrupt_MSP432P4XX.obj (.const:g_pulRegs)
                  00005940    00000024     Main.obj (.const:BG96_UART_Config)
                  00005964    00000024     Main.obj (.const:EG91_UART_Config)
                  00005988    00000024     Main.obj (.const:EMB_UART_Config)
                  000059ac    00000018     Main.obj (.const:upModeConfig)
                  000059c4    00000010     Main.obj (.const:compareConfig)

.cinit     0    000059d8    00000038     
                  000059d8    00000013     (.cinit..data.load) [load image, compression = lzss]
                  000059eb    00000001     --HOLE-- [fill = 0]
                  000059ec    0000000c     (__TI_handler_table)
                  000059f8    00000008     (.cinit..bss.load) [load image, compression = zero_init]
                  00005a00    00000010     (__TI_cinit_table)

.init_array 
*          0    00000000    00000000     UNINITIALIZED

.binit     0    00000000    00000000     

.bss       0    20000000    00007964     UNINITIALIZED
                  20000000    00002710     (.common:StringToSend)
                  20002710    00000fa0     Main.obj (.bss:Readings)
                  200036b0    00000c80     Main.obj (.bss:Samples)
                  20004330    00000c80     (.common:MovAvgConnected)
                  20004fb0    00000c80     (.common:MovAvgIdle)
                  20005c30    00000c80     (.common:MovAvgInitialising)
                  200068b0    00000c80     (.common:MovAvgTransmission)
                  20007530    000001f4     (.common:TransmitSize)
                  20007724    000000c8     (.common:RXBuffer)
                  200077ec    00000098     (.common:StringPost)
                  20007884    00000098     (.common:StringURL)
                  2000791c    00000008     (.common:tempchar)
                  20007924    00000004     (.common:Cell)
                  20007928    00000004     (.common:GPS_Lat)
                  2000792c    00000004     (.common:GPS_Lon)
                  20007930    00000004     (.common:LAC)
                  20007934    00000004     (.common:MCC)
                  20007938    00000004     (.common:MNC)
                  2000793c    00000004     (.common:Network)
                  20007940    00000004     (.common:PostLength)
                  20007944    00000004     (.common:Sequence)
                  20007948    00000004     (.common:SignalStrength)
                  2000794c    00000004     (.common:Size)
                  20007950    00000004     (.common:m_characters)
                  20007954    00000004     (.common:r)
                  20007958    00000004     (.common:s)
                  2000795c    00000004     (.common:xx)
                  20007960    00000001     (.common:EMB_length)
                  20007961    00000001     (.common:GNSS_BG96)
                  20007962    00000001     (.common:j)
                  20007963    00000001     (.common:startup)

.data      0    20007964    00000058     UNINITIALIZED
                  20007964    00000054     Main.obj (.data)
                  200079b8    00000004     rtsv7M4_T_le_v4SPD16_eabi.lib : errno.c.obj (.data)

.stack     0    2000fe00    00000200     UNINITIALIZED
                  2000fe00    00000004     rtsv7M4_T_le_v4SPD16_eabi.lib : boot_cortex_m.c.obj (.stack)
                  2000fe04    000001fc     --HOLE--

MODULE SUMMARY

       Module                        code    ro data   rw data
       ------                        ----    -------   -------
    .\
       Main.obj                      12858   148       62320  
       system_msp432p401r.obj        120     0         0      
    +--+-----------------------------+-------+---------+---------+
       Total:                        12978   148       62320  
                                                              
    .\ccs\
       startup_msp432p401r_ccs.obj   14      228       0      
    +--+-----------------------------+-------+---------+---------+
       Total:                        14      228       0      
                                                              
    C:/ti/simplelink_msp432p4_sdk_2_10_00_14/source/ti/devices/msp432p4xx/driverlib/ccs/msp432p4xx_driverlib.lib
       interrupt_MSP432P4XX.obj      36      80        0      
       cs_MSP432P4XX.obj             36      0         0      
    +--+-----------------------------+-------+---------+---------+
       Total:                        72      80        0      
                                                              
    C:\ti\ccsv8\tools\compiler\ti-cgt-arm_18.1.1.LTS\lib\rtsv7M4_T_le_v4SPD16_eabi.lib
       _printfi.c.obj                4863    0         0      
       strtod.c.obj                  1120    200       0      
       fd_add_t2.asm.obj             438     0         0      
       fd_div_t2.asm.obj             310     0         0      
       s_scalbn.c.obj                272     0         0      
       fd_cmp_t2.asm.obj             268     0         0      
       ctype.c.obj                   0       257       0      
       fd_mul_t2.asm.obj             252     0         0      
       memcpy_t2.asm.obj             156     0         0      
       ull_div_t2.asm.obj            150     0         0      
       memset_t2.asm.obj             122     0         0      
       fd_tos_t2.asm.obj             110     0         0      
       copy_decompress_lzss.c.obj    104     0         0      
       s_frexp.c.obj                 100     0         0      
       sprintf.c.obj                 98      0         0      
       ltoa.c.obj                    84      0         0      
       atoi.c.obj                    76      0         0      
       fd_toi_t2.asm.obj             72      0         0      
       autoinit.c.obj                68      0         0      
       boot_cortex_m.c.obj           56      0         0      
       fs_tod_t2.asm.obj             56      0         0      
       i_tofd_t2.asm.obj             46      0         0      
       memccpy.c.obj                 28      0         0      
       strchr.c.obj                  22      0         0      
       s_copysign.c.obj              20      0         0      
       strlen.c.obj                  20      0         0      
       atof.c.obj                    18      0         0      
       wcslen.c.obj                  18      0         0      
       errno.c.obj                   8       0         8      
       copy_decompress_none.c.obj    14      0         0      
       copy_zero_init.c.obj          12      0         0      
       exit.c.obj                    4       0         0      
       pre_init.c.obj                4       0         0      
       div0.asm.obj                  2       0         0      
    +--+-----------------------------+-------+---------+---------+
       Total:                        8991    457       8      
                                                              
       Stack:                        0       0         1024   
       Linker Generated:             0       55        0      
    +--+-----------------------------+-------+---------+---------+
       Grand Total:                  22055   968       63352  


LINKER GENERATED COPY TABLES

__TI_cinit_table @ 00005a00 records: 2, size/record: 8, table size: 16
	.data: load addr=000059d8, load size=00000013 bytes, run addr=20007964, run size=00000058 bytes, compression=lzss
	.bss: load addr=000059f8, load size=00000008 bytes, run addr=20000000, run size=00007964 bytes, compression=zero_init


LINKER GENERATED HANDLER TABLE

__TI_handler_table @ 000059ec records: 3, size/record: 4, table size: 12
	index: 0, handler: __TI_decompress_lzss
	index: 1, handler: __TI_decompress_none
	index: 2, handler: __TI_zero_init


GLOBAL SYMBOLS: SORTED ALPHABETICALLY BY Name 

address   name                          
-------   ----                          
00004b21  ADC14_IRQHandler              
00004b21  ADC14_IRQHandler              
00000b43  AES256_IRQHandler             
200079a2  AT_Error                      
00004b81  BG96_Startup                  
00005940  BG96_UART_Config              
00003fb5  BG96_setting                  
0000213d  Build_message                 
00000b43  BusFault_Handler              
0000571d  C$$EXIT                       
00002f11  CAT_M                         
00000b43  COMP_E0_IRQHandler            
00000b43  COMP_E1_IRQHandler            
200079b1  CRC                           
00000b43  CS_IRQHandler                 
0000557d  CS_setDCOCenteredFrequency    
20007924  Cell                          
00001fb1  Check_Buttons                 
20007998  Checksum                      
2000799a  Checksumfield                 
00000fa5  ConnectCheckQuectel           
000056cf  ConnectLoRaWAN                
000042a1  Connect_4G                    
00004605  Connect_CAT_M                 
00004471  Connect_NB_IOT                
00001381  Create_Message                
00003df5  Current_handler               
00000b43  DMA_ERR_IRQHandler            
00000b43  DMA_INT0_IRQHandler           
00000b43  DMA_INT1_IRQHandler           
00000b43  DMA_INT2_IRQHandler           
00000b43  DMA_INT3_IRQHandler           
00000b43  DebugMon_Handler              
00000b43  Default_Handler               
00003b0d  Disable_ADC                   
000055a1  Disable_UART                  
00004bdd  EG91_Startup                  
00005964  EG91_UART_Config              
00002579  EG_Network_Check              
000038f5  EMB_Exchange_Data             
0000478d  EMB_Network_Adres             
00004809  EMB_Network_ID                
00004eb9  EMB_Network_Pref              
000051ed  EMB_Network_Start             
00005231  EMB_Network_Stop              
00003035  EMB_Physical_Address_set      
00005275  EMB_Reset                     
00002929  EMB_Set_AppSKey               
00002a5d  EMB_Set_NwkSKey               
00004f0d  EMB_Startup                   
00005988  EMB_UART_Config               
20007960  EMB_length                    
00004f61  EUSCIA0_IRQHandler            
00004f61  EUSCIA0_IRQHandler            
00004fb5  EUSCIA1_IRQHandler            
00004fb5  EUSCIA1_IRQHandler            
00005009  EUSCIA2_IRQHandler            
00005009  EUSCIA2_IRQHandler            
0000505d  EUSCIA3_IRQHandler            
0000505d  EUSCIA3_IRQHandler            
00000b43  EUSCIB0_IRQHandler            
00000b43  EUSCIB1_IRQHandler            
00000b43  EUSCIB2_IRQHandler            
00000b43  EUSCIB3_IRQHandler            
00000b43  FLCTL_IRQHandler              
00000b43  FPU_IRQHandler                
20007961  GNSS_BG96                     
200079ac  GPS_Count                     
20007928  GPS_Lat                       
2000792c  GPS_Lon                       
00000b43  HardFault_Handler             
200079a8  IndexCounter                  
0000470d  InitLoRaWAN                   
000052fd  Init_4G                       
00004689  Init_ADC                      
00004c39  Init_ADC_BG96                 
00004c95  Init_ADC_EG91                 
00004cf1  Init_ADC_EMB                  
000034b1  Init_Buttons                  
00004081  Init_CAT_M                    
000041f5  Init_NB_IOT                   
0000241d  Init_Transmit_Cloud           
000055c5  Interrupt_setPriority         
20007930  LAC                           
00003a01  LTE_4G                        
00003279  LoRa                          
20007934  MCC                           
00005625  MCU_led                       
20007938  MNC                           
00000b43  MemManage_Handler             
0000543d  Message_counter               
20007999  Messagefield                  
20007964  Module_status                 
20004330  MovAvgConnected               
20007988  MovAvgConnectedIndex          
20004fb0  MovAvgIdle                    
20007980  MovAvgIdleIndex               
20005c30  MovAvgInitialising            
20007984  MovAvgInitialisingIndex       
200068b0  MovAvgTransmission            
2000798c  MovAvgTransmissionIndex       
00003395  NB_IoT                        
00000b43  NMI_Handler                   
2000793c  Network                       
00000b43  PCM_IRQHandler                
00000b43  PORT1_IRQHandler              
00000b43  PORT2_IRQHandler              
00000b43  PORT3_IRQHandler              
00000b43  PORT4_IRQHandler              
00000b43  PORT5_IRQHandler              
00000b43  PORT6_IRQHandler              
00000b43  PSS_IRQHandler                
00000b43  PendSV_Handler                
20007940  PostLength                    
000035c5  PowerupCheckBG96              
000036d5  PowerupCheckEG91              
2000799c  Powerup_done                  
00001861  QuectelCSQCheck               
00002b91  QuectelOkCheck                
00000b43  RTC_C_IRQHandler              
20007724  RXBuffer                      
000022b9  ReceiveCheckEMB               
00001c35  ReceiveCheckQuectel           
2000799b  Receive_done                  
000056ed  Reset_Handler                 
000054e9  Reset_Index                   
00000b43  SVC_Handler                   
20007944  Sequence                      
20007948  SignalStrength                
2000794c  Size                          
200077ec  StringPost                    
20000000  StringToSend                  
20007884  StringURL                     
000055e9  SysTick_Handler               
000055e9  SysTick_Handler               
00004901  SystemInit                    
0000551d  Systick_delay                 
00000b43  T32_INT1_IRQHandler           
00000b43  T32_INT2_IRQHandler           
00000b43  T32_INTC_IRQHandler           
00000b43  TA0_0_IRQHandler              
00000b43  TA0_N_IRQHandler              
00000b43  TA1_0_IRQHandler              
00000b43  TA1_N_IRQHandler              
00000b43  TA2_0_IRQHandler              
00000b43  TA2_N_IRQHandler              
00000b43  TA3_0_IRQHandler              
00000b43  TA3_N_IRQHandler              
200079b4  Ticks                         
0000563d  TransmitLoRaWAN               
20007530  TransmitSize                  
00002cc1  Transmit_4G                   
00002de9  Transmit_CAT_M                
00003ee1  Transmit_NB_IOT               
00004d4d  UART_A0_Init                  
00004da9  UART_A1_Init                  
00004e05  UART_A3_Init                  
00000b43  UsageFault_Handler            
4000480c  WDTCTL_SYM                    
00000b43  WDT_A_IRQHandler              
20010000  __STACK_END                   
00000200  __STACK_SIZE                  
00005a00  __TI_CINIT_Base               
00005a10  __TI_CINIT_Limit              
000059ec  __TI_Handler_Table_Base       
000059f8  __TI_Handler_Table_Limit      
000052b9  __TI_auto_init_nobinit_nopinit
00004a55  __TI_decompress_lzss          
000056df  __TI_decompress_none          
ffffffff  __TI_pprof_out_hndl           
000000e5  __TI_printfi                  
ffffffff  __TI_prof_data_size           
ffffffff  __TI_prof_data_start          
00000000  __TI_static_base__            
000056f9  __TI_zero_init                
000044f9  __aeabi_cdcmpeq               
000044f9  __aeabi_cdcmple               
0000457f  __aeabi_cdrcmple              
000049e7  __aeabi_d2f                   
000051a5  __aeabi_d2iz                  
00001e03  __aeabi_dadd                  
000027f1  __aeabi_ddiv                  
00003c09  __aeabi_dmul                  
00001df9  __aeabi_dsub                  
00005711  __aeabi_errno_addr            
000054b1  __aeabi_f2d                   
0000554d  __aeabi_i2d                   
00001faf  __aeabi_idiv0                 
00001faf  __aeabi_ldiv0                 
00004885  __aeabi_memclr                
00004885  __aeabi_memclr4               
00004885  __aeabi_memclr8               
0000433d  __aeabi_memcpy                
0000433d  __aeabi_memcpy4               
0000433d  __aeabi_memcpy8               
00004887  __aeabi_memset                
00004887  __aeabi_memset4               
00004887  __aeabi_memset8               
000043d9  __aeabi_uldivmod              
ffffffff  __binit__                     
ffffffff  __c_args__                    
UNDEFED   __mpu_init                    
2000fe00  __stack                       
00005479  _c_int00_noargs               
00005720  _ctypes_                      
UNDEFED   _system_post_cinit            
00005719  _system_pre_init              
0000571d  abort                         
000056ab  atof                          
00005159  atoi                          
ffffffff  binit                         
20007994  cc                            
000059c4  compareConfig                 
00005683  copysign                      
00005683  copysignl                     
200079a1  counter                       
200079b8  errno                         
00004abd  frexp                         
00004abd  frexpl                        
2000799d  i                             
200079a0  ii                            
00000000  interruptVectors              
20007962  j                             
000037e5  ldexp                         
000037e5  ldexpl                        
000050b1  ltoa                          
20007950  m_characters                  
00003d05  main                          
00005609  memccpy                       
0000433d  memcpy                        
0000488d  memset                        
200079a4  message2                      
20007954  r                             
20007958  s                             
000037e5  scalbn                        
000037e5  scalbnl                       
20007978  select                        
20007974  select4                       
20007970  selectC                       
20007968  selectL                       
2000796c  selectN                       
0000533d  sprintf                       
20007963  startup                       
200079b0  status                        
0000566d  strchr                        
00005697  strlen                        
00000b45  strtod                        
00000b45  strtold                       
2000791c  tempchar                      
0000537d  uart_puts_BG96                
000053bd  uart_puts_EG91                
000059ac  upModeConfig                  
000056bd  wcslen                        
2000799e  x                             
2000795c  xx                            
2000799f  y                             


GLOBAL SYMBOLS: SORTED BY Symbol Address 

address   name                          
-------   ----                          
00000000  __TI_static_base__            
00000000  interruptVectors              
000000e5  __TI_printfi                  
00000200  __STACK_SIZE                  
00000b43  AES256_IRQHandler             
00000b43  BusFault_Handler              
00000b43  COMP_E0_IRQHandler            
00000b43  COMP_E1_IRQHandler            
00000b43  CS_IRQHandler                 
00000b43  DMA_ERR_IRQHandler            
00000b43  DMA_INT0_IRQHandler           
00000b43  DMA_INT1_IRQHandler           
00000b43  DMA_INT2_IRQHandler           
00000b43  DMA_INT3_IRQHandler           
00000b43  DebugMon_Handler              
00000b43  Default_Handler               
00000b43  EUSCIB0_IRQHandler            
00000b43  EUSCIB1_IRQHandler            
00000b43  EUSCIB2_IRQHandler            
00000b43  EUSCIB3_IRQHandler            
00000b43  FLCTL_IRQHandler              
00000b43  FPU_IRQHandler                
00000b43  HardFault_Handler             
00000b43  MemManage_Handler             
00000b43  NMI_Handler                   
00000b43  PCM_IRQHandler                
00000b43  PORT1_IRQHandler              
00000b43  PORT2_IRQHandler              
00000b43  PORT3_IRQHandler              
00000b43  PORT4_IRQHandler              
00000b43  PORT5_IRQHandler              
00000b43  PORT6_IRQHandler              
00000b43  PSS_IRQHandler                
00000b43  PendSV_Handler                
00000b43  RTC_C_IRQHandler              
00000b43  SVC_Handler                   
00000b43  T32_INT1_IRQHandler           
00000b43  T32_INT2_IRQHandler           
00000b43  T32_INTC_IRQHandler           
00000b43  TA0_0_IRQHandler              
00000b43  TA0_N_IRQHandler              
00000b43  TA1_0_IRQHandler              
00000b43  TA1_N_IRQHandler              
00000b43  TA2_0_IRQHandler              
00000b43  TA2_N_IRQHandler              
00000b43  TA3_0_IRQHandler              
00000b43  TA3_N_IRQHandler              
00000b43  UsageFault_Handler            
00000b43  WDT_A_IRQHandler              
00000b45  strtod                        
00000b45  strtold                       
00000fa5  ConnectCheckQuectel           
00001381  Create_Message                
00001861  QuectelCSQCheck               
00001c35  ReceiveCheckQuectel           
00001df9  __aeabi_dsub                  
00001e03  __aeabi_dadd                  
00001faf  __aeabi_idiv0                 
00001faf  __aeabi_ldiv0                 
00001fb1  Check_Buttons                 
0000213d  Build_message                 
000022b9  ReceiveCheckEMB               
0000241d  Init_Transmit_Cloud           
00002579  EG_Network_Check              
000027f1  __aeabi_ddiv                  
00002929  EMB_Set_AppSKey               
00002a5d  EMB_Set_NwkSKey               
00002b91  QuectelOkCheck                
00002cc1  Transmit_4G                   
00002de9  Transmit_CAT_M                
00002f11  CAT_M                         
00003035  EMB_Physical_Address_set      
00003279  LoRa                          
00003395  NB_IoT                        
000034b1  Init_Buttons                  
000035c5  PowerupCheckBG96              
000036d5  PowerupCheckEG91              
000037e5  ldexp                         
000037e5  ldexpl                        
000037e5  scalbn                        
000037e5  scalbnl                       
000038f5  EMB_Exchange_Data             
00003a01  LTE_4G                        
00003b0d  Disable_ADC                   
00003c09  __aeabi_dmul                  
00003d05  main                          
00003df5  Current_handler               
00003ee1  Transmit_NB_IOT               
00003fb5  BG96_setting                  
00004081  Init_CAT_M                    
000041f5  Init_NB_IOT                   
000042a1  Connect_4G                    
0000433d  __aeabi_memcpy                
0000433d  __aeabi_memcpy4               
0000433d  __aeabi_memcpy8               
0000433d  memcpy                        
000043d9  __aeabi_uldivmod              
00004471  Connect_NB_IOT                
000044f9  __aeabi_cdcmpeq               
000044f9  __aeabi_cdcmple               
0000457f  __aeabi_cdrcmple              
00004605  Connect_CAT_M                 
00004689  Init_ADC                      
0000470d  InitLoRaWAN                   
0000478d  EMB_Network_Adres             
00004809  EMB_Network_ID                
00004885  __aeabi_memclr                
00004885  __aeabi_memclr4               
00004885  __aeabi_memclr8               
00004887  __aeabi_memset                
00004887  __aeabi_memset4               
00004887  __aeabi_memset8               
0000488d  memset                        
00004901  SystemInit                    
000049e7  __aeabi_d2f                   
00004a55  __TI_decompress_lzss          
00004abd  frexp                         
00004abd  frexpl                        
00004b21  ADC14_IRQHandler              
00004b21  ADC14_IRQHandler              
00004b81  BG96_Startup                  
00004bdd  EG91_Startup                  
00004c39  Init_ADC_BG96                 
00004c95  Init_ADC_EG91                 
00004cf1  Init_ADC_EMB                  
00004d4d  UART_A0_Init                  
00004da9  UART_A1_Init                  
00004e05  UART_A3_Init                  
00004eb9  EMB_Network_Pref              
00004f0d  EMB_Startup                   
00004f61  EUSCIA0_IRQHandler            
00004f61  EUSCIA0_IRQHandler            
00004fb5  EUSCIA1_IRQHandler            
00004fb5  EUSCIA1_IRQHandler            
00005009  EUSCIA2_IRQHandler            
00005009  EUSCIA2_IRQHandler            
0000505d  EUSCIA3_IRQHandler            
0000505d  EUSCIA3_IRQHandler            
000050b1  ltoa                          
00005159  atoi                          
000051a5  __aeabi_d2iz                  
000051ed  EMB_Network_Start             
00005231  EMB_Network_Stop              
00005275  EMB_Reset                     
000052b9  __TI_auto_init_nobinit_nopinit
000052fd  Init_4G                       
0000533d  sprintf                       
0000537d  uart_puts_BG96                
000053bd  uart_puts_EG91                
0000543d  Message_counter               
00005479  _c_int00_noargs               
000054b1  __aeabi_f2d                   
000054e9  Reset_Index                   
0000551d  Systick_delay                 
0000554d  __aeabi_i2d                   
0000557d  CS_setDCOCenteredFrequency    
000055a1  Disable_UART                  
000055c5  Interrupt_setPriority         
000055e9  SysTick_Handler               
000055e9  SysTick_Handler               
00005609  memccpy                       
00005625  MCU_led                       
0000563d  TransmitLoRaWAN               
0000566d  strchr                        
00005683  copysign                      
00005683  copysignl                     
00005697  strlen                        
000056ab  atof                          
000056bd  wcslen                        
000056cf  ConnectLoRaWAN                
000056df  __TI_decompress_none          
000056ed  Reset_Handler                 
000056f9  __TI_zero_init                
00005711  __aeabi_errno_addr            
00005719  _system_pre_init              
0000571d  C$$EXIT                       
0000571d  abort                         
00005720  _ctypes_                      
00005940  BG96_UART_Config              
00005964  EG91_UART_Config              
00005988  EMB_UART_Config               
000059ac  upModeConfig                  
000059c4  compareConfig                 
000059ec  __TI_Handler_Table_Base       
000059f8  __TI_Handler_Table_Limit      
00005a00  __TI_CINIT_Base               
00005a10  __TI_CINIT_Limit              
20000000  StringToSend                  
20004330  MovAvgConnected               
20004fb0  MovAvgIdle                    
20005c30  MovAvgInitialising            
200068b0  MovAvgTransmission            
20007530  TransmitSize                  
20007724  RXBuffer                      
200077ec  StringPost                    
20007884  StringURL                     
2000791c  tempchar                      
20007924  Cell                          
20007928  GPS_Lat                       
2000792c  GPS_Lon                       
20007930  LAC                           
20007934  MCC                           
20007938  MNC                           
2000793c  Network                       
20007940  PostLength                    
20007944  Sequence                      
20007948  SignalStrength                
2000794c  Size                          
20007950  m_characters                  
20007954  r                             
20007958  s                             
2000795c  xx                            
20007960  EMB_length                    
20007961  GNSS_BG96                     
20007962  j                             
20007963  startup                       
20007964  Module_status                 
20007968  selectL                       
2000796c  selectN                       
20007970  selectC                       
20007974  select4                       
20007978  select                        
20007980  MovAvgIdleIndex               
20007984  MovAvgInitialisingIndex       
20007988  MovAvgConnectedIndex          
2000798c  MovAvgTransmissionIndex       
20007994  cc                            
20007998  Checksum                      
20007999  Messagefield                  
2000799a  Checksumfield                 
2000799b  Receive_done                  
2000799c  Powerup_done                  
2000799d  i                             
2000799e  x                             
2000799f  y                             
200079a0  ii                            
200079a1  counter                       
200079a2  AT_Error                      
200079a4  message2                      
200079a8  IndexCounter                  
200079ac  GPS_Count                     
200079b0  status                        
200079b1  CRC                           
200079b4  Ticks                         
200079b8  errno                         
2000fe00  __stack                       
20010000  __STACK_END                   
4000480c  WDTCTL_SYM                    
ffffffff  __TI_pprof_out_hndl           
ffffffff  __TI_prof_data_size           
ffffffff  __TI_prof_data_start          
ffffffff  __binit__                     
ffffffff  __c_args__                    
ffffffff  binit                         
UNDEFED   __mpu_init                    
UNDEFED   _system_post_cinit            

[256 symbols]
