<?xml version="1.0" encoding="ISO-8859-1" ?>
<link_info>
   <banner>TI ARM Linker PC v18.1.1.LTS</banner>
   <copyright>Copyright (c) 1996-2017 Texas Instruments Incorporated</copyright>
   <link_time>0x5b630358</link_time>
   <link_errors>0x0</link_errors>
   <output_file>AFS30_Main_code.out</output_file>
   <entry_point>
      <name>_c_int00_noargs</name>
      <address>0x470d</address>
   </entry_point>
   <input_file_list>
      <input_file id="fl-2">
         <path>.\</path>
         <kind>object</kind>
         <file>Main.obj</file>
         <name>Main.obj</name>
      </input_file>
      <input_file id="fl-3">
         <path>.\</path>
         <kind>object</kind>
         <file>system_msp432p401r.obj</file>
         <name>system_msp432p401r.obj</name>
      </input_file>
      <input_file id="fl-4">
         <path>.\ccs\</path>
         <kind>object</kind>
         <file>startup_msp432p401r_ccs.obj</file>
         <name>startup_msp432p401r_ccs.obj</name>
      </input_file>
      <input_file id="fl-e">
         <kind>object</kind>
         <file>&lt;internal&gt;</file>
         <name>&lt;internal&gt;</name>
      </input_file>
      <input_file id="fl-f">
         <path>C:\ti\simplelink_msp432p4_sdk_2_10_00_14\source\ti\devices\msp432p4xx\driverlib\ccs\</path>
         <kind>archive</kind>
         <file>msp432p4xx_driverlib.lib</file>
         <name>cs_MSP432P4XX.obj</name>
      </input_file>
      <input_file id="fl-10">
         <path>C:\ti\simplelink_msp432p4_sdk_2_10_00_14\source\ti\devices\msp432p4xx\driverlib\ccs\</path>
         <kind>archive</kind>
         <file>msp432p4xx_driverlib.lib</file>
         <name>interrupt_MSP432P4XX.obj</name>
      </input_file>
      <input_file id="fl-11">
         <path>C:\ti\simplelink_msp432p4_sdk_2_10_00_14\source\ti\devices\msp432p4xx\driverlib\ccs\</path>
         <kind>archive</kind>
         <file>msp432p4xx_driverlib.lib</file>
         <name>sysctl_a_MSP432P4XX.obj</name>
      </input_file>
      <input_file id="fl-12">
         <path>C:\ti\simplelink_msp432p4_sdk_2_10_00_14\source\ti\devices\msp432p4xx\driverlib\ccs\</path>
         <kind>archive</kind>
         <file>msp432p4xx_driverlib.lib</file>
         <name>cpu_MSP432P4XX.obj</name>
      </input_file>
      <input_file id="fl-c8">
         <path>C:\ti\ccsv8\tools\compiler\ti-cgt-arm_18.1.1.LTS\lib\</path>
         <kind>archive</kind>
         <file>rtsv7M4_T_le_v4SPD16_eabi.lib</file>
         <name>copy_zero_init.c.obj</name>
      </input_file>
      <input_file id="fl-c9">
         <path>C:\ti\ccsv8\tools\compiler\ti-cgt-arm_18.1.1.LTS\lib\</path>
         <kind>archive</kind>
         <file>rtsv7M4_T_le_v4SPD16_eabi.lib</file>
         <name>copy_decompress_none.c.obj</name>
      </input_file>
      <input_file id="fl-ca">
         <path>C:\ti\ccsv8\tools\compiler\ti-cgt-arm_18.1.1.LTS\lib\</path>
         <kind>archive</kind>
         <file>rtsv7M4_T_le_v4SPD16_eabi.lib</file>
         <name>copy_decompress_lzss.c.obj</name>
      </input_file>
      <input_file id="fl-cb">
         <path>C:\ti\ccsv8\tools\compiler\ti-cgt-arm_18.1.1.LTS\lib\</path>
         <kind>archive</kind>
         <file>rtsv7M4_T_le_v4SPD16_eabi.lib</file>
         <name>boot_cortex_m.c.obj</name>
      </input_file>
      <input_file id="fl-cc">
         <path>C:\ti\ccsv8\tools\compiler\ti-cgt-arm_18.1.1.LTS\lib\</path>
         <kind>archive</kind>
         <file>rtsv7M4_T_le_v4SPD16_eabi.lib</file>
         <name>exit.c.obj</name>
      </input_file>
      <input_file id="fl-cd">
         <path>C:\ti\ccsv8\tools\compiler\ti-cgt-arm_18.1.1.LTS\lib\</path>
         <kind>archive</kind>
         <file>rtsv7M4_T_le_v4SPD16_eabi.lib</file>
         <name>_lock.c.obj</name>
      </input_file>
      <input_file id="fl-ce">
         <path>C:\ti\ccsv8\tools\compiler\ti-cgt-arm_18.1.1.LTS\lib\</path>
         <kind>archive</kind>
         <file>rtsv7M4_T_le_v4SPD16_eabi.lib</file>
         <name>args_main.c.obj</name>
      </input_file>
      <input_file id="fl-cf">
         <path>C:\ti\ccsv8\tools\compiler\ti-cgt-arm_18.1.1.LTS\lib\</path>
         <kind>archive</kind>
         <file>rtsv7M4_T_le_v4SPD16_eabi.lib</file>
         <name>fputs.c.obj</name>
      </input_file>
      <input_file id="fl-d0">
         <path>C:\ti\ccsv8\tools\compiler\ti-cgt-arm_18.1.1.LTS\lib\</path>
         <kind>archive</kind>
         <file>rtsv7M4_T_le_v4SPD16_eabi.lib</file>
         <name>memchr.c.obj</name>
      </input_file>
      <input_file id="fl-d1">
         <path>C:\ti\ccsv8\tools\compiler\ti-cgt-arm_18.1.1.LTS\lib\</path>
         <kind>archive</kind>
         <file>rtsv7M4_T_le_v4SPD16_eabi.lib</file>
         <name>sprintf.c.obj</name>
      </input_file>
      <input_file id="fl-d2">
         <path>C:\ti\ccsv8\tools\compiler\ti-cgt-arm_18.1.1.LTS\lib\</path>
         <kind>archive</kind>
         <file>rtsv7M4_T_le_v4SPD16_eabi.lib</file>
         <name>strlen.c.obj</name>
      </input_file>
      <input_file id="fl-d3">
         <path>C:\ti\ccsv8\tools\compiler\ti-cgt-arm_18.1.1.LTS\lib\</path>
         <kind>archive</kind>
         <file>rtsv7M4_T_le_v4SPD16_eabi.lib</file>
         <name>write.c.obj</name>
      </input_file>
      <input_file id="fl-d4">
         <path>C:\ti\ccsv8\tools\compiler\ti-cgt-arm_18.1.1.LTS\lib\</path>
         <kind>archive</kind>
         <file>rtsv7M4_T_le_v4SPD16_eabi.lib</file>
         <name>memcpy_t2.asm.obj</name>
      </input_file>
      <input_file id="fl-d5">
         <path>C:\ti\ccsv8\tools\compiler\ti-cgt-arm_18.1.1.LTS\lib\</path>
         <kind>archive</kind>
         <file>rtsv7M4_T_le_v4SPD16_eabi.lib</file>
         <name>memset_t2.asm.obj</name>
      </input_file>
      <input_file id="fl-d6">
         <path>C:\ti\ccsv8\tools\compiler\ti-cgt-arm_18.1.1.LTS\lib\</path>
         <kind>archive</kind>
         <file>rtsv7M4_T_le_v4SPD16_eabi.lib</file>
         <name>autoinit.c.obj</name>
      </input_file>
      <input_file id="fl-d7">
         <path>C:\ti\ccsv8\tools\compiler\ti-cgt-arm_18.1.1.LTS\lib\</path>
         <kind>archive</kind>
         <file>rtsv7M4_T_le_v4SPD16_eabi.lib</file>
         <name>pre_init.c.obj</name>
      </input_file>
      <input_file id="fl-d8">
         <path>C:\ti\ccsv8\tools\compiler\ti-cgt-arm_18.1.1.LTS\lib\</path>
         <kind>archive</kind>
         <file>rtsv7M4_T_le_v4SPD16_eabi.lib</file>
         <name>cpy_tbl.c.obj</name>
      </input_file>
      <input_file id="fl-d9">
         <path>C:\ti\ccsv8\tools\compiler\ti-cgt-arm_18.1.1.LTS\lib\</path>
         <kind>archive</kind>
         <file>rtsv7M4_T_le_v4SPD16_eabi.lib</file>
         <name>_io_perm.c.obj</name>
      </input_file>
      <input_file id="fl-da">
         <path>C:\ti\ccsv8\tools\compiler\ti-cgt-arm_18.1.1.LTS\lib\</path>
         <kind>archive</kind>
         <file>rtsv7M4_T_le_v4SPD16_eabi.lib</file>
         <name>_printfi.c.obj</name>
      </input_file>
      <input_file id="fl-db">
         <path>C:\ti\ccsv8\tools\compiler\ti-cgt-arm_18.1.1.LTS\lib\</path>
         <kind>archive</kind>
         <file>rtsv7M4_T_le_v4SPD16_eabi.lib</file>
         <name>atoi.c.obj</name>
      </input_file>
      <input_file id="fl-dc">
         <path>C:\ti\ccsv8\tools\compiler\ti-cgt-arm_18.1.1.LTS\lib\</path>
         <kind>archive</kind>
         <file>rtsv7M4_T_le_v4SPD16_eabi.lib</file>
         <name>ctype.c.obj</name>
      </input_file>
      <input_file id="fl-dd">
         <path>C:\ti\ccsv8\tools\compiler\ti-cgt-arm_18.1.1.LTS\lib\</path>
         <kind>archive</kind>
         <file>rtsv7M4_T_le_v4SPD16_eabi.lib</file>
         <name>defs.c.obj</name>
      </input_file>
      <input_file id="fl-de">
         <path>C:\ti\ccsv8\tools\compiler\ti-cgt-arm_18.1.1.LTS\lib\</path>
         <kind>archive</kind>
         <file>rtsv7M4_T_le_v4SPD16_eabi.lib</file>
         <name>fflush.c.obj</name>
      </input_file>
      <input_file id="fl-df">
         <path>C:\ti\ccsv8\tools\compiler\ti-cgt-arm_18.1.1.LTS\lib\</path>
         <kind>archive</kind>
         <file>rtsv7M4_T_le_v4SPD16_eabi.lib</file>
         <name>fseek.c.obj</name>
      </input_file>
      <input_file id="fl-e0">
         <path>C:\ti\ccsv8\tools\compiler\ti-cgt-arm_18.1.1.LTS\lib\</path>
         <kind>archive</kind>
         <file>rtsv7M4_T_le_v4SPD16_eabi.lib</file>
         <name>lseek.c.obj</name>
      </input_file>
      <input_file id="fl-e1">
         <path>C:\ti\ccsv8\tools\compiler\ti-cgt-arm_18.1.1.LTS\lib\</path>
         <kind>archive</kind>
         <file>rtsv7M4_T_le_v4SPD16_eabi.lib</file>
         <name>ltoa.c.obj</name>
      </input_file>
      <input_file id="fl-e2">
         <path>C:\ti\ccsv8\tools\compiler\ti-cgt-arm_18.1.1.LTS\lib\</path>
         <kind>archive</kind>
         <file>rtsv7M4_T_le_v4SPD16_eabi.lib</file>
         <name>memccpy.c.obj</name>
      </input_file>
      <input_file id="fl-e3">
         <path>C:\ti\ccsv8\tools\compiler\ti-cgt-arm_18.1.1.LTS\lib\</path>
         <kind>archive</kind>
         <file>rtsv7M4_T_le_v4SPD16_eabi.lib</file>
         <name>setvbuf.c.obj</name>
      </input_file>
      <input_file id="fl-e4">
         <path>C:\ti\ccsv8\tools\compiler\ti-cgt-arm_18.1.1.LTS\lib\</path>
         <kind>archive</kind>
         <file>rtsv7M4_T_le_v4SPD16_eabi.lib</file>
         <name>strchr.c.obj</name>
      </input_file>
      <input_file id="fl-e5">
         <path>C:\ti\ccsv8\tools\compiler\ti-cgt-arm_18.1.1.LTS\lib\</path>
         <kind>archive</kind>
         <file>rtsv7M4_T_le_v4SPD16_eabi.lib</file>
         <name>hostclose.c.obj</name>
      </input_file>
      <input_file id="fl-e6">
         <path>C:\ti\ccsv8\tools\compiler\ti-cgt-arm_18.1.1.LTS\lib\</path>
         <kind>archive</kind>
         <file>rtsv7M4_T_le_v4SPD16_eabi.lib</file>
         <name>hostlseek.c.obj</name>
      </input_file>
      <input_file id="fl-e7">
         <path>C:\ti\ccsv8\tools\compiler\ti-cgt-arm_18.1.1.LTS\lib\</path>
         <kind>archive</kind>
         <file>rtsv7M4_T_le_v4SPD16_eabi.lib</file>
         <name>hostopen.c.obj</name>
      </input_file>
      <input_file id="fl-e8">
         <path>C:\ti\ccsv8\tools\compiler\ti-cgt-arm_18.1.1.LTS\lib\</path>
         <kind>archive</kind>
         <file>rtsv7M4_T_le_v4SPD16_eabi.lib</file>
         <name>hostread.c.obj</name>
      </input_file>
      <input_file id="fl-e9">
         <path>C:\ti\ccsv8\tools\compiler\ti-cgt-arm_18.1.1.LTS\lib\</path>
         <kind>archive</kind>
         <file>rtsv7M4_T_le_v4SPD16_eabi.lib</file>
         <name>hostrename.c.obj</name>
      </input_file>
      <input_file id="fl-ea">
         <path>C:\ti\ccsv8\tools\compiler\ti-cgt-arm_18.1.1.LTS\lib\</path>
         <kind>archive</kind>
         <file>rtsv7M4_T_le_v4SPD16_eabi.lib</file>
         <name>hostunlink.c.obj</name>
      </input_file>
      <input_file id="fl-eb">
         <path>C:\ti\ccsv8\tools\compiler\ti-cgt-arm_18.1.1.LTS\lib\</path>
         <kind>archive</kind>
         <file>rtsv7M4_T_le_v4SPD16_eabi.lib</file>
         <name>hostwrite.c.obj</name>
      </input_file>
      <input_file id="fl-ec">
         <path>C:\ti\ccsv8\tools\compiler\ti-cgt-arm_18.1.1.LTS\lib\</path>
         <kind>archive</kind>
         <file>rtsv7M4_T_le_v4SPD16_eabi.lib</file>
         <name>trgmsg.c.obj</name>
      </input_file>
      <input_file id="fl-ed">
         <path>C:\ti\ccsv8\tools\compiler\ti-cgt-arm_18.1.1.LTS\lib\</path>
         <kind>archive</kind>
         <file>rtsv7M4_T_le_v4SPD16_eabi.lib</file>
         <name>s_frexp.c.obj</name>
      </input_file>
      <input_file id="fl-ee">
         <path>C:\ti\ccsv8\tools\compiler\ti-cgt-arm_18.1.1.LTS\lib\</path>
         <kind>archive</kind>
         <file>rtsv7M4_T_le_v4SPD16_eabi.lib</file>
         <name>s_scalbn.c.obj</name>
      </input_file>
      <input_file id="fl-ef">
         <path>C:\ti\ccsv8\tools\compiler\ti-cgt-arm_18.1.1.LTS\lib\</path>
         <kind>archive</kind>
         <file>rtsv7M4_T_le_v4SPD16_eabi.lib</file>
         <name>s_copysign.c.obj</name>
      </input_file>
      <input_file id="fl-f0">
         <path>C:\ti\ccsv8\tools\compiler\ti-cgt-arm_18.1.1.LTS\lib\</path>
         <kind>archive</kind>
         <file>rtsv7M4_T_le_v4SPD16_eabi.lib</file>
         <name>wcslen.c.obj</name>
      </input_file>
      <input_file id="fl-f1">
         <path>C:\ti\ccsv8\tools\compiler\ti-cgt-arm_18.1.1.LTS\lib\</path>
         <kind>archive</kind>
         <file>rtsv7M4_T_le_v4SPD16_eabi.lib</file>
         <name>fd_add_t2.asm.obj</name>
      </input_file>
      <input_file id="fl-f2">
         <path>C:\ti\ccsv8\tools\compiler\ti-cgt-arm_18.1.1.LTS\lib\</path>
         <kind>archive</kind>
         <file>rtsv7M4_T_le_v4SPD16_eabi.lib</file>
         <name>fd_cmp_t2.asm.obj</name>
      </input_file>
      <input_file id="fl-f3">
         <path>C:\ti\ccsv8\tools\compiler\ti-cgt-arm_18.1.1.LTS\lib\</path>
         <kind>archive</kind>
         <file>rtsv7M4_T_le_v4SPD16_eabi.lib</file>
         <name>fd_div_t2.asm.obj</name>
      </input_file>
      <input_file id="fl-f4">
         <path>C:\ti\ccsv8\tools\compiler\ti-cgt-arm_18.1.1.LTS\lib\</path>
         <kind>archive</kind>
         <file>rtsv7M4_T_le_v4SPD16_eabi.lib</file>
         <name>fd_mul_t2.asm.obj</name>
      </input_file>
      <input_file id="fl-f5">
         <path>C:\ti\ccsv8\tools\compiler\ti-cgt-arm_18.1.1.LTS\lib\</path>
         <kind>archive</kind>
         <file>rtsv7M4_T_le_v4SPD16_eabi.lib</file>
         <name>fd_toi_t2.asm.obj</name>
      </input_file>
      <input_file id="fl-f6">
         <path>C:\ti\ccsv8\tools\compiler\ti-cgt-arm_18.1.1.LTS\lib\</path>
         <kind>archive</kind>
         <file>rtsv7M4_T_le_v4SPD16_eabi.lib</file>
         <name>i_tofd_t2.asm.obj</name>
      </input_file>
      <input_file id="fl-f7">
         <path>C:\ti\ccsv8\tools\compiler\ti-cgt-arm_18.1.1.LTS\lib\</path>
         <kind>archive</kind>
         <file>rtsv7M4_T_le_v4SPD16_eabi.lib</file>
         <name>ull_div_t2.asm.obj</name>
      </input_file>
      <input_file id="fl-f8">
         <path>C:\ti\ccsv8\tools\compiler\ti-cgt-arm_18.1.1.LTS\lib\</path>
         <kind>archive</kind>
         <file>rtsv7M4_T_le_v4SPD16_eabi.lib</file>
         <name>errno.c.obj</name>
      </input_file>
      <input_file id="fl-f9">
         <path>C:\ti\ccsv8\tools\compiler\ti-cgt-arm_18.1.1.LTS\lib\</path>
         <kind>archive</kind>
         <file>rtsv7M4_T_le_v4SPD16_eabi.lib</file>
         <name>memory.c.obj</name>
      </input_file>
      <input_file id="fl-fa">
         <path>C:\ti\ccsv8\tools\compiler\ti-cgt-arm_18.1.1.LTS\lib\</path>
         <kind>archive</kind>
         <file>rtsv7M4_T_le_v4SPD16_eabi.lib</file>
         <name>fopen.c.obj</name>
      </input_file>
      <input_file id="fl-fb">
         <path>C:\ti\ccsv8\tools\compiler\ti-cgt-arm_18.1.1.LTS\lib\</path>
         <kind>archive</kind>
         <file>rtsv7M4_T_le_v4SPD16_eabi.lib</file>
         <name>open.c.obj</name>
      </input_file>
      <input_file id="fl-fc">
         <path>C:\ti\ccsv8\tools\compiler\ti-cgt-arm_18.1.1.LTS\lib\</path>
         <kind>archive</kind>
         <file>rtsv7M4_T_le_v4SPD16_eabi.lib</file>
         <name>strcpy.c.obj</name>
      </input_file>
      <input_file id="fl-fd">
         <path>C:\ti\ccsv8\tools\compiler\ti-cgt-arm_18.1.1.LTS\lib\</path>
         <kind>archive</kind>
         <file>rtsv7M4_T_le_v4SPD16_eabi.lib</file>
         <name>div0.asm.obj</name>
      </input_file>
      <input_file id="fl-fe">
         <path>C:\ti\ccsv8\tools\compiler\ti-cgt-arm_18.1.1.LTS\lib\</path>
         <kind>archive</kind>
         <file>rtsv7M4_T_le_v4SPD16_eabi.lib</file>
         <name>fclose.c.obj</name>
      </input_file>
      <input_file id="fl-ff">
         <path>C:\ti\ccsv8\tools\compiler\ti-cgt-arm_18.1.1.LTS\lib\</path>
         <kind>archive</kind>
         <file>rtsv7M4_T_le_v4SPD16_eabi.lib</file>
         <name>getdevice.c.obj</name>
      </input_file>
      <input_file id="fl-100">
         <path>C:\ti\ccsv8\tools\compiler\ti-cgt-arm_18.1.1.LTS\lib\</path>
         <kind>archive</kind>
         <file>rtsv7M4_T_le_v4SPD16_eabi.lib</file>
         <name>remove.c.obj</name>
      </input_file>
      <input_file id="fl-101">
         <path>C:\ti\ccsv8\tools\compiler\ti-cgt-arm_18.1.1.LTS\lib\</path>
         <kind>archive</kind>
         <file>rtsv7M4_T_le_v4SPD16_eabi.lib</file>
         <name>strcmp.c.obj</name>
      </input_file>
      <input_file id="fl-102">
         <path>C:\ti\ccsv8\tools\compiler\ti-cgt-arm_18.1.1.LTS\lib\</path>
         <kind>archive</kind>
         <file>rtsv7M4_T_le_v4SPD16_eabi.lib</file>
         <name>strncpy.c.obj</name>
      </input_file>
      <input_file id="fl-103">
         <path>C:\ti\ccsv8\tools\compiler\ti-cgt-arm_18.1.1.LTS\lib\</path>
         <kind>archive</kind>
         <file>rtsv7M4_T_le_v4SPD16_eabi.lib</file>
         <name>unlink.c.obj</name>
      </input_file>
      <input_file id="fl-104">
         <path>C:\ti\ccsv8\tools\compiler\ti-cgt-arm_18.1.1.LTS\lib\</path>
         <kind>archive</kind>
         <file>rtsv7M4_T_le_v4SPD16_eabi.lib</file>
         <name>close.c.obj</name>
      </input_file>
   </input_file_list>
   <object_component_list>
      <object_component id="oc-23">
         <name>.intvecs:retain</name>
         <load_address>0x0</load_address>
         <run_address>0x0</run_address>
         <size>0xe4</size>
         <input_file_ref idref="fl-4"/>
      </object_component>
      <object_component id="oc-1d3">
         <name>.text:__TI_printfi</name>
         <load_address>0xe4</load_address>
         <run_address>0xe4</run_address>
         <size>0xa5e</size>
         <input_file_ref idref="fl-da"/>
      </object_component>
      <object_component id="oc-6d">
         <name>.text:Default_Handler</name>
         <load_address>0xb42</load_address>
         <run_address>0xb42</run_address>
         <size>0x2</size>
         <input_file_ref idref="fl-4"/>
      </object_component>
      <object_component id="oc-13f">
         <name>.text:Check_Buttons</name>
         <load_address>0xb44</load_address>
         <run_address>0xb44</run_address>
         <size>0x310</size>
         <input_file_ref idref="fl-2"/>
      </object_component>
      <object_component id="oc-c1">
         <name>.text:main</name>
         <load_address>0xe54</load_address>
         <run_address>0xe54</run_address>
         <size>0x280</size>
         <input_file_ref idref="fl-2"/>
      </object_component>
      <object_component id="oc-2cc">
         <name>.text:_pconv_a</name>
         <load_address>0x10d4</load_address>
         <run_address>0x10d4</run_address>
         <size>0x270</size>
         <input_file_ref idref="fl-da"/>
      </object_component>
      <object_component id="oc-383">
         <name>.text:EMB_Exchange_Data</name>
         <load_address>0x1344</load_address>
         <run_address>0x1344</run_address>
         <size>0x230</size>
         <input_file_ref idref="fl-2"/>
      </object_component>
      <object_component id="oc-2ba">
         <name>.text:_pconv_g</name>
         <load_address>0x1574</load_address>
         <run_address>0x1574</run_address>
         <size>0x1d0</size>
         <input_file_ref idref="fl-da"/>
      </object_component>
      <object_component id="oc-32b">
         <name>.text:ReceiveCheckQuectel</name>
         <load_address>0x1744</load_address>
         <run_address>0x1744</run_address>
         <size>0x1c4</size>
         <input_file_ref idref="fl-2"/>
      </object_component>
      <object_component id="oc-3f2">
         <name>.text</name>
         <load_address>0x1908</load_address>
         <run_address>0x1908</run_address>
         <size>0x1b6</size>
         <input_file_ref idref="fl-f1"/>
      </object_component>
      <object_component id="oc-263">
         <name>.text:Transmit_NB_IOT</name>
         <load_address>0x1abe</load_address>
         <run_address>0x1abe</run_address>
         <size>0x2</size>
         <input_file_ref idref="fl-2"/>
      </object_component>
      <object_component id="oc-251">
         <name>.text:Transmit_2G_BG96</name>
         <load_address>0x1ac0</load_address>
         <run_address>0x1ac0</run_address>
         <size>0x199</size>
         <input_file_ref idref="fl-2"/>
      </object_component>
      <object_component id="oc-3a6">
         <name>.text:_nop</name>
         <load_address>0x1c5a</load_address>
         <run_address>0x1c5a</run_address>
         <size>0x2</size>
         <input_file_ref idref="fl-cd"/>
      </object_component>
      <object_component id="oc-245">
         <name>.text:Init_2G_BG96</name>
         <load_address>0x1c5c</load_address>
         <run_address>0x1c5c</run_address>
         <size>0x14f</size>
         <input_file_ref idref="fl-2"/>
      </object_component>
      <object_component id="oc-2c6">
         <name>.text:_pconv_e</name>
         <load_address>0x1dac</load_address>
         <run_address>0x1dac</run_address>
         <size>0x13c</size>
         <input_file_ref idref="fl-da"/>
      </object_component>
      <object_component id="oc-34a">
         <name>.text:ReceiveCheckEMB</name>
         <load_address>0x1ee8</load_address>
         <run_address>0x1ee8</run_address>
         <size>0x138</size>
         <input_file_ref idref="fl-2"/>
      </object_component>
      <object_component id="oc-3d8">
         <name>.text</name>
         <load_address>0x2020</load_address>
         <run_address>0x2020</run_address>
         <size>0x136</size>
         <input_file_ref idref="fl-f3"/>
      </object_component>
      <object_component id="oc-496">
         <name>.text</name>
         <load_address>0x2156</load_address>
         <run_address>0x2156</run_address>
         <size>0x2</size>
         <input_file_ref idref="fl-fd"/>
      </object_component>
      <object_component id="oc-375">
         <name>.text:EMB_Set_AppSKey</name>
         <load_address>0x2158</load_address>
         <run_address>0x2158</run_address>
         <size>0x134</size>
         <input_file_ref idref="fl-2"/>
      </object_component>
      <object_component id="oc-36f">
         <name>.text:EMB_Set_NwkSKey</name>
         <load_address>0x228c</load_address>
         <run_address>0x228c</run_address>
         <size>0x134</size>
         <input_file_ref idref="fl-2"/>
      </object_component>
      <object_component id="oc-257">
         <name>.text:Init_NB_IOT</name>
         <load_address>0x23c0</load_address>
         <run_address>0x23c0</run_address>
         <size>0x125</size>
         <input_file_ref idref="fl-2"/>
      </object_component>
      <object_component id="oc-369">
         <name>.text:EMB_Physical_Address_set</name>
         <load_address>0x24e8</load_address>
         <run_address>0x24e8</run_address>
         <size>0x124</size>
         <input_file_ref idref="fl-2"/>
      </object_component>
      <object_component id="oc-404">
         <name>.text:fcvt</name>
         <load_address>0x260c</load_address>
         <run_address>0x260c</run_address>
         <size>0x120</size>
         <input_file_ref idref="fl-da"/>
      </object_component>
      <object_component id="oc-12d">
         <name>.text:Init_Buttons</name>
         <load_address>0x272c</load_address>
         <run_address>0x272c</run_address>
         <size>0x114</size>
         <input_file_ref idref="fl-2"/>
      </object_component>
      <object_component id="oc-1ec">
         <name>.text:fputs</name>
         <load_address>0x2840</load_address>
         <run_address>0x2840</run_address>
         <size>0x114</size>
         <input_file_ref idref="fl-cf"/>
      </object_component>
      <object_component id="oc-397">
         <name>.text:PowerupCheckBG96</name>
         <load_address>0x2954</load_address>
         <run_address>0x2954</run_address>
         <size>0x110</size>
         <input_file_ref idref="fl-2"/>
      </object_component>
      <object_component id="oc-331">
         <name>.text:PowerupCheckEG91</name>
         <load_address>0x2a64</load_address>
         <run_address>0x2a64</run_address>
         <size>0x110</size>
         <input_file_ref idref="fl-2"/>
      </object_component>
      <object_component id="oc-418">
         <name>.text:scalbn</name>
         <load_address>0x2b74</load_address>
         <run_address>0x2b74</run_address>
         <size>0x110</size>
         <input_file_ref idref="fl-ee"/>
      </object_component>
      <object_component id="oc-3d3">
         <name>.text</name>
         <load_address>0x2c84</load_address>
         <run_address>0x2c84</run_address>
         <size>0xfc</size>
         <input_file_ref idref="fl-f4"/>
      </object_component>
      <object_component id="oc-91">
         <name>.text:ADC14_IRQHandler</name>
         <load_address>0x2d80</load_address>
         <run_address>0x2d80</run_address>
         <size>0xf8</size>
         <input_file_ref idref="fl-2"/>
      </object_component>
      <object_component id="oc-eb">
         <name>.text:Current_handler</name>
         <load_address>0x2e78</load_address>
         <run_address>0x2e78</run_address>
         <size>0xdc</size>
         <input_file_ref idref="fl-2"/>
      </object_component>
      <object_component id="oc-44a">
         <name>.text:setvbuf</name>
         <load_address>0x2f54</load_address>
         <run_address>0x2f54</run_address>
         <size>0xdc</size>
         <input_file_ref idref="fl-e3"/>
      </object_component>
      <object_component id="oc-4d3">
         <name>.text:free</name>
         <load_address>0x3030</load_address>
         <run_address>0x3030</run_address>
         <size>0xd8</size>
         <input_file_ref idref="fl-f9"/>
      </object_component>
      <object_component id="oc-2af">
         <name>.text:_ltostr</name>
         <load_address>0x3108</load_address>
         <run_address>0x3108</run_address>
         <size>0xb1</size>
         <input_file_ref idref="fl-da"/>
      </object_component>
      <object_component id="oc-37">
         <name>.text</name>
         <load_address>0x31ba</load_address>
         <run_address>0x31ba</run_address>
         <size>0x9c</size>
         <input_file_ref idref="fl-d4"/>
      </object_component>
      <object_component id="oc-3cc">
         <name>.text</name>
         <load_address>0x3256</load_address>
         <run_address>0x3256</run_address>
         <size>0x96</size>
         <input_file_ref idref="fl-f7"/>
      </object_component>
      <object_component id="oc-227">
         <name>.text:InitLoRaWAN</name>
         <load_address>0x32ec</load_address>
         <run_address>0x32ec</run_address>
         <size>0x90</size>
         <input_file_ref idref="fl-2"/>
      </object_component>
      <object_component id="oc-2b5">
         <name>.text:__aeabi_cdcmple</name>
         <load_address>0x337c</load_address>
         <run_address>0x337c</run_address>
         <size>0x86</size>
         <input_file_ref idref="fl-f2"/>
      </object_component>
      <object_component id="oc-3dd">
         <name>.text:__aeabi_cdrcmple</name>
         <load_address>0x3402</load_address>
         <run_address>0x3402</run_address>
         <size>0x86</size>
         <input_file_ref idref="fl-f2"/>
      </object_component>
      <object_component id="oc-318">
         <name>.text:Init_ADC</name>
         <load_address>0x3488</load_address>
         <run_address>0x3488</run_address>
         <size>0x84</size>
         <input_file_ref idref="fl-2"/>
      </object_component>
      <object_component id="oc-35d">
         <name>.text:EMB_Network_Adres</name>
         <load_address>0x350c</load_address>
         <run_address>0x350c</run_address>
         <size>0x7c</size>
         <input_file_ref idref="fl-2"/>
      </object_component>
      <object_component id="oc-363">
         <name>.text:EMB_Network_ID</name>
         <load_address>0x3588</load_address>
         <run_address>0x3588</run_address>
         <size>0x7c</size>
         <input_file_ref idref="fl-2"/>
      </object_component>
      <object_component id="oc-b5">
         <name>.text</name>
         <load_address>0x3604</load_address>
         <run_address>0x3604</run_address>
         <size>0x7a</size>
         <input_file_ref idref="fl-d5"/>
      </object_component>
      <object_component id="oc-20f">
         <name>.text:Connect_4G</name>
         <load_address>0x3680</load_address>
         <run_address>0x3680</run_address>
         <size>0x78</size>
         <input_file_ref idref="fl-2"/>
      </object_component>
      <object_component id="oc-d3">
         <name>.text:SystemInit</name>
         <load_address>0x36f8</load_address>
         <run_address>0x36f8</run_address>
         <size>0x78</size>
         <input_file_ref idref="fl-3"/>
      </object_component>
      <object_component id="oc-4d9">
         <name>.text:malloc</name>
         <load_address>0x3770</load_address>
         <run_address>0x3770</run_address>
         <size>0x78</size>
         <input_file_ref idref="fl-f9"/>
      </object_component>
      <object_component id="oc-539">
         <name>.text:__TI_closefile</name>
         <load_address>0x37e8</load_address>
         <run_address>0x37e8</run_address>
         <size>0x74</size>
         <input_file_ref idref="fl-fe"/>
      </object_component>
      <object_component id="oc-3fd">
         <name>.text:_mcpy</name>
         <load_address>0x385c</load_address>
         <run_address>0x385c</run_address>
         <size>0x6e</size>
         <input_file_ref idref="fl-da"/>
      </object_component>
      <object_component id="oc-55d">
         <name>.text:HOSTlseek</name>
         <load_address>0x38cc</load_address>
         <run_address>0x38cc</run_address>
         <size>0x68</size>
         <input_file_ref idref="fl-e6"/>
      </object_component>
      <object_component id="oc-569">
         <name>.text:HOSTrename</name>
         <load_address>0x3934</load_address>
         <run_address>0x3934</run_address>
         <size>0x68</size>
         <input_file_ref idref="fl-e9"/>
      </object_component>
      <object_component id="oc-14">
         <name>.text:decompress:lzss:__TI_decompress_lzss</name>
         <load_address>0x399c</load_address>
         <run_address>0x399c</run_address>
         <size>0x68</size>
         <input_file_ref idref="fl-ca"/>
      </object_component>
      <object_component id="oc-23f">
         <name>.text:BG96_Startup</name>
         <load_address>0x3a04</load_address>
         <run_address>0x3a04</run_address>
         <size>0x64</size>
         <input_file_ref idref="fl-2"/>
      </object_component>
      <object_component id="oc-24b">
         <name>.text:Connect_2G_BG96</name>
         <load_address>0x3a68</load_address>
         <run_address>0x3a68</run_address>
         <size>0x64</size>
         <input_file_ref idref="fl-2"/>
      </object_component>
      <object_component id="oc-221">
         <name>.text:EMB_Startup</name>
         <load_address>0x3acc</load_address>
         <run_address>0x3acc</run_address>
         <size>0x64</size>
         <input_file_ref idref="fl-2"/>
      </object_component>
      <object_component id="oc-412">
         <name>.text:frexp</name>
         <load_address>0x3b30</load_address>
         <run_address>0x3b30</run_address>
         <size>0x64</size>
         <input_file_ref idref="fl-ed"/>
      </object_component>
      <object_component id="oc-444">
         <name>.text:fseek</name>
         <load_address>0x3b94</load_address>
         <run_address>0x3b94</run_address>
         <size>0x64</size>
         <input_file_ref idref="fl-df"/>
      </object_component>
      <object_component id="oc-2f4">
         <name>.text:__TI_wrt_ok</name>
         <load_address>0x3bf8</load_address>
         <run_address>0x3bf8</run_address>
         <size>0x62</size>
         <input_file_ref idref="fl-d9"/>
      </object_component>
      <object_component id="oc-545">
         <name>.text:HOSTopen</name>
         <load_address>0x3c5c</load_address>
         <run_address>0x3c5c</run_address>
         <size>0x60</size>
         <input_file_ref idref="fl-e7"/>
      </object_component>
      <object_component id="oc-38b">
         <name>.text:UART_A0_Init</name>
         <load_address>0x3cbc</load_address>
         <run_address>0x3cbc</run_address>
         <size>0x5c</size>
         <input_file_ref idref="fl-2"/>
      </object_component>
      <object_component id="oc-33e">
         <name>.text:UART_A1_Init</name>
         <load_address>0x3d18</load_address>
         <run_address>0x3d18</run_address>
         <size>0x5c</size>
         <input_file_ref idref="fl-2"/>
      </object_component>
      <object_component id="oc-31f">
         <name>.text:UART_A3_Init</name>
         <load_address>0x3d74</load_address>
         <run_address>0x3d74</run_address>
         <size>0x5c</size>
         <input_file_ref idref="fl-2"/>
      </object_component>
      <object_component id="oc-578">
         <name>.text:close</name>
         <load_address>0x3dd0</load_address>
         <run_address>0x3dd0</run_address>
         <size>0x5c</size>
         <input_file_ref idref="fl-104"/>
      </object_component>
      <object_component id="oc-551">
         <name>.text:HOSTread</name>
         <load_address>0x3e2c</load_address>
         <run_address>0x3e2c</run_address>
         <size>0x58</size>
         <input_file_ref idref="fl-e8"/>
      </object_component>
      <object_component id="oc-557">
         <name>.text:HOSTwrite</name>
         <load_address>0x3e84</load_address>
         <run_address>0x3e84</run_address>
         <size>0x58</size>
         <input_file_ref idref="fl-eb"/>
      </object_component>
      <object_component id="oc-2c0">
         <name>.text:_pconv_f</name>
         <load_address>0x3edc</load_address>
         <run_address>0x3edc</run_address>
         <size>0x56</size>
         <input_file_ref idref="fl-da"/>
      </object_component>
      <object_component id="oc-1fd">
         <name>.text:EG91_Startup</name>
         <load_address>0x3f34</load_address>
         <run_address>0x3f34</run_address>
         <size>0x54</size>
         <input_file_ref idref="fl-2"/>
      </object_component>
      <object_component id="oc-357">
         <name>.text:EMB_Network_Pref</name>
         <load_address>0x3f88</load_address>
         <run_address>0x3f88</run_address>
         <size>0x54</size>
         <input_file_ref idref="fl-2"/>
      </object_component>
      <object_component id="oc-79">
         <name>.text:EUSCIA0_IRQHandler</name>
         <load_address>0x3fdc</load_address>
         <run_address>0x3fdc</run_address>
         <size>0x54</size>
         <input_file_ref idref="fl-2"/>
      </object_component>
      <object_component id="oc-7f">
         <name>.text:EUSCIA1_IRQHandler</name>
         <load_address>0x4030</load_address>
         <run_address>0x4030</run_address>
         <size>0x54</size>
         <input_file_ref idref="fl-2"/>
      </object_component>
      <object_component id="oc-85">
         <name>.text:EUSCIA2_IRQHandler</name>
         <load_address>0x4084</load_address>
         <run_address>0x4084</run_address>
         <size>0x54</size>
         <input_file_ref idref="fl-2"/>
      </object_component>
      <object_component id="oc-8b">
         <name>.text:EUSCIA3_IRQHandler</name>
         <load_address>0x40d8</load_address>
         <run_address>0x40d8</run_address>
         <size>0x54</size>
         <input_file_ref idref="fl-2"/>
      </object_component>
      <object_component id="oc-3e7">
         <name>.text:ltoa</name>
         <load_address>0x412c</load_address>
         <run_address>0x412c</run_address>
         <size>0x54</size>
         <input_file_ref idref="fl-e1"/>
      </object_component>
      <object_component id="oc-3f7">
         <name>.text:_ecpy</name>
         <load_address>0x4180</load_address>
         <run_address>0x4180</run_address>
         <size>0x52</size>
         <input_file_ref idref="fl-da"/>
      </object_component>
      <object_component id="oc-300">
         <name>.text:__TI_doflush</name>
         <load_address>0x41d2</load_address>
         <run_address>0x41d2</run_address>
         <size>0x4c</size>
         <input_file_ref idref="fl-de"/>
      </object_component>
      <object_component id="oc-2a9">
         <name>.text:atoi</name>
         <load_address>0x4220</load_address>
         <run_address>0x4220</run_address>
         <size>0x4c</size>
         <input_file_ref idref="fl-db"/>
      </object_component>
      <object_component id="oc-15e">
         <name>.text:exit</name>
         <load_address>0x426c</load_address>
         <run_address>0x426c</run_address>
         <size>0x48</size>
         <input_file_ref idref="fl-cc"/>
      </object_component>
      <object_component id="oc-3e2">
         <name>.text</name>
         <load_address>0x42b4</load_address>
         <run_address>0x42b4</run_address>
         <size>0x48</size>
         <input_file_ref idref="fl-f5"/>
      </object_component>
      <object_component id="oc-37c">
         <name>.text:EMB_Network_Start</name>
         <load_address>0x42fc</load_address>
         <run_address>0x42fc</run_address>
         <size>0x44</size>
         <input_file_ref idref="fl-2"/>
      </object_component>
      <object_component id="oc-351">
         <name>.text:EMB_Network_Stop</name>
         <load_address>0x4340</load_address>
         <run_address>0x4340</run_address>
         <size>0x44</size>
         <input_file_ref idref="fl-2"/>
      </object_component>
      <object_component id="oc-344">
         <name>.text:EMB_Reset</name>
         <load_address>0x4384</load_address>
         <run_address>0x4384</run_address>
         <size>0x44</size>
         <input_file_ref idref="fl-2"/>
      </object_component>
      <object_component id="oc-54b">
         <name>.text:HOSTclose</name>
         <load_address>0x43c8</load_address>
         <run_address>0x43c8</run_address>
         <size>0x44</size>
         <input_file_ref idref="fl-e5"/>
      </object_component>
      <object_component id="oc-563">
         <name>.text:HOSTunlink</name>
         <load_address>0x440c</load_address>
         <run_address>0x440c</run_address>
         <size>0x44</size>
         <input_file_ref idref="fl-ea"/>
      </object_component>
      <object_component id="oc-164">
         <name>.text:__TI_auto_init_nobinit_nopinit:__TI_auto_init_nobinit_nopinit</name>
         <load_address>0x4450</load_address>
         <run_address>0x4450</run_address>
         <size>0x44</size>
         <input_file_ref idref="fl-d6"/>
      </object_component>
      <object_component id="oc-5ad">
         <name>.text:getdevice</name>
         <load_address>0x4494</load_address>
         <run_address>0x4494</run_address>
         <size>0x44</size>
         <input_file_ref idref="fl-ff"/>
      </object_component>
      <object_component id="oc-239">
         <name>.text:Init_ADC_BG96</name>
         <load_address>0x44d8</load_address>
         <run_address>0x44d8</run_address>
         <size>0x40</size>
         <input_file_ref idref="fl-2"/>
      </object_component>
      <object_component id="oc-1f7">
         <name>.text:Init_ADC_EG91</name>
         <load_address>0x4518</load_address>
         <run_address>0x4518</run_address>
         <size>0x40</size>
         <input_file_ref idref="fl-2"/>
      </object_component>
      <object_component id="oc-21b">
         <name>.text:Init_ADC_EMB</name>
         <load_address>0x4558</load_address>
         <run_address>0x4558</run_address>
         <size>0x40</size>
         <input_file_ref idref="fl-2"/>
      </object_component>
      <object_component id="oc-133">
         <name>.text:sprintf</name>
         <load_address>0x4598</load_address>
         <run_address>0x4598</run_address>
         <size>0x40</size>
         <input_file_ref idref="fl-d1"/>
      </object_component>
      <object_component id="oc-391">
         <name>.text:uart_puts_BG96</name>
         <load_address>0x45d8</load_address>
         <run_address>0x45d8</run_address>
         <size>0x40</size>
         <input_file_ref idref="fl-2"/>
      </object_component>
      <object_component id="oc-325">
         <name>.text:uart_puts_EG91</name>
         <load_address>0x4618</load_address>
         <run_address>0x4618</run_address>
         <size>0x40</size>
         <input_file_ref idref="fl-2"/>
      </object_component>
      <object_component id="oc-40a">
         <name>.text:_fcpy</name>
         <load_address>0x4658</load_address>
         <run_address>0x4658</run_address>
         <size>0x3e</size>
         <input_file_ref idref="fl-da"/>
      </object_component>
      <object_component id="oc-52e">
         <name>.text:minsert</name>
         <load_address>0x4698</load_address>
         <run_address>0x4698</run_address>
         <size>0x3c</size>
         <input_file_ref idref="fl-f9"/>
      </object_component>
      <object_component id="oc-589">
         <name>.text:__TI_writemsg</name>
         <load_address>0x46d4</load_address>
         <run_address>0x46d4</run_address>
         <size>0x38</size>
         <input_file_ref idref="fl-ec"/>
      </object_component>
      <object_component id="oc-55">
         <name>.text:_c_int00_noargs:_c_int00_noargs</name>
         <load_address>0x470c</load_address>
         <run_address>0x470c</run_address>
         <size>0x38</size>
         <input_file_ref idref="fl-cb"/>
      </object_component>
      <object_component id="oc-522">
         <name>.text:minit</name>
         <load_address>0x4744</load_address>
         <run_address>0x4744</run_address>
         <size>0x38</size>
         <input_file_ref idref="fl-f9"/>
      </object_component>
      <object_component id="oc-5cf">
         <name>.text:strncpy</name>
         <load_address>0x477c</load_address>
         <run_address>0x477c</run_address>
         <size>0x36</size>
         <input_file_ref idref="fl-102"/>
      </object_component>
      <object_component id="oc-25d">
         <name>.text:Connect_NB_IOT</name>
         <load_address>0x47b4</load_address>
         <run_address>0x47b4</run_address>
         <size>0x34</size>
         <input_file_ref idref="fl-2"/>
      </object_component>
      <object_component id="oc-4df">
         <name>.text:__TI_cleanup</name>
         <load_address>0x47e8</load_address>
         <run_address>0x47e8</run_address>
         <size>0x34</size>
         <input_file_ref idref="fl-fa"/>
      </object_component>
      <object_component id="oc-58f">
         <name>.text:__TI_readmsg</name>
         <load_address>0x481c</load_address>
         <run_address>0x481c</run_address>
         <size>0x34</size>
         <input_file_ref idref="fl-ec"/>
      </object_component>
      <object_component id="oc-5d5">
         <name>.text:finddevice</name>
         <load_address>0x4850</load_address>
         <run_address>0x4850</run_address>
         <size>0x30</size>
         <input_file_ref idref="fl-ff"/>
      </object_component>
      <object_component id="oc-3ed">
         <name>.text</name>
         <load_address>0x4880</load_address>
         <run_address>0x4880</run_address>
         <size>0x2e</size>
         <input_file_ref idref="fl-f6"/>
      </object_component>
      <object_component id="oc-203">
         <name>.text:Systick_delay</name>
         <load_address>0x48b0</load_address>
         <run_address>0x48b0</run_address>
         <size>0x2c</size>
         <input_file_ref idref="fl-2"/>
      </object_component>
      <object_component id="oc-57e">
         <name>.text:unlink</name>
         <load_address>0x48dc</load_address>
         <run_address>0x48dc</run_address>
         <size>0x2c</size>
         <input_file_ref idref="fl-103"/>
      </object_component>
      <object_component id="oc-215">
         <name>.text:Transmit_4G</name>
         <load_address>0x4908</load_address>
         <run_address>0x4908</run_address>
         <size>0x2b</size>
         <input_file_ref idref="fl-2"/>
      </object_component>
      <object_component id="oc-4cb">
         <name>.text:lseek</name>
         <load_address>0x4934</load_address>
         <run_address>0x4934</run_address>
         <size>0x28</size>
         <input_file_ref idref="fl-e0"/>
      </object_component>
      <object_component id="oc-528">
         <name>.text:mremove</name>
         <load_address>0x495c</load_address>
         <run_address>0x495c</run_address>
         <size>0x28</size>
         <input_file_ref idref="fl-f9"/>
      </object_component>
      <object_component id="oc-306">
         <name>.text:write</name>
         <load_address>0x4984</load_address>
         <run_address>0x4984</run_address>
         <size>0x28</size>
         <input_file_ref idref="fl-d3"/>
      </object_component>
      <object_component id="oc-11b">
         <name>.text:CS_setDCOCenteredFrequency</name>
         <load_address>0x49ac</load_address>
         <run_address>0x49ac</run_address>
         <size>0x24</size>
         <input_file_ref idref="fl-f"/>
      </object_component>
      <object_component id="oc-121">
         <name>.text:Interrupt_setPriority</name>
         <load_address>0x49d0</load_address>
         <run_address>0x49d0</run_address>
         <size>0x24</size>
         <input_file_ref idref="fl-10"/>
      </object_component>
      <object_component id="oc-209">
         <name>.text:Init_4G</name>
         <load_address>0x49f4</load_address>
         <run_address>0x49f4</run_address>
         <size>0x23</size>
         <input_file_ref idref="fl-2"/>
      </object_component>
      <object_component id="oc-2fa">
         <name>.text:memchr</name>
         <load_address>0x4a18</load_address>
         <run_address>0x4a18</run_address>
         <size>0x20</size>
         <input_file_ref idref="fl-d0"/>
      </object_component>
      <object_component id="oc-139">
         <name>.text:puts</name>
         <load_address>0x4a38</load_address>
         <run_address>0x4a38</run_address>
         <size>0x20</size>
         <input_file_ref idref="fl-cf"/>
      </object_component>
      <object_component id="oc-2d2">
         <name>.text:memccpy</name>
         <load_address>0x4a58</load_address>
         <run_address>0x4a58</run_address>
         <size>0x1c</size>
         <input_file_ref idref="fl-e2"/>
      </object_component>
      <object_component id="oc-22d">
         <name>.text:ConnectLoRaWAN</name>
         <load_address>0x4a74</load_address>
         <run_address>0x4a74</run_address>
         <size>0x18</size>
         <input_file_ref idref="fl-2"/>
      </object_component>
      <object_component id="oc-127">
         <name>.text:MCU_led</name>
         <load_address>0x4a8c</load_address>
         <run_address>0x4a8c</run_address>
         <size>0x18</size>
         <input_file_ref idref="fl-2"/>
      </object_component>
      <object_component id="oc-233">
         <name>.text:TransmitLoRaWAN</name>
         <load_address>0x4aa4</load_address>
         <run_address>0x4aa4</run_address>
         <size>0x18</size>
         <input_file_ref idref="fl-2"/>
      </object_component>
      <object_component id="oc-1d9">
         <name>.text:_outs</name>
         <load_address>0x4abc</load_address>
         <run_address>0x4abc</run_address>
         <size>0x18</size>
         <input_file_ref idref="fl-d1"/>
      </object_component>
      <object_component id="oc-5ec">
         <name>.text:strcmp</name>
         <load_address>0x4ad4</load_address>
         <run_address>0x4ad4</run_address>
         <size>0x18</size>
         <input_file_ref idref="fl-101"/>
      </object_component>
      <object_component id="oc-41e">
         <name>.text:strchr</name>
         <load_address>0x4aec</load_address>
         <run_address>0x4aec</run_address>
         <size>0x16</size>
         <input_file_ref idref="fl-e4"/>
      </object_component>
      <object_component id="oc-4af">
         <name>.text:copysign</name>
         <load_address>0x4b02</load_address>
         <run_address>0x4b02</run_address>
         <size>0x14</size>
         <input_file_ref idref="fl-ef"/>
      </object_component>
      <object_component id="oc-5a3">
         <name>.text:strcpy</name>
         <load_address>0x4b16</load_address>
         <run_address>0x4b16</run_address>
         <size>0x14</size>
         <input_file_ref idref="fl-fc"/>
      </object_component>
      <object_component id="oc-2a3">
         <name>.text:strlen</name>
         <load_address>0x4b2a</load_address>
         <run_address>0x4b2a</run_address>
         <size>0x14</size>
         <input_file_ref idref="fl-d2"/>
      </object_component>
      <object_component id="oc-2d8">
         <name>.text:wcslen</name>
         <load_address>0x4b3e</load_address>
         <run_address>0x4b3e</run_address>
         <size>0x12</size>
         <input_file_ref idref="fl-f0"/>
      </object_component>
      <object_component id="oc-73">
         <name>.text:SysTick_Handler</name>
         <load_address>0x4b50</load_address>
         <run_address>0x4b50</run_address>
         <size>0x10</size>
         <input_file_ref idref="fl-2"/>
      </object_component>
      <object_component id="oc-1a">
         <name>.text:decompress:none:__TI_decompress_none</name>
         <load_address>0x4b60</load_address>
         <run_address>0x4b60</run_address>
         <size>0xe</size>
         <input_file_ref idref="fl-c9"/>
      </object_component>
      <object_component id="oc-67">
         <name>.text:Reset_Handler</name>
         <load_address>0x4b6e</load_address>
         <run_address>0x4b6e</run_address>
         <size>0xc</size>
         <input_file_ref idref="fl-4"/>
      </object_component>
      <object_component id="oc-49">
         <name>.text:decompress:ZI:__TI_zero_init</name>
         <load_address>0x4b7a</load_address>
         <run_address>0x4b7a</run_address>
         <size>0xc</size>
         <input_file_ref idref="fl-c8"/>
      </object_component>
      <object_component id="oc-1df">
         <name>.text:_outc</name>
         <load_address>0x4b86</load_address>
         <run_address>0x4b86</run_address>
         <size>0xa</size>
         <input_file_ref idref="fl-d1"/>
      </object_component>
      <object_component id="oc-2de">
         <name>.text:__aeabi_errno_addr</name>
         <load_address>0x4b90</load_address>
         <run_address>0x4b90</run_address>
         <size>0x8</size>
         <input_file_ref idref="fl-f8"/>
      </object_component>
      <object_component id="oc-bb">
         <name>.text:_system_pre_init</name>
         <load_address>0x4b98</load_address>
         <run_address>0x4b98</run_address>
         <size>0x4</size>
         <input_file_ref idref="fl-d7"/>
      </object_component>
      <object_component id="oc-158">
         <name>.text:abort:abort</name>
         <load_address>0x4b9c</load_address>
         <run_address>0x4b9c</run_address>
         <size>0x4</size>
         <input_file_ref idref="fl-cc"/>
      </object_component>
      <object_component id="oc-3c7">
         <name>.const:.string:_ctypes_</name>
         <load_address>0x4ba0</load_address>
         <run_address>0x4ba0</run_address>
         <size>0x101</size>
         <input_file_ref idref="fl-dc"/>
      </object_component>
      <object_component id="oc-1cc">
         <name>.const:g_pulRegs</name>
         <load_address>0x4ca4</load_address>
         <run_address>0x4ca4</run_address>
         <size>0x50</size>
         <input_file_ref idref="fl-10"/>
      </object_component>
      <object_component id="oc-47a">
         <name>.const:BG96_UART_Config</name>
         <load_address>0x4cf4</load_address>
         <run_address>0x4cf4</run_address>
         <size>0x24</size>
         <input_file_ref idref="fl-2"/>
      </object_component>
      <object_component id="oc-464">
         <name>.const:EG91_UART_Config</name>
         <load_address>0x4d18</load_address>
         <run_address>0x4d18</run_address>
         <size>0x24</size>
         <input_file_ref idref="fl-2"/>
      </object_component>
      <object_component id="oc-46b">
         <name>.const:EMB_UART_Config</name>
         <load_address>0x4d3c</load_address>
         <run_address>0x4d3c</run_address>
         <size>0x24</size>
         <input_file_ref idref="fl-2"/>
      </object_component>
      <object_component id="oc-45d">
         <name>.const:upModeConfig</name>
         <load_address>0x4d60</load_address>
         <run_address>0x4d60</run_address>
         <size>0x18</size>
         <input_file_ref idref="fl-2"/>
      </object_component>
      <object_component id="oc-460">
         <name>.const:compareConfig</name>
         <load_address>0x4d78</load_address>
         <run_address>0x4d78</run_address>
         <size>0x10</size>
         <input_file_ref idref="fl-2"/>
      </object_component>
      <object_component id="oc-62a">
         <name>.cinit..data.load</name>
         <load_address>0x4d88</load_address>
         <run_address>0x4d88</run_address>
         <size>0x74</size>
      </object_component>
      <object_component id="oc-628">
         <name>__TI_handler_table</name>
         <load_address>0x4dfc</load_address>
         <run_address>0x4dfc</run_address>
         <size>0xc</size>
      </object_component>
      <object_component id="oc-62b">
         <name>.cinit..bss.load</name>
         <load_address>0x4e08</load_address>
         <run_address>0x4e08</run_address>
         <size>0x8</size>
      </object_component>
      <object_component id="oc-629">
         <name>__TI_cinit_table</name>
         <load_address>0x4e10</load_address>
         <run_address>0x4e10</run_address>
         <size>0x10</size>
      </object_component>
      <object_component id="oc-5fd">
         <name>.binit</name>
         <load_address>0x0</load_address>
         <run_address>0x0</run_address>
         <size>0x0</size>
      </object_component>
      <object_component id="oc-db">
         <name>.data</name>
         <load_address>0x200020a0</load_address>
         <run_address>0x200020a0</run_address>
         <size>0x30</size>
         <input_file_ref idref="fl-2"/>
      </object_component>
      <object_component id="oc-26c">
         <name>.data:$O1$$</name>
         <load_address>0x200020e0</load_address>
         <run_address>0x200020e0</run_address>
         <size>0xc</size>
         <input_file_ref idref="fl-cc"/>
      </object_component>
      <object_component id="oc-26f">
         <name>.data:$O1$$</name>
         <load_address>0x200020f8</load_address>
         <run_address>0x200020f8</run_address>
         <size>0x8</size>
         <input_file_ref idref="fl-cd"/>
      </object_component>
      <object_component id="oc-4f2">
         <name>.data:_device</name>
         <load_address>0x20001fd8</load_address>
         <run_address>0x20001fd8</run_address>
         <size>0x78</size>
         <input_file_ref idref="fl-d3"/>
      </object_component>
      <object_component id="oc-456">
         <name>.data:_stream</name>
         <load_address>0x20002050</load_address>
         <run_address>0x20002050</run_address>
         <size>0x50</size>
         <input_file_ref idref="fl-d3"/>
      </object_component>
      <object_component id="oc-1f2">
         <name>.data:_ftable</name>
         <load_address>0x20001ee8</load_address>
         <run_address>0x20001ee8</run_address>
         <size>0xf0</size>
         <input_file_ref idref="fl-dd"/>
      </object_component>
      <object_component id="oc-53f">
         <name>.data</name>
         <load_address>0x200020d0</load_address>
         <run_address>0x200020d0</run_address>
         <size>0x10</size>
         <input_file_ref idref="fl-dd"/>
      </object_component>
      <object_component id="oc-42e">
         <name>.data</name>
         <load_address>0x20002100</load_address>
         <run_address>0x20002100</run_address>
         <size>0x4</size>
         <input_file_ref idref="fl-f8"/>
      </object_component>
      <object_component id="oc-534">
         <name>.data:$O1$$</name>
         <load_address>0x200020ec</load_address>
         <run_address>0x200020ec</run_address>
         <size>0xc</size>
         <input_file_ref idref="fl-f9"/>
      </object_component>
      <object_component id="oc-f1">
         <name>.bss:Readings</name>
         <uninitialized>true</uninitialized>
         <run_address>0x20001678</run_address>
         <size>0x34</size>
         <input_file_ref idref="fl-2"/>
      </object_component>
      <object_component id="oc-f4">
         <name>.bss:MovAvgs</name>
         <uninitialized>true</uninitialized>
         <run_address>0x20000fa0</run_address>
         <size>0x3e8</size>
         <input_file_ref idref="fl-2"/>
      </object_component>
      <object_component id="oc-1b9">
         <name>.bss:MovAvgIdle</name>
         <uninitialized>true</uninitialized>
         <run_address>0x200003e8</run_address>
         <size>0x3e8</size>
         <input_file_ref idref="fl-2"/>
      </object_component>
      <object_component id="oc-1bc">
         <name>.bss:MovAvgInitialising</name>
         <uninitialized>true</uninitialized>
         <run_address>0x200007d0</run_address>
         <size>0x3e8</size>
         <input_file_ref idref="fl-2"/>
      </object_component>
      <object_component id="oc-1bf">
         <name>.bss:MovAvgConnected</name>
         <uninitialized>true</uninitialized>
         <run_address>0x20000000</run_address>
         <size>0x3e8</size>
         <input_file_ref idref="fl-2"/>
      </object_component>
      <object_component id="oc-1c2">
         <name>.bss:MovAvgTransmission</name>
         <uninitialized>true</uninitialized>
         <run_address>0x20000bb8</run_address>
         <size>0x3e8</size>
         <input_file_ref idref="fl-2"/>
      </object_component>
      <object_component id="oc-5b7">
         <name>.bss:_CIOBUF_</name>
         <uninitialized>true</uninitialized>
         <run_address>0x20001388</run_address>
         <size>0x120</size>
         <input_file_ref idref="fl-ec"/>
      </object_component>
      <object_component id="oc-337">
         <name>.common:startup</name>
         <uninitialized>true</uninitialized>
         <run_address>0x200016e2</run_address>
         <size>0x1</size>
      </object_component>
      <object_component id="oc-df">
         <name>.common:RXBuffer</name>
         <uninitialized>true</uninitialized>
         <run_address>0x20001548</run_address>
         <size>0x98</size>
      </object_component>
      <object_component id="oc-269">
         <name>.common:j</name>
         <uninitialized>true</uninitialized>
         <run_address>0x200016e1</run_address>
         <size>0x1</size>
      </object_component>
      <object_component id="oc-145">
         <name>.common:Network</name>
         <uninitialized>true</uninitialized>
         <run_address>0x200016cc</run_address>
         <size>0x4</size>
      </object_component>
      <object_component id="oc-146">
         <name>.common:GNSS_BG96</name>
         <uninitialized>true</uninitialized>
         <run_address>0x200016e0</run_address>
         <size>0x1</size>
      </object_component>
      <object_component id="oc-147">
         <name>.common:SignalStrength</name>
         <uninitialized>true</uninitialized>
         <run_address>0x200016d8</run_address>
         <size>0x4</size>
      </object_component>
      <object_component id="oc-148">
         <name>.common:GPS_Lat</name>
         <uninitialized>true</uninitialized>
         <run_address>0x200016b8</run_address>
         <size>0x4</size>
      </object_component>
      <object_component id="oc-149">
         <name>.common:GPS_Lon</name>
         <uninitialized>true</uninitialized>
         <run_address>0x200016bc</run_address>
         <size>0x4</size>
      </object_component>
      <object_component id="oc-14a">
         <name>.common:MCC</name>
         <uninitialized>true</uninitialized>
         <run_address>0x200016c4</run_address>
         <size>0x4</size>
      </object_component>
      <object_component id="oc-14b">
         <name>.common:MNC</name>
         <uninitialized>true</uninitialized>
         <run_address>0x200016c8</run_address>
         <size>0x4</size>
      </object_component>
      <object_component id="oc-14c">
         <name>.common:LAC</name>
         <uninitialized>true</uninitialized>
         <run_address>0x200016c0</run_address>
         <size>0x4</size>
      </object_component>
      <object_component id="oc-14d">
         <name>.common:Cell</name>
         <uninitialized>true</uninitialized>
         <run_address>0x200016b4</run_address>
         <size>0x4</size>
      </object_component>
      <object_component id="oc-14e">
         <name>.common:Size</name>
         <uninitialized>true</uninitialized>
         <run_address>0x200016dc</run_address>
         <size>0x4</size>
      </object_component>
      <object_component id="oc-14f">
         <name>.common:Sequence</name>
         <uninitialized>true</uninitialized>
         <run_address>0x200016d4</run_address>
         <size>0x4</size>
      </object_component>
      <object_component id="oc-150">
         <name>.common:Samples</name>
         <uninitialized>true</uninitialized>
         <run_address>0x200016d0</run_address>
         <size>0x4</size>
      </object_component>
      <object_component id="oc-151">
         <name>.common:StringToSend</name>
         <uninitialized>true</uninitialized>
         <run_address>0x200015e0</run_address>
         <size>0x98</size>
      </object_component>
      <object_component id="oc-584">
         <name>.common:__TI_tmpnams</name>
         <uninitialized>true</uninitialized>
         <run_address>0x200014a8</run_address>
         <size>0xa0</size>
      </object_component>
      <object_component id="oc-595">
         <name>.common:parmbuf</name>
         <uninitialized>true</uninitialized>
         <run_address>0x200016ac</run_address>
         <size>0x8</size>
      </object_component>
      <object_component id="oc-29">
         <name>.sysmem</name>
         <uninitialized>true</uninitialized>
         <run_address>0x200016e8</run_address>
         <size>0x8</size>
         <input_file_ref idref="fl-f9"/>
      </object_component>
      <object_component id="oc-62d">
         <name>.sysmem</name>
         <uninitialized>true</uninitialized>
         <run_address>0x200016e8</run_address>
         <size>0x0</size>
      </object_component>
      <object_component id="oc-26">
         <name>.stack</name>
         <uninitialized>true</uninitialized>
         <run_address>0x2000fe00</run_address>
         <size>0x4</size>
         <input_file_ref idref="fl-cb"/>
      </object_component>
      <object_component id="oc-62c">
         <name>.stack</name>
         <uninitialized>true</uninitialized>
         <run_address>0x2000fe00</run_address>
         <size>0x0</size>
      </object_component>
      <object_component id="oc-e0">
         <name>.debug_info</name>
         <load_address>0x0</load_address>
         <run_address>0x0</run_address>
         <size>0xafa</size>
         <input_file_ref idref="fl-2"/>
      </object_component>
      <object_component id="oc-dc">
         <name>.debug_info</name>
         <load_address>0xafa</load_address>
         <run_address>0xafa</run_address>
         <size>0x3f7</size>
         <input_file_ref idref="fl-2"/>
      </object_component>
      <object_component id="oc-465">
         <name>.debug_info</name>
         <load_address>0xef1</load_address>
         <run_address>0xef1</run_address>
         <size>0xdf</size>
         <input_file_ref idref="fl-2"/>
      </object_component>
      <object_component id="oc-47b">
         <name>.debug_info</name>
         <load_address>0xfd0</load_address>
         <run_address>0xfd0</run_address>
         <size>0xdf</size>
         <input_file_ref idref="fl-2"/>
      </object_component>
      <object_component id="oc-46c">
         <name>.debug_info</name>
         <load_address>0x10af</load_address>
         <run_address>0x10af</run_address>
         <size>0xdd</size>
         <input_file_ref idref="fl-2"/>
      </object_component>
      <object_component id="oc-f2">
         <name>.debug_info</name>
         <load_address>0x118c</load_address>
         <run_address>0x118c</run_address>
         <size>0xce</size>
         <input_file_ref idref="fl-2"/>
      </object_component>
      <object_component id="oc-f5">
         <name>.debug_info</name>
         <load_address>0x125a</load_address>
         <run_address>0x125a</run_address>
         <size>0xcc</size>
         <input_file_ref idref="fl-2"/>
      </object_component>
      <object_component id="oc-1ba">
         <name>.debug_info</name>
         <load_address>0x1326</load_address>
         <run_address>0x1326</run_address>
         <size>0xd2</size>
         <input_file_ref idref="fl-2"/>
      </object_component>
      <object_component id="oc-1bd">
         <name>.debug_info</name>
         <load_address>0x13f8</load_address>
         <run_address>0x13f8</run_address>
         <size>0xe2</size>
         <input_file_ref idref="fl-2"/>
      </object_component>
      <object_component id="oc-1c0">
         <name>.debug_info</name>
         <load_address>0x14da</load_address>
         <run_address>0x14da</run_address>
         <size>0xdc</size>
         <input_file_ref idref="fl-2"/>
      </object_component>
      <object_component id="oc-1c3">
         <name>.debug_info</name>
         <load_address>0x15b6</load_address>
         <run_address>0x15b6</run_address>
         <size>0xe2</size>
         <input_file_ref idref="fl-2"/>
      </object_component>
      <object_component id="oc-45e">
         <name>.debug_info</name>
         <load_address>0x1698</load_address>
         <run_address>0x1698</run_address>
         <size>0xd7</size>
         <input_file_ref idref="fl-2"/>
      </object_component>
      <object_component id="oc-461">
         <name>.debug_info</name>
         <load_address>0x176f</load_address>
         <run_address>0x176f</run_address>
         <size>0xd9</size>
         <input_file_ref idref="fl-2"/>
      </object_component>
      <object_component id="oc-222">
         <name>.debug_info</name>
         <load_address>0x1848</load_address>
         <run_address>0x1848</run_address>
         <size>0x1c0</size>
         <input_file_ref idref="fl-2"/>
      </object_component>
      <object_component id="oc-345">
         <name>.debug_info</name>
         <load_address>0x1a08</load_address>
         <run_address>0x1a08</run_address>
         <size>0x177</size>
         <input_file_ref idref="fl-2"/>
      </object_component>
      <object_component id="oc-352">
         <name>.debug_info</name>
         <load_address>0x1b7f</load_address>
         <run_address>0x1b7f</run_address>
         <size>0x185</size>
         <input_file_ref idref="fl-2"/>
      </object_component>
      <object_component id="oc-358">
         <name>.debug_info</name>
         <load_address>0x1d04</load_address>
         <run_address>0x1d04</run_address>
         <size>0x18c</size>
         <input_file_ref idref="fl-2"/>
      </object_component>
      <object_component id="oc-35e">
         <name>.debug_info</name>
         <load_address>0x1e90</load_address>
         <run_address>0x1e90</run_address>
         <size>0x1a3</size>
         <input_file_ref idref="fl-2"/>
      </object_component>
      <object_component id="oc-364">
         <name>.debug_info</name>
         <load_address>0x2033</load_address>
         <run_address>0x2033</run_address>
         <size>0x19d</size>
         <input_file_ref idref="fl-2"/>
      </object_component>
      <object_component id="oc-37d">
         <name>.debug_info</name>
         <load_address>0x21d0</load_address>
         <run_address>0x21d0</run_address>
         <size>0x187</size>
         <input_file_ref idref="fl-2"/>
      </object_component>
      <object_component id="oc-384">
         <name>.debug_info</name>
         <load_address>0x2357</load_address>
         <run_address>0x2357</run_address>
         <size>0x27c</size>
         <input_file_ref idref="fl-2"/>
      </object_component>
      <object_component id="oc-36a">
         <name>.debug_info</name>
         <load_address>0x25d3</load_address>
         <run_address>0x25d3</run_address>
         <size>0x208</size>
         <input_file_ref idref="fl-2"/>
      </object_component>
      <object_component id="oc-376">
         <name>.debug_info</name>
         <load_address>0x27db</load_address>
         <run_address>0x27db</run_address>
         <size>0x1fd</size>
         <input_file_ref idref="fl-2"/>
      </object_component>
      <object_component id="oc-370">
         <name>.debug_info</name>
         <load_address>0x29d8</load_address>
         <run_address>0x29d8</run_address>
         <size>0x1fd</size>
         <input_file_ref idref="fl-2"/>
      </object_component>
      <object_component id="oc-228">
         <name>.debug_info</name>
         <load_address>0x2bd5</load_address>
         <run_address>0x2bd5</run_address>
         <size>0x33c</size>
         <input_file_ref idref="fl-2"/>
      </object_component>
      <object_component id="oc-22e">
         <name>.debug_info</name>
         <load_address>0x2f11</load_address>
         <run_address>0x2f11</run_address>
         <size>0x1ac</size>
         <input_file_ref idref="fl-2"/>
      </object_component>
      <object_component id="oc-234">
         <name>.debug_info</name>
         <load_address>0x30bd</load_address>
         <run_address>0x30bd</run_address>
         <size>0x1ae</size>
         <input_file_ref idref="fl-2"/>
      </object_component>
      <object_component id="oc-258">
         <name>.debug_info</name>
         <load_address>0x326b</load_address>
         <run_address>0x326b</run_address>
         <size>0x210</size>
         <input_file_ref idref="fl-2"/>
      </object_component>
      <object_component id="oc-25e">
         <name>.debug_info</name>
         <load_address>0x347b</load_address>
         <run_address>0x347b</run_address>
         <size>0x183</size>
         <input_file_ref idref="fl-2"/>
      </object_component>
      <object_component id="oc-264">
         <name>.debug_info</name>
         <load_address>0x35fe</load_address>
         <run_address>0x35fe</run_address>
         <size>0x15b</size>
         <input_file_ref idref="fl-2"/>
      </object_component>
      <object_component id="oc-246">
         <name>.debug_info</name>
         <load_address>0x3759</load_address>
         <run_address>0x3759</run_address>
         <size>0x33b</size>
         <input_file_ref idref="fl-2"/>
      </object_component>
      <object_component id="oc-24c">
         <name>.debug_info</name>
         <load_address>0x3a94</load_address>
         <run_address>0x3a94</run_address>
         <size>0x210</size>
         <input_file_ref idref="fl-2"/>
      </object_component>
      <object_component id="oc-252">
         <name>.debug_info</name>
         <load_address>0x3ca4</load_address>
         <run_address>0x3ca4</run_address>
         <size>0x333</size>
         <input_file_ref idref="fl-2"/>
      </object_component>
      <object_component id="oc-240">
         <name>.debug_info</name>
         <load_address>0x3fd7</load_address>
         <run_address>0x3fd7</run_address>
         <size>0x24f</size>
         <input_file_ref idref="fl-2"/>
      </object_component>
      <object_component id="oc-20a">
         <name>.debug_info</name>
         <load_address>0x4226</load_address>
         <run_address>0x4226</run_address>
         <size>0x18e</size>
         <input_file_ref idref="fl-2"/>
      </object_component>
      <object_component id="oc-210">
         <name>.debug_info</name>
         <load_address>0x43b4</load_address>
         <run_address>0x43b4</run_address>
         <size>0x235</size>
         <input_file_ref idref="fl-2"/>
      </object_component>
      <object_component id="oc-216">
         <name>.debug_info</name>
         <load_address>0x45e9</load_address>
         <run_address>0x45e9</run_address>
         <size>0x182</size>
         <input_file_ref idref="fl-2"/>
      </object_component>
      <object_component id="oc-1fe">
         <name>.debug_info</name>
         <load_address>0x476b</load_address>
         <run_address>0x476b</run_address>
         <size>0x227</size>
         <input_file_ref idref="fl-2"/>
      </object_component>
      <object_component id="oc-38c">
         <name>.debug_info</name>
         <load_address>0x4992</load_address>
         <run_address>0x4992</run_address>
         <size>0x180</size>
         <input_file_ref idref="fl-2"/>
      </object_component>
      <object_component id="oc-33f">
         <name>.debug_info</name>
         <load_address>0x4b12</load_address>
         <run_address>0x4b12</run_address>
         <size>0x180</size>
         <input_file_ref idref="fl-2"/>
      </object_component>
      <object_component id="oc-320">
         <name>.debug_info</name>
         <load_address>0x4c92</load_address>
         <run_address>0x4c92</run_address>
         <size>0x180</size>
         <input_file_ref idref="fl-2"/>
      </object_component>
      <object_component id="oc-392">
         <name>.debug_info</name>
         <load_address>0x4e12</load_address>
         <run_address>0x4e12</run_address>
         <size>0x199</size>
         <input_file_ref idref="fl-2"/>
      </object_component>
      <object_component id="oc-326">
         <name>.debug_info</name>
         <load_address>0x4fab</load_address>
         <run_address>0x4fab</run_address>
         <size>0x199</size>
         <input_file_ref idref="fl-2"/>
      </object_component>
      <object_component id="oc-398">
         <name>.debug_info</name>
         <load_address>0x5144</load_address>
         <run_address>0x5144</run_address>
         <size>0x211</size>
         <input_file_ref idref="fl-2"/>
      </object_component>
      <object_component id="oc-332">
         <name>.debug_info</name>
         <load_address>0x5355</load_address>
         <run_address>0x5355</run_address>
         <size>0x211</size>
         <input_file_ref idref="fl-2"/>
      </object_component>
      <object_component id="oc-32c">
         <name>.debug_info</name>
         <load_address>0x5566</load_address>
         <run_address>0x5566</run_address>
         <size>0x17d</size>
         <input_file_ref idref="fl-2"/>
      </object_component>
      <object_component id="oc-34b">
         <name>.debug_info</name>
         <load_address>0x56e3</load_address>
         <run_address>0x56e3</run_address>
         <size>0x176</size>
         <input_file_ref idref="fl-2"/>
      </object_component>
      <object_component id="oc-128">
         <name>.debug_info</name>
         <load_address>0x5859</load_address>
         <run_address>0x5859</run_address>
         <size>0x152</size>
         <input_file_ref idref="fl-2"/>
      </object_component>
      <object_component id="oc-12e">
         <name>.debug_info</name>
         <load_address>0x59ab</load_address>
         <run_address>0x59ab</run_address>
         <size>0x1da</size>
         <input_file_ref idref="fl-2"/>
      </object_component>
      <object_component id="oc-140">
         <name>.debug_info</name>
         <load_address>0x5b85</load_address>
         <run_address>0x5b85</run_address>
         <size>0x43f</size>
         <input_file_ref idref="fl-2"/>
      </object_component>
      <object_component id="oc-23a">
         <name>.debug_info</name>
         <load_address>0x5fc4</load_address>
         <run_address>0x5fc4</run_address>
         <size>0x181</size>
         <input_file_ref idref="fl-2"/>
      </object_component>
      <object_component id="oc-1f8">
         <name>.debug_info</name>
         <load_address>0x6145</load_address>
         <run_address>0x6145</run_address>
         <size>0x181</size>
         <input_file_ref idref="fl-2"/>
      </object_component>
      <object_component id="oc-21c">
         <name>.debug_info</name>
         <load_address>0x62c6</load_address>
         <run_address>0x62c6</run_address>
         <size>0x17f</size>
         <input_file_ref idref="fl-2"/>
      </object_component>
      <object_component id="oc-319">
         <name>.debug_info</name>
         <load_address>0x6445</load_address>
         <run_address>0x6445</run_address>
         <size>0x18b</size>
         <input_file_ref idref="fl-2"/>
      </object_component>
      <object_component id="oc-ec">
         <name>.debug_info</name>
         <load_address>0x65d0</load_address>
         <run_address>0x65d0</run_address>
         <size>0x161</size>
         <input_file_ref idref="fl-2"/>
      </object_component>
      <object_component id="oc-c2">
         <name>.debug_info</name>
         <load_address>0x6731</load_address>
         <run_address>0x6731</run_address>
         <size>0x2ff</size>
         <input_file_ref idref="fl-2"/>
      </object_component>
      <object_component id="oc-7a">
         <name>.debug_info</name>
         <load_address>0x6a30</load_address>
         <run_address>0x6a30</run_address>
         <size>0x138</size>
         <input_file_ref idref="fl-2"/>
      </object_component>
      <object_component id="oc-80">
         <name>.debug_info</name>
         <load_address>0x6b68</load_address>
         <run_address>0x6b68</run_address>
         <size>0x138</size>
         <input_file_ref idref="fl-2"/>
      </object_component>
      <object_component id="oc-86">
         <name>.debug_info</name>
         <load_address>0x6ca0</load_address>
         <run_address>0x6ca0</run_address>
         <size>0x138</size>
         <input_file_ref idref="fl-2"/>
      </object_component>
      <object_component id="oc-8c">
         <name>.debug_info</name>
         <load_address>0x6dd8</load_address>
         <run_address>0x6dd8</run_address>
         <size>0x138</size>
         <input_file_ref idref="fl-2"/>
      </object_component>
      <object_component id="oc-92">
         <name>.debug_info</name>
         <load_address>0x6f10</load_address>
         <run_address>0x6f10</run_address>
         <size>0x14a</size>
         <input_file_ref idref="fl-2"/>
      </object_component>
      <object_component id="oc-204">
         <name>.debug_info</name>
         <load_address>0x705a</load_address>
         <run_address>0x705a</run_address>
         <size>0x13a</size>
         <input_file_ref idref="fl-2"/>
      </object_component>
      <object_component id="oc-74">
         <name>.debug_info</name>
         <load_address>0x7194</load_address>
         <run_address>0x7194</run_address>
         <size>0x107</size>
         <input_file_ref idref="fl-2"/>
      </object_component>
      <object_component id="oc-fa">
         <name>.debug_info</name>
         <load_address>0x729b</load_address>
         <run_address>0x729b</run_address>
         <size>0x26b</size>
         <input_file_ref idref="fl-2"/>
      </object_component>
      <object_component id="oc-1a0">
         <name>.debug_info</name>
         <load_address>0x7506</load_address>
         <run_address>0x7506</run_address>
         <size>0x1055</size>
         <input_file_ref idref="fl-2"/>
      </object_component>
      <object_component id="oc-19b">
         <name>.debug_info</name>
         <load_address>0x855b</load_address>
         <run_address>0x855b</run_address>
         <size>0x37e2</size>
         <input_file_ref idref="fl-2"/>
      </object_component>
      <object_component id="oc-1a5">
         <name>.debug_info</name>
         <load_address>0xbd3d</load_address>
         <run_address>0xbd3d</run_address>
         <size>0x341</size>
         <input_file_ref idref="fl-2"/>
      </object_component>
[...]
      <symbol id="sm-503">
         <name>exit</name>
         <value>0x426d</value>
         <object_component_ref idref="oc-15e"/>
      </symbol>
      <symbol id="sm-518">
         <name>_nop</name>
         <value>0x1c5b</value>
         <object_component_ref idref="oc-3a6"/>
      </symbol>
      <symbol id="sm-519">
         <name>_lock</name>
         <value>0x200020f8</value>
         <object_component_ref idref="oc-26f"/>
      </symbol>
      <symbol id="sm-51a">
         <name>_unlock</name>
         <value>0x200020fc</value>
         <object_component_ref idref="oc-26f"/>
      </symbol>
      <symbol id="sm-54a">
         <name>puts</name>
         <value>0x4a39</value>
         <object_component_ref idref="oc-139"/>
      </symbol>
      <symbol id="sm-54b">
         <name>fputs</name>
         <value>0x2841</value>
         <object_component_ref idref="oc-1ec"/>
      </symbol>
      <symbol id="sm-55b">
         <name>memchr</name>
         <value>0x4a19</value>
         <object_component_ref idref="oc-2fa"/>
      </symbol>
      <symbol id="sm-582">
         <name>sprintf</name>
         <value>0x4599</value>
         <object_component_ref idref="oc-133"/>
      </symbol>
      <symbol id="sm-590">
         <name>strlen</name>
         <value>0x4b2b</value>
         <object_component_ref idref="oc-2a3"/>
      </symbol>
      <symbol id="sm-5b6">
         <name>_stream</name>
         <value>0x20002050</value>
         <object_component_ref idref="oc-456"/>
      </symbol>
      <symbol id="sm-5b7">
         <name>_device</name>
         <value>0x20001fd8</value>
         <object_component_ref idref="oc-4f2"/>
      </symbol>
      <symbol id="sm-5b8">
         <name>write</name>
         <value>0x4985</value>
         <object_component_ref idref="oc-306"/>
      </symbol>
      <symbol id="sm-5d3">
         <name>memcpy</name>
         <value>0x31bb</value>
         <object_component_ref idref="oc-37"/>
      </symbol>
      <symbol id="sm-5d4">
         <name>__aeabi_memcpy</name>
         <value>0x31bb</value>
         <object_component_ref idref="oc-37"/>
      </symbol>
      <symbol id="sm-5d5">
         <name>__aeabi_memcpy8</name>
         <value>0x31bb</value>
         <object_component_ref idref="oc-37"/>
      </symbol>
      <symbol id="sm-5d6">
         <name>__aeabi_memcpy4</name>
         <value>0x31bb</value>
         <object_component_ref idref="oc-37"/>
      </symbol>
      <symbol id="sm-5e5">
         <name>__aeabi_memset</name>
         <value>0x3607</value>
         <object_component_ref idref="oc-b5"/>
      </symbol>
      <symbol id="sm-5e6">
         <name>memset</name>
         <value>0x360d</value>
         <object_component_ref idref="oc-b5"/>
      </symbol>
      <symbol id="sm-5e7">
         <name>__aeabi_memset8</name>
         <value>0x3607</value>
         <object_component_ref idref="oc-b5"/>
      </symbol>
      <symbol id="sm-5e8">
         <name>__aeabi_memset4</name>
         <value>0x3607</value>
         <object_component_ref idref="oc-b5"/>
      </symbol>
      <symbol id="sm-5e9">
         <name>__aeabi_memclr8</name>
         <value>0x3605</value>
         <object_component_ref idref="oc-b5"/>
      </symbol>
      <symbol id="sm-5ea">
         <name>__aeabi_memclr4</name>
         <value>0x3605</value>
         <object_component_ref idref="oc-b5"/>
      </symbol>
      <symbol id="sm-5eb">
         <name>__aeabi_memclr</name>
         <value>0x3605</value>
         <object_component_ref idref="oc-b5"/>
      </symbol>
      <symbol id="sm-613">
         <name>__TI_auto_init_nobinit_nopinit</name>
         <value>0x4451</value>
         <object_component_ref idref="oc-164"/>
      </symbol>
      <symbol id="sm-61d">
         <name>_system_pre_init</name>
         <value>0x4b99</value>
         <object_component_ref idref="oc-bb"/>
      </symbol>
      <symbol id="sm-636">
         <name>__TI_wrt_ok</name>
         <value>0x3bf9</value>
         <object_component_ref idref="oc-2f4"/>
      </symbol>
      <symbol id="sm-79b">
         <name>__TI_printfi</name>
         <value>0xe5</value>
         <object_component_ref idref="oc-1d3"/>
      </symbol>
      <symbol id="sm-7b1">
         <name>atoi</name>
         <value>0x4221</value>
         <object_component_ref idref="oc-2a9"/>
      </symbol>
      <symbol id="sm-7bc">
         <name>_ctypes_</name>
         <value>0x4ba0</value>
         <object_component_ref idref="oc-3c7"/>
      </symbol>
      <symbol id="sm-7d1">
         <name>__TI_tmpnams</name>
         <value>0x200014a8</value>
      </symbol>
      <symbol id="sm-7d2">
         <name>__aeabi_stdout</name>
         <value>0x200020d8</value>
         <object_component_ref idref="oc-53f"/>
      </symbol>
      <symbol id="sm-7d3">
         <name>__aeabi_stderr</name>
         <value>0x200020dc</value>
         <object_component_ref idref="oc-53f"/>
      </symbol>
      <symbol id="sm-7d4">
         <name>__aeabi_stdin</name>
         <value>0x200020d4</value>
         <object_component_ref idref="oc-53f"/>
      </symbol>
      <symbol id="sm-7d5">
         <name>_ftable</name>
         <value>0x20001ee8</value>
         <object_component_ref idref="oc-1f2"/>
      </symbol>
      <symbol id="sm-7d6">
         <name>__TI_ft_end</name>
         <value>0x200020d0</value>
         <object_component_ref idref="oc-53f"/>
      </symbol>
      <symbol id="sm-7e6">
         <name>__TI_doflush</name>
         <value>0x41d3</value>
         <object_component_ref idref="oc-300"/>
      </symbol>
      <symbol id="sm-7f8">
         <name>fseek</name>
         <value>0x3b95</value>
         <object_component_ref idref="oc-444"/>
      </symbol>
      <symbol id="sm-808">
         <name>lseek</name>
         <value>0x4935</value>
         <object_component_ref idref="oc-4cb"/>
      </symbol>
      <symbol id="sm-817">
         <name>ltoa</name>
         <value>0x412d</value>
         <object_component_ref idref="oc-3e7"/>
      </symbol>
      <symbol id="sm-827">
         <name>memccpy</name>
         <value>0x4a59</value>
         <object_component_ref idref="oc-2d2"/>
      </symbol>
      <symbol id="sm-843">
         <name>setvbuf</name>
         <value>0x2f55</value>
         <object_component_ref idref="oc-44a"/>
      </symbol>
      <symbol id="sm-853">
         <name>strchr</name>
         <value>0x4aed</value>
         <object_component_ref idref="oc-41e"/>
      </symbol>
      <symbol id="sm-864">
         <name>HOSTclose</name>
         <value>0x43c9</value>
         <object_component_ref idref="oc-54b"/>
      </symbol>
      <symbol id="sm-875">
         <name>HOSTlseek</name>
         <value>0x38cd</value>
         <object_component_ref idref="oc-55d"/>
      </symbol>
      <symbol id="sm-887">
         <name>parmbuf</name>
         <value>0x200016ac</value>
      </symbol>
      <symbol id="sm-888">
         <name>HOSTopen</name>
         <value>0x3c5d</value>
         <object_component_ref idref="oc-545"/>
      </symbol>
      <symbol id="sm-899">
         <name>HOSTread</name>
         <value>0x3e2d</value>
         <object_component_ref idref="oc-551"/>
      </symbol>
      <symbol id="sm-8aa">
         <name>HOSTrename</name>
         <value>0x3935</value>
         <object_component_ref idref="oc-569"/>
      </symbol>
      <symbol id="sm-8bb">
         <name>HOSTunlink</name>
         <value>0x440d</value>
         <object_component_ref idref="oc-563"/>
      </symbol>
      <symbol id="sm-8cc">
         <name>HOSTwrite</name>
         <value>0x3e85</value>
         <object_component_ref idref="oc-557"/>
      </symbol>
      <symbol id="sm-8f0">
         <name>__TI_readmsg</name>
         <value>0x481d</value>
         <object_component_ref idref="oc-58f"/>
      </symbol>
      <symbol id="sm-8f1">
         <name>C$$IO$$</name>
         <value>0x4703</value>
         <object_component_ref idref="oc-589"/>
      </symbol>
      <symbol id="sm-8f2">
         <name>__CIOBUF_</name>
         <value>0x20001388</value>
         <object_component_ref idref="oc-5b7"/>
      </symbol>
      <symbol id="sm-8f3">
         <name>__TI_writemsg</name>
         <value>0x46d5</value>
         <object_component_ref idref="oc-589"/>
      </symbol>
      <symbol id="sm-913">
         <name>frexpl</name>
         <value>0x3b31</value>
         <object_component_ref idref="oc-412"/>
      </symbol>
      <symbol id="sm-914">
         <name>frexp</name>
         <value>0x3b31</value>
         <object_component_ref idref="oc-412"/>
      </symbol>
      <symbol id="sm-931">
         <name>scalbn</name>
         <value>0x2b75</value>
         <object_component_ref idref="oc-418"/>
      </symbol>
      <symbol id="sm-932">
         <name>scalbnl</name>
         <value>0x2b75</value>
         <object_component_ref idref="oc-418"/>
      </symbol>
      <symbol id="sm-933">
         <name>ldexpl</name>
         <value>0x2b75</value>
         <object_component_ref idref="oc-418"/>
      </symbol>
      <symbol id="sm-934">
         <name>ldexp</name>
         <value>0x2b75</value>
         <object_component_ref idref="oc-418"/>
      </symbol>
      <symbol id="sm-93e">
         <name>copysign</name>
         <value>0x4b03</value>
         <object_component_ref idref="oc-4af"/>
      </symbol>
      <symbol id="sm-93f">
         <name>copysignl</name>
         <value>0x4b03</value>
         <object_component_ref idref="oc-4af"/>
      </symbol>
      <symbol id="sm-958">
         <name>wcslen</name>
         <value>0x4b3f</value>
         <object_component_ref idref="oc-2d8"/>
      </symbol>
      <symbol id="sm-96f">
         <name>__aeabi_dsub</name>
         <value>0x1909</value>
         <object_component_ref idref="oc-3f2"/>
      </symbol>
      <symbol id="sm-970">
         <name>__aeabi_dadd</name>
         <value>0x1913</value>
         <object_component_ref idref="oc-3f2"/>
      </symbol>
      <symbol id="sm-992">
         <name>__aeabi_cdcmpeq</name>
         <value>0x337d</value>
         <object_component_ref idref="oc-2b5"/>
      </symbol>
      <symbol id="sm-993">
         <name>__aeabi_cdcmple</name>
         <value>0x337d</value>
         <object_component_ref idref="oc-2b5"/>
      </symbol>
      <symbol id="sm-994">
         <name>__aeabi_cdrcmple</name>
         <value>0x3403</value>
         <object_component_ref idref="oc-3dd"/>
      </symbol>
      <symbol id="sm-9a8">
         <name>__aeabi_ddiv</name>
         <value>0x2021</value>
         <object_component_ref idref="oc-3d8"/>
      </symbol>
      <symbol id="sm-9b3">
         <name>__aeabi_dmul</name>
         <value>0x2c85</value>
         <object_component_ref idref="oc-3d3"/>
      </symbol>
      <symbol id="sm-9bd">
         <name>__aeabi_d2iz</name>
         <value>0x42b5</value>
         <object_component_ref idref="oc-3e2"/>
      </symbol>
      <symbol id="sm-9c7">
         <name>__aeabi_i2d</name>
         <value>0x4881</value>
         <object_component_ref idref="oc-3ed"/>
      </symbol>
      <symbol id="sm-9d4">
         <name>__aeabi_uldivmod</name>
         <value>0x3257</value>
         <object_component_ref idref="oc-3cc"/>
      </symbol>
      <symbol id="sm-9ea">
         <name>__aeabi_errno_addr</name>
         <value>0x4b91</value>
         <object_component_ref idref="oc-2de"/>
      </symbol>
      <symbol id="sm-9eb">
         <name>errno</name>
         <value>0x20002100</value>
         <object_component_ref idref="oc-42e"/>
      </symbol>
      <symbol id="sm-a66">
         <name>_sys_memory</name>
         <value>0x200016e8</value>
         <object_component_ref idref="oc-29"/>
      </symbol>
      <symbol id="sm-a67">
         <name>free</name>
         <value>0x3031</value>
         <object_component_ref idref="oc-4d3"/>
      </symbol>
      <symbol id="sm-a68">
         <name>malloc</name>
         <value>0x3771</value>
         <object_component_ref idref="oc-4d9"/>
      </symbol>
      <symbol id="sm-a69">
         <name>minit</name>
         <value>0x4745</value>
         <object_component_ref idref="oc-522"/>
      </symbol>
      <symbol id="sm-a79">
         <name>__TI_cleanup</name>
         <value>0x47e9</value>
         <object_component_ref idref="oc-4df"/>
      </symbol>
      <symbol id="sm-a88">
         <name>strcpy</name>
         <value>0x4b17</value>
         <object_component_ref idref="oc-5a3"/>
      </symbol>
      <symbol id="sm-a92">
         <name>__aeabi_idiv0</name>
         <value>0x2157</value>
         <object_component_ref idref="oc-496"/>
      </symbol>
      <symbol id="sm-a93">
         <name>__aeabi_ldiv0</name>
         <value>0x2157</value>
         <object_component_ref idref="oc-496"/>
      </symbol>
      <symbol id="sm-aa8">
         <name>__TI_closefile</name>
         <value>0x37e9</value>
         <object_component_ref idref="oc-539"/>
      </symbol>
      <symbol id="sm-acb">
         <name>finddevice</name>
         <value>0x4851</value>
         <object_component_ref idref="oc-5d5"/>
      </symbol>
      <symbol id="sm-acc">
         <name>getdevice</name>
         <value>0x4495</value>
         <object_component_ref idref="oc-5ad"/>
      </symbol>
      <symbol id="sm-adc">
         <name>strcmp</name>
         <value>0x4ad5</value>
         <object_component_ref idref="oc-5ec"/>
      </symbol>
      <symbol id="sm-aec">
         <name>strncpy</name>
         <value>0x477d</value>
         <object_component_ref idref="oc-5cf"/>
      </symbol>
      <symbol id="sm-afc">
         <name>unlink</name>
         <value>0x48dd</value>
         <object_component_ref idref="oc-57e"/>
      </symbol>
      <symbol id="sm-b10">
         <name>close</name>
         <value>0x3dd1</value>
         <object_component_ref idref="oc-578"/>
      </symbol>
      <symbol id="sm-b11">
         <name>__TI_static_base__</name>
         <value>0x0</value>
      </symbol>
      <symbol id="sm-b14">
         <name>__mpu_init</name>
         <value>0x0</value>
      </symbol>
      <symbol id="sm-b15">
         <name>_system_post_cinit</name>
         <value>0x0</value>
      </symbol>
      <symbol id="sm-b16">
         <name>NMI_Handler</name>
         <value>0xb43</value>
      </symbol>
      <symbol id="sm-b17">
         <name>HardFault_Handler</name>
         <value>0xb43</value>
      </symbol>
      <symbol id="sm-b18">
         <name>MemManage_Handler</name>
         <value>0xb43</value>
      </symbol>
      <symbol id="sm-b19">
         <name>BusFault_Handler</name>
         <value>0xb43</value>
      </symbol>
      <symbol id="sm-b1a">
         <name>UsageFault_Handler</name>
         <value>0xb43</value>
      </symbol>
      <symbol id="sm-b1b">
         <name>SVC_Handler</name>
         <value>0xb43</value>
      </symbol>
      <symbol id="sm-b1c">
         <name>DebugMon_Handler</name>
         <value>0xb43</value>
      </symbol>
      <symbol id="sm-b1d">
         <name>PendSV_Handler</name>
         <value>0xb43</value>
      </symbol>
      <symbol id="sm-b1e">
         <name>SysTick_Handler</name>
         <value>0x4b51</value>
      </symbol>
      <symbol id="sm-b1f">
         <name>PSS_IRQHandler</name>
         <value>0xb43</value>
      </symbol>
      <symbol id="sm-b20">
         <name>CS_IRQHandler</name>
         <value>0xb43</value>
      </symbol>
      <symbol id="sm-b21">
         <name>PCM_IRQHandler</name>
         <value>0xb43</value>
      </symbol>
      <symbol id="sm-b22">
         <name>WDT_A_IRQHandler</name>
         <value>0xb43</value>
      </symbol>
      <symbol id="sm-b23">
         <name>FPU_IRQHandler</name>
         <value>0xb43</value>
      </symbol>
      <symbol id="sm-b24">
         <name>FLCTL_IRQHandler</name>
         <value>0xb43</value>
      </symbol>
      <symbol id="sm-b25">
         <name>COMP_E0_IRQHandler</name>
         <value>0xb43</value>
      </symbol>
      <symbol id="sm-b26">
         <name>COMP_E1_IRQHandler</name>
         <value>0xb43</value>
      </symbol>
      <symbol id="sm-b27">
         <name>TA0_0_IRQHandler</name>
         <value>0xb43</value>
      </symbol>
      <symbol id="sm-b28">
         <name>TA0_N_IRQHandler</name>
         <value>0xb43</value>
      </symbol>
      <symbol id="sm-b29">
         <name>TA1_0_IRQHandler</name>
         <value>0xb43</value>
      </symbol>
      <symbol id="sm-b2a">
         <name>TA1_N_IRQHandler</name>
         <value>0xb43</value>
      </symbol>
      <symbol id="sm-b2b">
         <name>TA2_0_IRQHandler</name>
         <value>0xb43</value>
      </symbol>
      <symbol id="sm-b2c">
         <name>TA2_N_IRQHandler</name>
         <value>0xb43</value>
      </symbol>
      <symbol id="sm-b2d">
         <name>TA3_0_IRQHandler</name>
         <value>0xb43</value>
      </symbol>
      <symbol id="sm-b2e">
         <name>TA3_N_IRQHandler</name>
         <value>0xb43</value>
      </symbol>
      <symbol id="sm-b2f">
         <name>EUSCIA0_IRQHandler</name>
         <value>0x3fdd</value>
      </symbol>
      <symbol id="sm-b30">
         <name>EUSCIA1_IRQHandler</name>
         <value>0x4031</value>
      </symbol>
      <symbol id="sm-b31">
         <name>EUSCIA2_IRQHandler</name>
         <value>0x4085</value>
      </symbol>
      <symbol id="sm-b32">
         <name>EUSCIA3_IRQHandler</name>
         <value>0x40d9</value>
      </symbol>
      <symbol id="sm-b33">
         <name>EUSCIB0_IRQHandler</name>
         <value>0xb43</value>
      </symbol>
      <symbol id="sm-b34">
         <name>EUSCIB1_IRQHandler</name>
         <value>0xb43</value>
      </symbol>
      <symbol id="sm-b35">
         <name>EUSCIB2_IRQHandler</name>
         <value>0xb43</value>
      </symbol>
      <symbol id="sm-b36">
         <name>EUSCIB3_IRQHandler</name>
         <value>0xb43</value>
      </symbol>
      <symbol id="sm-b37">
         <name>ADC14_IRQHandler</name>
         <value>0x2d81</value>
      </symbol>
      <symbol id="sm-b38">
         <name>T32_INT1_IRQHandler</name>
         <value>0xb43</value>
      </symbol>
      <symbol id="sm-b39">
         <name>T32_INT2_IRQHandler</name>
         <value>0xb43</value>
      </symbol>
      <symbol id="sm-b3a">
         <name>T32_INTC_IRQHandler</name>
         <value>0xb43</value>
      </symbol>
      <symbol id="sm-b3b">
         <name>AES256_IRQHandler</name>
         <value>0xb43</value>
      </symbol>
      <symbol id="sm-b3c">
         <name>RTC_C_IRQHandler</name>
         <value>0xb43</value>
      </symbol>
      <symbol id="sm-b3d">
         <name>DMA_ERR_IRQHandler</name>
         <value>0xb43</value>
      </symbol>
      <symbol id="sm-b3e">
         <name>DMA_INT3_IRQHandler</name>
         <value>0xb43</value>
      </symbol>
      <symbol id="sm-b3f">
         <name>DMA_INT2_IRQHandler</name>
         <value>0xb43</value>
      </symbol>
      <symbol id="sm-b40">
         <name>DMA_INT1_IRQHandler</name>
         <value>0xb43</value>
      </symbol>
      <symbol id="sm-b41">
         <name>DMA_INT0_IRQHandler</name>
         <value>0xb43</value>
      </symbol>
      <symbol id="sm-b42">
         <name>PORT1_IRQHandler</name>
         <value>0xb43</value>
      </symbol>
      <symbol id="sm-b43">
         <name>PORT2_IRQHandler</name>
         <value>0xb43</value>
      </symbol>
      <symbol id="sm-b44">
         <name>PORT3_IRQHandler</name>
         <value>0xb43</value>
      </symbol>
      <symbol id="sm-b45">
         <name>PORT4_IRQHandler</name>
         <value>0xb43</value>
      </symbol>
      <symbol id="sm-b46">
         <name>PORT5_IRQHandler</name>
         <value>0xb43</value>
      </symbol>
      <symbol id="sm-b47">
         <name>PORT6_IRQHandler</name>
         <value>0xb43</value>
      </symbol>
      <symbol id="sm-b48">
         <name>remove</name>
         <value>0x48dd</value>
      </symbol>
   </symbol_table>
   <title>Link successful</title>
</link_info>
