******************************************************************************
                  TI ARM Linker PC v18.1.1                     
******************************************************************************
>> Linked Thu Aug  2 15:12:56 2018

OUTPUT FILE NAME:   <AFS30_Main_code.out>
ENTRY POINT SYMBOL: "_c_int00_noargs"  address: 0000470d


MEMORY CONFIGURATION

         name            origin    length      used     unused   attr    fill
----------------------  --------  ---------  --------  --------  ----  --------
  MAIN                  00000000   00040000  00004e20  0003b1e0  R  X
  INFO                  00200000   00004000  00000000  00004000  R  X
  SRAM_CODE             01000000   00010000  000022ff  0000dd01  RW X
  SRAM_DATA             20000000   00010000  000022ff  0000dd01  RW  


SEGMENT ALLOCATION MAP

run origin  load origin   length   init length attrs members
----------  ----------- ---------- ----------- ----- -------
00000000    00000000    00004e20   00004e20    r-x
  00000000    00000000    000000e4   000000e4    r-- .intvecs
  000000e4    000000e4    00004abc   00004abc    r-x .text
  00004ba0    00004ba0    000001e8   000001e8    r-- .const
  00004d88    00004d88    00000098   00000098    r-- .cinit
20000000    20000000    00002104   00000000    rw-
  20000000    20000000    000016e3   00000000    rw- .bss
  200016e8    200016e8    00000800   00000000    rw- .sysmem
  20001ee8    20001ee8    0000021c   00000000    rw- .data
2000fe00    2000fe00    00000200   00000000    rw-
  2000fe00    2000fe00    00000200   00000000    rw- .stack


SECTION ALLOCATION MAP

 output                                  attributes/
section   page    origin      length       input sections
--------  ----  ----------  ----------   ----------------
.intvecs   0    00000000    000000e4     
                  00000000    000000e4     startup_msp432p401r_ccs.obj (.intvecs:retain)

.text      0    000000e4    00004abc     
                  000000e4    00000a5e     rtsv7M4_T_le_v4SPD16_eabi.lib : _printfi.c.obj (.text:__TI_printfi)
                  00000b42    00000002     startup_msp432p401r_ccs.obj (.text:Default_Handler)
                  00000b44    00000310     Main.obj (.text:Check_Buttons)
                  00000e54    00000280     Main.obj (.text:main)
                  000010d4    00000270     rtsv7M4_T_le_v4SPD16_eabi.lib : _printfi.c.obj (.text:_pconv_a)
                  00001344    00000230     Main.obj (.text:EMB_Exchange_Data)
                  00001574    000001d0     rtsv7M4_T_le_v4SPD16_eabi.lib : _printfi.c.obj (.text:_pconv_g)
                  00001744    000001c4     Main.obj (.text:ReceiveCheckQuectel)
                  00001908    000001b6     rtsv7M4_T_le_v4SPD16_eabi.lib : fd_add_t2.asm.obj (.text)
                  00001abe    00000002     Main.obj (.text:Transmit_NB_IOT)
                  00001ac0    00000199     Main.obj (.text:Transmit_2G_BG96)
                  00001c59    00000001     --HOLE-- [fill = 0]
                  00001c5a    00000002     rtsv7M4_T_le_v4SPD16_eabi.lib : _lock.c.obj (.text:_nop)
                  00001c5c    0000014f     Main.obj (.text:Init_2G_BG96)
                  00001dab    00000001     --HOLE-- [fill = 0]
                  00001dac    0000013c     rtsv7M4_T_le_v4SPD16_eabi.lib : _printfi.c.obj (.text:_pconv_e)
                  00001ee8    00000138     Main.obj (.text:ReceiveCheckEMB)
                  00002020    00000136     rtsv7M4_T_le_v4SPD16_eabi.lib : fd_div_t2.asm.obj (.text)
                  00002156    00000002                                   : div0.asm.obj (.text)
                  00002158    00000134     Main.obj (.text:EMB_Set_AppSKey)
                  0000228c    00000134     Main.obj (.text:EMB_Set_NwkSKey)
                  000023c0    00000125     Main.obj (.text:Init_NB_IOT)
                  000024e5    00000003     --HOLE-- [fill = 0]
                  000024e8    00000124     Main.obj (.text:EMB_Physical_Address_set)
                  0000260c    00000120     rtsv7M4_T_le_v4SPD16_eabi.lib : _printfi.c.obj (.text:fcvt)
                  0000272c    00000114     Main.obj (.text:Init_Buttons)
                  00002840    00000114     rtsv7M4_T_le_v4SPD16_eabi.lib : fputs.c.obj (.text:fputs)
                  00002954    00000110     Main.obj (.text:PowerupCheckBG96)
                  00002a64    00000110     Main.obj (.text:PowerupCheckEG91)
                  00002b74    00000110     rtsv7M4_T_le_v4SPD16_eabi.lib : s_scalbn.c.obj (.text:scalbn)
                  00002c84    000000fc                                   : fd_mul_t2.asm.obj (.text)
                  00002d80    000000f8     Main.obj (.text:ADC14_IRQHandler)
                  00002e78    000000dc     Main.obj (.text:Current_handler)
                  00002f54    000000dc     rtsv7M4_T_le_v4SPD16_eabi.lib : setvbuf.c.obj (.text:setvbuf)
                  00003030    000000d8                                   : memory.c.obj (.text:free)
                  00003108    000000b1                                   : _printfi.c.obj (.text:_ltostr)
                  000031b9    00000001     --HOLE-- [fill = 0]
                  000031ba    0000009c                                   : memcpy_t2.asm.obj (.text)
                  00003256    00000096                                   : ull_div_t2.asm.obj (.text)
                  000032ec    00000090     Main.obj (.text:InitLoRaWAN)
                  0000337c    00000086     rtsv7M4_T_le_v4SPD16_eabi.lib : fd_cmp_t2.asm.obj (.text:__aeabi_cdcmple)
                  00003402    00000086                                   : fd_cmp_t2.asm.obj (.text:__aeabi_cdrcmple)
                  00003488    00000084     Main.obj (.text:Init_ADC)
                  0000350c    0000007c     Main.obj (.text:EMB_Network_Adres)
                  00003588    0000007c     Main.obj (.text:EMB_Network_ID)
                  00003604    0000007a     rtsv7M4_T_le_v4SPD16_eabi.lib : memset_t2.asm.obj (.text)
                  0000367e    00000002     --HOLE-- [fill = 0]
                  00003680    00000078     Main.obj (.text:Connect_4G)
                  000036f8    00000078     system_msp432p401r.obj (.text:SystemInit)
                  00003770    00000078     rtsv7M4_T_le_v4SPD16_eabi.lib : memory.c.obj (.text:malloc)
                  000037e8    00000074                                   : fclose.c.obj (.text:__TI_closefile)
                  0000385c    0000006e                                   : _printfi.c.obj (.text:_mcpy)
                  000038ca    00000002     --HOLE-- [fill = 0]
                  000038cc    00000068                                   : hostlseek.c.obj (.text:HOSTlseek)
                  00003934    00000068                                   : hostrename.c.obj (.text:HOSTrename)
                  0000399c    00000068                                   : copy_decompress_lzss.c.obj (.text:decompress:lzss:__TI_decompress_lzss)
                  00003a04    00000064     Main.obj (.text:BG96_Startup)
                  00003a68    00000064     Main.obj (.text:Connect_2G_BG96)
                  00003acc    00000064     Main.obj (.text:EMB_Startup)
                  00003b30    00000064     rtsv7M4_T_le_v4SPD16_eabi.lib : s_frexp.c.obj (.text:frexp)
                  00003b94    00000064                                   : fseek.c.obj (.text:fseek)
                  00003bf8    00000062                                   : _io_perm.c.obj (.text:__TI_wrt_ok)
                  00003c5a    00000002     --HOLE-- [fill = 0]
                  00003c5c    00000060                                   : hostopen.c.obj (.text:HOSTopen)
                  00003cbc    0000005c     Main.obj (.text:UART_A0_Init)
                  00003d18    0000005c     Main.obj (.text:UART_A1_Init)
                  00003d74    0000005c     Main.obj (.text:UART_A3_Init)
                  00003dd0    0000005c     rtsv7M4_T_le_v4SPD16_eabi.lib : close.c.obj (.text:close)
                  00003e2c    00000058                                   : hostread.c.obj (.text:HOSTread)
                  00003e84    00000058                                   : hostwrite.c.obj (.text:HOSTwrite)
                  00003edc    00000056                                   : _printfi.c.obj (.text:_pconv_f)
                  00003f32    00000002     --HOLE-- [fill = 0]
                  00003f34    00000054     Main.obj (.text:EG91_Startup)
                  00003f88    00000054     Main.obj (.text:EMB_Network_Pref)
                  00003fdc    00000054     Main.obj (.text:EUSCIA0_IRQHandler)
                  00004030    00000054     Main.obj (.text:EUSCIA1_IRQHandler)
                  00004084    00000054     Main.obj (.text:EUSCIA2_IRQHandler)
                  000040d8    00000054     Main.obj (.text:EUSCIA3_IRQHandler)
                  0000412c    00000054     rtsv7M4_T_le_v4SPD16_eabi.lib : ltoa.c.obj (.text:ltoa)
                  00004180    00000052                                   : _printfi.c.obj (.text:_ecpy)
                  000041d2    0000004c                                   : fflush.c.obj (.text:__TI_doflush)
                  0000421e    00000002     --HOLE-- [fill = 0]
                  00004220    0000004c                                   : atoi.c.obj (.text:atoi)
                  0000426c    00000048                                   : exit.c.obj (.text:exit)
                  000042b4    00000048                                   : fd_toi_t2.asm.obj (.text)
                  000042fc    00000044     Main.obj (.text:EMB_Network_Start)
                  00004340    00000044     Main.obj (.text:EMB_Network_Stop)
                  00004384    00000044     Main.obj (.text:EMB_Reset)
                  000043c8    00000044     rtsv7M4_T_le_v4SPD16_eabi.lib : hostclose.c.obj (.text:HOSTclose)
                  0000440c    00000044                                   : hostunlink.c.obj (.text:HOSTunlink)
                  00004450    00000044                                   : autoinit.c.obj (.text:__TI_auto_init_nobinit_nopinit:__TI_auto_init_nobinit_nopinit)
                  00004494    00000044                                   : getdevice.c.obj (.text:getdevice)
                  000044d8    00000040     Main.obj (.text:Init_ADC_BG96)
                  00004518    00000040     Main.obj (.text:Init_ADC_EG91)
                  00004558    00000040     Main.obj (.text:Init_ADC_EMB)
                  00004598    00000040     rtsv7M4_T_le_v4SPD16_eabi.lib : sprintf.c.obj (.text:sprintf)
                  000045d8    00000040     Main.obj (.text:uart_puts_BG96)
                  00004618    00000040     Main.obj (.text:uart_puts_EG91)
                  00004658    0000003e     rtsv7M4_T_le_v4SPD16_eabi.lib : _printfi.c.obj (.text:_fcpy)
                  00004696    00000002     --HOLE-- [fill = 0]
                  00004698    0000003c                                   : memory.c.obj (.text:minsert)
                  000046d4    00000038                                   : trgmsg.c.obj (.text:__TI_writemsg)
                  0000470c    00000038                                   : boot_cortex_m.c.obj (.text:_c_int00_noargs:_c_int00_noargs)
                  00004744    00000038                                   : memory.c.obj (.text:minit)
                  0000477c    00000036                                   : strncpy.c.obj (.text:strncpy)
                  000047b2    00000002     --HOLE-- [fill = 0]
                  000047b4    00000034     Main.obj (.text:Connect_NB_IOT)
                  000047e8    00000034     rtsv7M4_T_le_v4SPD16_eabi.lib : fopen.c.obj (.text:__TI_cleanup)
                  0000481c    00000034                                   : trgmsg.c.obj (.text:__TI_readmsg)
                  00004850    00000030                                   : getdevice.c.obj (.text:finddevice)
                  00004880    0000002e                                   : i_tofd_t2.asm.obj (.text)
                  000048ae    00000002     --HOLE-- [fill = 0]
                  000048b0    0000002c     Main.obj (.text:Systick_delay)
                  000048dc    0000002c     rtsv7M4_T_le_v4SPD16_eabi.lib : unlink.c.obj (.text:unlink)
                  00004908    0000002b     Main.obj (.text:Transmit_4G)
                  00004933    00000001     --HOLE-- [fill = 0]
                  00004934    00000028     rtsv7M4_T_le_v4SPD16_eabi.lib : lseek.c.obj (.text:lseek)
                  0000495c    00000028                                   : memory.c.obj (.text:mremove)
                  00004984    00000028                                   : write.c.obj (.text:write)
                  000049ac    00000024     msp432p4xx_driverlib.lib : cs_MSP432P4XX.obj (.text:CS_setDCOCenteredFrequency)
                  000049d0    00000024                              : interrupt_MSP432P4XX.obj (.text:Interrupt_setPriority)
                  000049f4    00000023     Main.obj (.text:Init_4G)
                  00004a17    00000001     --HOLE-- [fill = 0]
                  00004a18    00000020     rtsv7M4_T_le_v4SPD16_eabi.lib : memchr.c.obj (.text:memchr)
                  00004a38    00000020                                   : fputs.c.obj (.text:puts)
                  00004a58    0000001c                                   : memccpy.c.obj (.text:memccpy)
                  00004a74    00000018     Main.obj (.text:ConnectLoRaWAN)
                  00004a8c    00000018     Main.obj (.text:MCU_led)
                  00004aa4    00000018     Main.obj (.text:TransmitLoRaWAN)
                  00004abc    00000018     rtsv7M4_T_le_v4SPD16_eabi.lib : sprintf.c.obj (.text:_outs)
                  00004ad4    00000018                                   : strcmp.c.obj (.text:strcmp)
                  00004aec    00000016                                   : strchr.c.obj (.text:strchr)
                  00004b02    00000014                                   : s_copysign.c.obj (.text:copysign)
                  00004b16    00000014                                   : strcpy.c.obj (.text:strcpy)
                  00004b2a    00000014                                   : strlen.c.obj (.text:strlen)
                  00004b3e    00000012                                   : wcslen.c.obj (.text:wcslen)
                  00004b50    00000010     Main.obj (.text:SysTick_Handler)
                  00004b60    0000000e     rtsv7M4_T_le_v4SPD16_eabi.lib : copy_decompress_none.c.obj (.text:decompress:none:__TI_decompress_none)
                  00004b6e    0000000c     startup_msp432p401r_ccs.obj (.text:Reset_Handler)
                  00004b7a    0000000c     rtsv7M4_T_le_v4SPD16_eabi.lib : copy_zero_init.c.obj (.text:decompress:ZI:__TI_zero_init)
                  00004b86    0000000a                                   : sprintf.c.obj (.text:_outc)
                  00004b90    00000008                                   : errno.c.obj (.text:__aeabi_errno_addr)
                  00004b98    00000004                                   : pre_init.c.obj (.text:_system_pre_init)
                  00004b9c    00000004                                   : exit.c.obj (.text:abort:abort)

.const     0    00004ba0    000001e8     
                  00004ba0    00000101     rtsv7M4_T_le_v4SPD16_eabi.lib : ctype.c.obj (.const:.string:_ctypes_)
                  00004ca1    00000003     --HOLE-- [fill = 0]
                  00004ca4    00000050     msp432p4xx_driverlib.lib : interrupt_MSP432P4XX.obj (.const:g_pulRegs)
                  00004cf4    00000024     Main.obj (.const:BG96_UART_Config)
                  00004d18    00000024     Main.obj (.const:EG91_UART_Config)
                  00004d3c    00000024     Main.obj (.const:EMB_UART_Config)
                  00004d60    00000018     Main.obj (.const:upModeConfig)
                  00004d78    00000010     Main.obj (.const:compareConfig)

.cinit     0    00004d88    00000098     
                  00004d88    00000074     (.cinit..data.load) [load image, compression = lzss]
                  00004dfc    0000000c     (__TI_handler_table)
                  00004e08    00000008     (.cinit..bss.load) [load image, compression = zero_init]
                  00004e10    00000010     (__TI_cinit_table)

.init_array 
*          0    00000000    00000000     UNINITIALIZED

.binit     0    00000000    00000000     

.bss       0    20000000    000016e3     UNINITIALIZED
                  20000000    000003e8     Main.obj (.bss:MovAvgConnected)
                  200003e8    000003e8     Main.obj (.bss:MovAvgIdle)
                  200007d0    000003e8     Main.obj (.bss:MovAvgInitialising)
                  20000bb8    000003e8     Main.obj (.bss:MovAvgTransmission)
                  20000fa0    000003e8     Main.obj (.bss:MovAvgs)
                  20001388    00000120     rtsv7M4_T_le_v4SPD16_eabi.lib : trgmsg.c.obj (.bss:_CIOBUF_)
                  200014a8    000000a0     (.common:__TI_tmpnams)
                  20001548    00000098     (.common:RXBuffer)
                  200015e0    00000098     (.common:StringToSend)
                  20001678    00000034     Main.obj (.bss:Readings)
                  200016ac    00000008     (.common:parmbuf)
                  200016b4    00000004     (.common:Cell)
                  200016b8    00000004     (.common:GPS_Lat)
                  200016bc    00000004     (.common:GPS_Lon)
                  200016c0    00000004     (.common:LAC)
                  200016c4    00000004     (.common:MCC)
                  200016c8    00000004     (.common:MNC)
                  200016cc    00000004     (.common:Network)
                  200016d0    00000004     (.common:Samples)
                  200016d4    00000004     (.common:Sequence)
                  200016d8    00000004     (.common:SignalStrength)
                  200016dc    00000004     (.common:Size)
                  200016e0    00000001     (.common:GNSS_BG96)
                  200016e1    00000001     (.common:j)
                  200016e2    00000001     (.common:startup)

.sysmem    0    200016e8    00000800     UNINITIALIZED
                  200016e8    00000008     rtsv7M4_T_le_v4SPD16_eabi.lib : memory.c.obj (.sysmem)
                  200016f0    000007f8     --HOLE--

.data      0    20001ee8    0000021c     UNINITIALIZED
                  20001ee8    000000f0     rtsv7M4_T_le_v4SPD16_eabi.lib : defs.c.obj (.data:_ftable)
                  20001fd8    00000078                                   : write.c.obj (.data:_device)
                  20002050    00000050                                   : write.c.obj (.data:_stream)
                  200020a0    00000030     Main.obj (.data)
                  200020d0    00000010     rtsv7M4_T_le_v4SPD16_eabi.lib : defs.c.obj (.data)
                  200020e0    0000000c                                   : exit.c.obj (.data:$O1$$)
                  200020ec    0000000c                                   : memory.c.obj (.data:$O1$$)
                  200020f8    00000008                                   : _lock.c.obj (.data:$O1$$)
                  20002100    00000004                                   : errno.c.obj (.data)

.stack     0    2000fe00    00000200     UNINITIALIZED
                  2000fe00    00000004     rtsv7M4_T_le_v4SPD16_eabi.lib : boot_cortex_m.c.obj (.stack)
                  2000fe04    000001fc     --HOLE--

MODULE SUMMARY

       Module                        code    ro data   rw data
       ------                        ----    -------   -------
    .\
       Main.obj                      8493    148       10902  
       system_msp432p401r.obj        120     0         0      
    +--+-----------------------------+-------+---------+---------+
       Total:                        8613    148       10902  
                                                              
    .\ccs\
       startup_msp432p401r_ccs.obj   14      228       0      
    +--+-----------------------------+-------+---------+---------+
       Total:                        14      228       0      
                                                              
    C:/ti/simplelink_msp432p4_sdk_2_10_00_14/source/ti/devices/msp432p4xx/driverlib/ccs/msp432p4xx_driverlib.lib
       interrupt_MSP432P4XX.obj      36      80        0      
       cs_MSP432P4XX.obj             36      0         0      
    +--+-----------------------------+-------+---------+---------+
       Total:                        72      80        0      
                                                              
    C:\ti\ccsv8\tools\compiler\ti-cgt-arm_18.1.1.LTS\lib\rtsv7M4_T_le_v4SPD16_eabi.lib
       _printfi.c.obj                4863    0         0      
       defs.c.obj                    0       0         832    
       trgmsg.c.obj                  108     0         576    
       memory.c.obj                  492     0         24     
       write.c.obj                   40      0         400    
       fd_add_t2.asm.obj             438     0         0      
       fd_div_t2.asm.obj             310     0         0      
       fputs.c.obj                   308     0         0      
       s_scalbn.c.obj                272     0         0      
       fd_cmp_t2.asm.obj             268     0         0      
       ctype.c.obj                   0       257       0      
       fd_mul_t2.asm.obj             252     0         0      
       setvbuf.c.obj                 220     0         0      
       memcpy_t2.asm.obj             156     0         0      
       ull_div_t2.asm.obj            150     0         0      
       memset_t2.asm.obj             122     0         0      
       fclose.c.obj                  116     0         0      
       getdevice.c.obj               116     0         0      
       hostopen.c.obj                96      0         16     
       copy_decompress_lzss.c.obj    104     0         0      
       hostlseek.c.obj               104     0         0      
       hostrename.c.obj              104     0         0      
       exit.c.obj                    76      0         24     
       fseek.c.obj                   100     0         0      
       s_frexp.c.obj                 100     0         0      
       _io_perm.c.obj                98      0         0      
       sprintf.c.obj                 98      0         0      
       close.c.obj                   92      0         0      
       hostread.c.obj                88      0         0      
       hostwrite.c.obj               88      0         0      
       ltoa.c.obj                    84      0         0      
       atoi.c.obj                    76      0         0      
       fflush.c.obj                  76      0         0      
       fd_toi_t2.asm.obj             72      0         0      
       autoinit.c.obj                68      0         0      
       hostclose.c.obj               68      0         0      
       hostunlink.c.obj              68      0         0      
       boot_cortex_m.c.obj           56      0         0      
       strncpy.c.obj                 54      0         0      
       fopen.c.obj                   52      0         0      
       i_tofd_t2.asm.obj             46      0         0      
       unlink.c.obj                  44      0         0      
       lseek.c.obj                   40      0         0      
       memchr.c.obj                  32      0         0      
       memccpy.c.obj                 28      0         0      
       strcmp.c.obj                  24      0         0      
       strchr.c.obj                  22      0         0      
       s_copysign.c.obj              20      0         0      
       strcpy.c.obj                  20      0         0      
       strlen.c.obj                  20      0         0      
       _lock.c.obj                   2       0         16     
       wcslen.c.obj                  18      0         0      
       errno.c.obj                   8       0         8      
       copy_decompress_none.c.obj    14      0         0      
       copy_zero_init.c.obj          12      0         0      
       pre_init.c.obj                4       0         0      
       div0.asm.obj                  2       0         0      
    +--+-----------------------------+-------+---------+---------+
       Total:                        10409   257       1896   
                                                              
       Heap:                         0       0         4096   
       Stack:                        0       0         1024   
       Linker Generated:             0       152       0      
    +--+-----------------------------+-------+---------+---------+
       Grand Total:                  19108   865       17918  


LINKER GENERATED COPY TABLES

__TI_cinit_table @ 00004e10 records: 2, size/record: 8, table size: 16
	.data: load addr=00004d88, load size=00000074 bytes, run addr=20001ee8, run size=0000021c bytes, compression=lzss
	.bss: load addr=00004e08, load size=00000008 bytes, run addr=20000000, run size=000016e3 bytes, compression=zero_init


LINKER GENERATED HANDLER TABLE

__TI_handler_table @ 00004dfc records: 3, size/record: 4, table size: 12
	index: 0, handler: __TI_decompress_lzss
	index: 1, handler: __TI_decompress_none
	index: 2, handler: __TI_zero_init


GLOBAL SYMBOLS: SORTED ALPHABETICALLY BY Name 

address   name                           
-------   ----                           
00002d81  ADC14_IRQHandler               
00002d81  ADC14_IRQHandler               
00000b43  AES256_IRQHandler              
200020aa  AT_Error                       
00003a05  BG96_Startup                   
00004cf4  BG96_UART_Config               
00000b43  BusFault_Handler               
00004b9d  C$$EXIT                        
00004703  C$$IO$$                        
00000b43  COMP_E0_IRQHandler             
00000b43  COMP_E1_IRQHandler             
00000b43  CS_IRQHandler                  
000049ad  CS_setDCOCenteredFrequency     
200016b4  Cell                           
00000b45  Check_Buttons                  
200020a1  Checksum                       
200020a3  Checksumfield                  
00004a75  ConnectLoRaWAN                 
00003a69  Connect_2G_BG96                
00003681  Connect_4G                     
000047b5  Connect_NB_IOT                 
00002e79  Current_handler                
00000b43  DMA_ERR_IRQHandler             
00000b43  DMA_INT0_IRQHandler            
00000b43  DMA_INT1_IRQHandler            
00000b43  DMA_INT2_IRQHandler            
00000b43  DMA_INT3_IRQHandler            
00000b43  DebugMon_Handler               
00000b43  Default_Handler                
00003f35  EG91_Startup                   
00004d18  EG91_UART_Config               
00001345  EMB_Exchange_Data              
0000350d  EMB_Network_Adres              
00003589  EMB_Network_ID                 
00003f89  EMB_Network_Pref               
000042fd  EMB_Network_Start              
00004341  EMB_Network_Stop               
000024e9  EMB_Physical_Address_set       
00004385  EMB_Reset                      
00002159  EMB_Set_AppSKey                
0000228d  EMB_Set_NwkSKey                
00003acd  EMB_Startup                    
00004d3c  EMB_UART_Config                
00003fdd  EUSCIA0_IRQHandler             
00003fdd  EUSCIA0_IRQHandler             
00004031  EUSCIA1_IRQHandler             
00004031  EUSCIA1_IRQHandler             
00004085  EUSCIA2_IRQHandler             
00004085  EUSCIA2_IRQHandler             
000040d9  EUSCIA3_IRQHandler             
000040d9  EUSCIA3_IRQHandler             
00000b43  EUSCIB0_IRQHandler             
00000b43  EUSCIB1_IRQHandler             
00000b43  EUSCIB2_IRQHandler             
00000b43  EUSCIB3_IRQHandler             
00000b43  FLCTL_IRQHandler               
00000b43  FPU_IRQHandler                 
200016e0  GNSS_BG96                      
200016b8  GPS_Lat                        
200016bc  GPS_Lon                        
000043c9  HOSTclose                      
000038cd  HOSTlseek                      
00003c5d  HOSTopen                       
00003e2d  HOSTread                       
00003935  HOSTrename                     
0000440d  HOSTunlink                     
00003e85  HOSTwrite                      
00000b43  HardFault_Handler              
000032ed  InitLoRaWAN                    
00001c5d  Init_2G_BG96                   
000049f5  Init_4G                        
00003489  Init_ADC                       
000044d9  Init_ADC_BG96                  
00004519  Init_ADC_EG91                  
00004559  Init_ADC_EMB                   
0000272d  Init_Buttons                   
000023c1  Init_NB_IOT                    
000049d1  Interrupt_setPriority          
200016c0  LAC                            
200016c4  MCC                            
00004a8d  MCU_led                        
200016c8  MNC                            
00000b43  MemManage_Handler              
200020a2  Messagefield                   
200020ab  Module_status                  
00000b43  NMI_Handler                    
200016cc  Network                        
00000b43  PCM_IRQHandler                 
00000b43  PORT1_IRQHandler               
00000b43  PORT2_IRQHandler               
00000b43  PORT3_IRQHandler               
00000b43  PORT4_IRQHandler               
00000b43  PORT5_IRQHandler               
00000b43  PORT6_IRQHandler               
00000b43  PSS_IRQHandler                 
00000b43  PendSV_Handler                 
00002955  PowerupCheckBG96               
00002a65  PowerupCheckEG91               
200020a5  Powerup_done                   
00000b43  RTC_C_IRQHandler               
20001548  RXBuffer                       
00001ee9  ReceiveCheckEMB                
00001745  ReceiveCheckQuectel            
200020a4  Receive_done                   
00004b6f  Reset_Handler                  
00000b43  SVC_Handler                    
200016d0  Samples                        
200016d4  Sequence                       
200016d8  SignalStrength                 
200016dc  Size                           
200015e0  StringToSend                   
00004b51  SysTick_Handler                
00004b51  SysTick_Handler                
000036f9  SystemInit                     
000048b1  Systick_delay                  
00000b43  T32_INT1_IRQHandler            
00000b43  T32_INT2_IRQHandler            
00000b43  T32_INTC_IRQHandler            
00000b43  TA0_0_IRQHandler               
00000b43  TA0_N_IRQHandler               
00000b43  TA1_0_IRQHandler               
00000b43  TA1_N_IRQHandler               
00000b43  TA2_0_IRQHandler               
00000b43  TA2_N_IRQHandler               
00000b43  TA3_0_IRQHandler               
00000b43  TA3_N_IRQHandler               
200020cc  Ticks                          
00004aa5  TransmitLoRaWAN                
00001ac1  Transmit_2G_BG96               
00004909  Transmit_4G                    
00001abf  Transmit_NB_IOT                
00003cbd  UART_A0_Init                   
00003d19  UART_A1_Init                   
00003d75  UART_A3_Init                   
00000b43  UsageFault_Handler             
4000480c  WDTCTL_SYM                     
00000b43  WDT_A_IRQHandler               
20001388  __CIOBUF_                      
20010000  __STACK_END                    
00000200  __STACK_SIZE                   
00000800  __SYSMEM_SIZE                  
00004e10  __TI_CINIT_Base                
00004e20  __TI_CINIT_Limit               
00004dfc  __TI_Handler_Table_Base        
00004e08  __TI_Handler_Table_Limit       
00004451  __TI_auto_init_nobinit_nopinit 
000047e9  __TI_cleanup                   
200020e0  __TI_cleanup_ptr               
000037e9  __TI_closefile                 
0000399d  __TI_decompress_lzss           
00004b61  __TI_decompress_none           
000041d3  __TI_doflush                   
200020e4  __TI_dtors_ptr                 
200020e8  __TI_enable_exit_profile_output
200020d0  __TI_ft_end                    
ffffffff  __TI_pprof_out_hndl            
000000e5  __TI_printfi                   
ffffffff  __TI_prof_data_size            
ffffffff  __TI_prof_data_start           
0000481d  __TI_readmsg                   
00000000  __TI_static_base__             
200014a8  __TI_tmpnams                   
000046d5  __TI_writemsg                  
00003bf9  __TI_wrt_ok                    
00004b7b  __TI_zero_init                 
0000337d  __aeabi_cdcmpeq                
0000337d  __aeabi_cdcmple                
00003403  __aeabi_cdrcmple               
000042b5  __aeabi_d2iz                   
00001913  __aeabi_dadd                   
00002021  __aeabi_ddiv                   
00002c85  __aeabi_dmul                   
00001909  __aeabi_dsub                   
00004b91  __aeabi_errno_addr             
00004881  __aeabi_i2d                    
00002157  __aeabi_idiv0                  
00002157  __aeabi_ldiv0                  
00003605  __aeabi_memclr                 
00003605  __aeabi_memclr4                
00003605  __aeabi_memclr8                
000031bb  __aeabi_memcpy                 
000031bb  __aeabi_memcpy4                
000031bb  __aeabi_memcpy8                
00003607  __aeabi_memset                 
00003607  __aeabi_memset4                
00003607  __aeabi_memset8                
200020dc  __aeabi_stderr                 
200020d4  __aeabi_stdin                  
200020d8  __aeabi_stdout                 
00003257  __aeabi_uldivmod               
ffffffff  __binit__                      
ffffffff  __c_args__                     
UNDEFED   __mpu_init                     
2000fe00  __stack                        
0000470d  _c_int00_noargs                
00004ba0  _ctypes_                       
20001fd8  _device                        
20001ee8  _ftable                        
200020f8  _lock                          
00001c5b  _nop                           
20002050  _stream                        
200016e8  _sys_memory                    
UNDEFED   _system_post_cinit             
00004b99  _system_pre_init               
200020fc  _unlock                        
00004b9d  abort                          
00004221  atoi                           
ffffffff  binit                          
00003dd1  close                          
00004d78  compareConfig                  
00004b03  copysign                       
00004b03  copysignl                      
20002100  errno                          
0000426d  exit                           
00004851  finddevice                     
00002841  fputs                          
00003031  free                           
00003b31  frexp                          
00003b31  frexpl                         
00003b95  fseek                          
00004495  getdevice                      
200020a6  i                              
200020a9  ii                             
00000000  interruptVectors               
200016e1  j                              
00002b75  ldexp                          
00002b75  ldexpl                         
00004935  lseek                          
0000412d  ltoa                           
00000e55  main                           
00003771  malloc                         
00004a59  memccpy                        
00004a19  memchr                         
000031bb  memcpy                         
0000360d  memset                         
00004745  minit                          
200016ac  parmbuf                        
00004a39  puts                           
000048dd  remove                         
00002b75  scalbn                         
00002b75  scalbnl                        
00002f55  setvbuf                        
00004599  sprintf                        
200016e2  startup                        
200020a0  status                         
00004aed  strchr                         
00004ad5  strcmp                         
00004b17  strcpy                         
00004b2b  strlen                         
0000477d  strncpy                        
000045d9  uart_puts_BG96                 
00004619  uart_puts_EG91                 
000048dd  unlink                         
00004d60  upModeConfig                   
00004b3f  wcslen                         
00004985  write                          
200020a7  x                              
200020a8  y                              


GLOBAL SYMBOLS: SORTED BY Symbol Address 

address   name                           
-------   ----                           
00000000  __TI_static_base__             
00000000  interruptVectors               
000000e5  __TI_printfi                   
00000200  __STACK_SIZE                   
00000800  __SYSMEM_SIZE                  
00000b43  AES256_IRQHandler              
00000b43  BusFault_Handler               
00000b43  COMP_E0_IRQHandler             
00000b43  COMP_E1_IRQHandler             
00000b43  CS_IRQHandler                  
00000b43  DMA_ERR_IRQHandler             
00000b43  DMA_INT0_IRQHandler            
00000b43  DMA_INT1_IRQHandler            
00000b43  DMA_INT2_IRQHandler            
00000b43  DMA_INT3_IRQHandler            
00000b43  DebugMon_Handler               
00000b43  Default_Handler                
00000b43  EUSCIB0_IRQHandler             
00000b43  EUSCIB1_IRQHandler             
00000b43  EUSCIB2_IRQHandler             
00000b43  EUSCIB3_IRQHandler             
00000b43  FLCTL_IRQHandler               
00000b43  FPU_IRQHandler                 
00000b43  HardFault_Handler              
00000b43  MemManage_Handler              
00000b43  NMI_Handler                    
00000b43  PCM_IRQHandler                 
00000b43  PORT1_IRQHandler               
00000b43  PORT2_IRQHandler               
00000b43  PORT3_IRQHandler               
00000b43  PORT4_IRQHandler               
00000b43  PORT5_IRQHandler               
00000b43  PORT6_IRQHandler               
00000b43  PSS_IRQHandler                 
00000b43  PendSV_Handler                 
00000b43  RTC_C_IRQHandler               
00000b43  SVC_Handler                    
00000b43  T32_INT1_IRQHandler            
00000b43  T32_INT2_IRQHandler            
00000b43  T32_INTC_IRQHandler            
00000b43  TA0_0_IRQHandler               
00000b43  TA0_N_IRQHandler               
00000b43  TA1_0_IRQHandler               
00000b43  TA1_N_IRQHandler               
00000b43  TA2_0_IRQHandler               
00000b43  TA2_N_IRQHandler               
00000b43  TA3_0_IRQHandler               
00000b43  TA3_N_IRQHandler               
00000b43  UsageFault_Handler             
00000b43  WDT_A_IRQHandler               
00000b45  Check_Buttons                  
00000e55  main                           
00001345  EMB_Exchange_Data              
00001745  ReceiveCheckQuectel            
00001909  __aeabi_dsub                   
00001913  __aeabi_dadd                   
00001abf  Transmit_NB_IOT                
00001ac1  Transmit_2G_BG96               
00001c5b  _nop                           
00001c5d  Init_2G_BG96                   
00001ee9  ReceiveCheckEMB                
00002021  __aeabi_ddiv                   
00002157  __aeabi_idiv0                  
00002157  __aeabi_ldiv0                  
00002159  EMB_Set_AppSKey                
0000228d  EMB_Set_NwkSKey                
000023c1  Init_NB_IOT                    
000024e9  EMB_Physical_Address_set       
0000272d  Init_Buttons                   
00002841  fputs                          
00002955  PowerupCheckBG96               
00002a65  PowerupCheckEG91               
00002b75  ldexp                          
00002b75  ldexpl                         
00002b75  scalbn                         
00002b75  scalbnl                        
00002c85  __aeabi_dmul                   
00002d81  ADC14_IRQHandler               
00002d81  ADC14_IRQHandler               
00002e79  Current_handler                
00002f55  setvbuf                        
00003031  free                           
000031bb  __aeabi_memcpy                 
000031bb  __aeabi_memcpy4                
000031bb  __aeabi_memcpy8                
000031bb  memcpy                         
00003257  __aeabi_uldivmod               
000032ed  InitLoRaWAN                    
0000337d  __aeabi_cdcmpeq                
0000337d  __aeabi_cdcmple                
00003403  __aeabi_cdrcmple               
00003489  Init_ADC                       
0000350d  EMB_Network_Adres              
00003589  EMB_Network_ID                 
00003605  __aeabi_memclr                 
00003605  __aeabi_memclr4                
00003605  __aeabi_memclr8                
00003607  __aeabi_memset                 
00003607  __aeabi_memset4                
00003607  __aeabi_memset8                
0000360d  memset                         
00003681  Connect_4G                     
000036f9  SystemInit                     
00003771  malloc                         
000037e9  __TI_closefile                 
000038cd  HOSTlseek                      
00003935  HOSTrename                     
0000399d  __TI_decompress_lzss           
00003a05  BG96_Startup                   
00003a69  Connect_2G_BG96                
00003acd  EMB_Startup                    
00003b31  frexp                          
00003b31  frexpl                         
00003b95  fseek                          
00003bf9  __TI_wrt_ok                    
00003c5d  HOSTopen                       
00003cbd  UART_A0_Init                   
00003d19  UART_A1_Init                   
00003d75  UART_A3_Init                   
00003dd1  close                          
00003e2d  HOSTread                       
00003e85  HOSTwrite                      
00003f35  EG91_Startup                   
00003f89  EMB_Network_Pref               
00003fdd  EUSCIA0_IRQHandler             
00003fdd  EUSCIA0_IRQHandler             
00004031  EUSCIA1_IRQHandler             
00004031  EUSCIA1_IRQHandler             
00004085  EUSCIA2_IRQHandler             
00004085  EUSCIA2_IRQHandler             
000040d9  EUSCIA3_IRQHandler             
000040d9  EUSCIA3_IRQHandler             
0000412d  ltoa                           
000041d3  __TI_doflush                   
00004221  atoi                           
0000426d  exit                           
000042b5  __aeabi_d2iz                   
000042fd  EMB_Network_Start              
00004341  EMB_Network_Stop               
00004385  EMB_Reset                      
000043c9  HOSTclose                      
0000440d  HOSTunlink                     
00004451  __TI_auto_init_nobinit_nopinit 
00004495  getdevice                      
000044d9  Init_ADC_BG96                  
00004519  Init_ADC_EG91                  
00004559  Init_ADC_EMB                   
00004599  sprintf                        
000045d9  uart_puts_BG96                 
00004619  uart_puts_EG91                 
000046d5  __TI_writemsg                  
00004703  C$$IO$$                        
0000470d  _c_int00_noargs                
00004745  minit                          
0000477d  strncpy                        
000047b5  Connect_NB_IOT                 
000047e9  __TI_cleanup                   
0000481d  __TI_readmsg                   
00004851  finddevice                     
00004881  __aeabi_i2d                    
000048b1  Systick_delay                  
000048dd  remove                         
000048dd  unlink                         
00004909  Transmit_4G                    
00004935  lseek                          
00004985  write                          
000049ad  CS_setDCOCenteredFrequency     
000049d1  Interrupt_setPriority          
000049f5  Init_4G                        
00004a19  memchr                         
00004a39  puts                           
00004a59  memccpy                        
00004a75  ConnectLoRaWAN                 
00004a8d  MCU_led                        
00004aa5  TransmitLoRaWAN                
00004ad5  strcmp                         
00004aed  strchr                         
00004b03  copysign                       
00004b03  copysignl                      
00004b17  strcpy                         
00004b2b  strlen                         
00004b3f  wcslen                         
00004b51  SysTick_Handler                
00004b51  SysTick_Handler                
00004b61  __TI_decompress_none           
00004b6f  Reset_Handler                  
00004b7b  __TI_zero_init                 
00004b91  __aeabi_errno_addr             
00004b99  _system_pre_init               
00004b9d  C$$EXIT                        
00004b9d  abort                          
00004ba0  _ctypes_                       
00004cf4  BG96_UART_Config               
00004d18  EG91_UART_Config               
00004d3c  EMB_UART_Config                
00004d60  upModeConfig                   
00004d78  compareConfig                  
00004dfc  __TI_Handler_Table_Base        
00004e08  __TI_Handler_Table_Limit       
00004e10  __TI_CINIT_Base                
00004e20  __TI_CINIT_Limit               
20001388  __CIOBUF_                      
200014a8  __TI_tmpnams                   
20001548  RXBuffer                       
200015e0  StringToSend                   
200016ac  parmbuf                        
200016b4  Cell                           
200016b8  GPS_Lat                        
200016bc  GPS_Lon                        
200016c0  LAC                            
200016c4  MCC                            
200016c8  MNC                            
200016cc  Network                        
200016d0  Samples                        
200016d4  Sequence                       
200016d8  SignalStrength                 
200016dc  Size                           
200016e0  GNSS_BG96                      
200016e1  j                              
200016e2  startup                        
200016e8  _sys_memory                    
20001ee8  _ftable                        
20001fd8  _device                        
20002050  _stream                        
200020a0  status                         
200020a1  Checksum                       
200020a2  Messagefield                   
200020a3  Checksumfield                  
200020a4  Receive_done                   
200020a5  Powerup_done                   
200020a6  i                              
200020a7  x                              
200020a8  y                              
200020a9  ii                             
200020aa  AT_Error                       
200020ab  Module_status                  
200020cc  Ticks                          
200020d0  __TI_ft_end                    
200020d4  __aeabi_stdin                  
200020d8  __aeabi_stdout                 
200020dc  __aeabi_stderr                 
200020e0  __TI_cleanup_ptr               
200020e4  __TI_dtors_ptr                 
200020e8  __TI_enable_exit_profile_output
200020f8  _lock                          
200020fc  _unlock                        
20002100  errno                          
2000fe00  __stack                        
20010000  __STACK_END                    
4000480c  WDTCTL_SYM                     
ffffffff  __TI_pprof_out_hndl            
ffffffff  __TI_prof_data_size            
ffffffff  __TI_prof_data_start           
ffffffff  __binit__                      
ffffffff  __c_args__                     
ffffffff  binit                          
UNDEFED   __mpu_init                     
UNDEFED   _system_post_cinit             

[258 symbols]
