******************************************************************************
                  TI ARM Linker PC v18.1.1                     
******************************************************************************
>> Linked Wed Sep 19 16:59:41 2018

OUTPUT FILE NAME:   <AFS30_Main_code.out>
ENTRY POINT SYMBOL: "_c_int00_noargs"  address: 00005195


MEMORY CONFIGURATION

         name            origin    length      used     unused   attr    fill
----------------------  --------  ---------  --------  --------  ----  --------
  MAIN                  00000000   00040000  000057bc  0003a844  R  X
  INFO                  00200000   00004000  00000000  00004000  R  X
  SRAM_CODE             01000000   00010000  00001edb  0000e125  RW X
  SRAM_DATA             20000000   00010000  00001edb  0000e125  RW  


SEGMENT ALLOCATION MAP

run origin  load origin   length   init length attrs members
----------  ----------- ---------- ----------- ----- -------
00000000    00000000    000057c0   000057c0    r-x
  00000000    00000000    000000e4   000000e4    r-- .intvecs
  000000e4    000000e4    000053ec   000053ec    r-x .text
  000054d0    000054d0    000002b4   000002b4    r-- .const
  00005788    00005788    00000038   00000038    r-- .cinit
20000000    20000000    00001cdc   00000000    rw-
  20000000    20000000    00001c9b   00000000    rw- .bss
  20001c9c    20001c9c    00000040   00000000    rw- .data
2000fe00    2000fe00    00000200   00000000    rw-
  2000fe00    2000fe00    00000200   00000000    rw- .stack


SECTION ALLOCATION MAP

 output                                  attributes/
section   page    origin      length       input sections
--------  ----  ----------  ----------   ----------------
.intvecs   0    00000000    000000e4     
                  00000000    000000e4     startup_msp432p401r_ccs.obj (.intvecs:retain)

.text      0    000000e4    000053ec     
                  000000e4    00000a5e     rtsv7M4_T_le_v4SPD16_eabi.lib : _printfi.c.obj (.text:__TI_printfi)
                  00000b42    00000002     startup_msp432p401r_ccs.obj (.text:Default_Handler)
                  00000b44    00000518     Main.obj (.text:Check_Buttons)
                  0000105c    00000460     rtsv7M4_T_le_v4SPD16_eabi.lib : strtod.c.obj (.text:strtod)
                  000014bc    000003dc     Main.obj (.text:ConnectCheckQuectel)
                  00001898    00000308     Main.obj (.text:Create_Message)
                  00001ba0    00000270     rtsv7M4_T_le_v4SPD16_eabi.lib : _printfi.c.obj (.text:_pconv_a)
                  00001e10    00000230     Main.obj (.text:EMB_Exchange_Data)
                  00002040    00000204     Main.obj (.text:QuectelCSQCheck)
                  00002244    000001d0     rtsv7M4_T_le_v4SPD16_eabi.lib : _printfi.c.obj (.text:_pconv_g)
                  00002414    000001c4     Main.obj (.text:ReceiveCheckQuectel)
                  000025d8    000001b6     rtsv7M4_T_le_v4SPD16_eabi.lib : fd_add_t2.asm.obj (.text)
                  0000278e    00000002                                   : div0.asm.obj (.text)
                  00002790    00000164     Main.obj (.text:ReceiveCheckEMB)
                  000028f4    0000015b     Main.obj (.text:Init_Transmit_Cloud)
                  00002a4f    00000001     --HOLE-- [fill = 0]
                  00002a50    0000013c     rtsv7M4_T_le_v4SPD16_eabi.lib : _printfi.c.obj (.text:_pconv_e)
                  00002b8c    00000136                                   : fd_div_t2.asm.obj (.text)
                  00002cc2    00000002     --HOLE-- [fill = 0]
                  00002cc4    00000134     Main.obj (.text:EMB_Set_AppSKey)
                  00002df8    00000134     Main.obj (.text:EMB_Set_NwkSKey)
                  00002f2c    00000130     Main.obj (.text:QuectelOkCheck)
                  0000305c    00000124     Main.obj (.text:EMB_Physical_Address_set)
                  00003180    00000120     rtsv7M4_T_le_v4SPD16_eabi.lib : _printfi.c.obj (.text:fcvt)
                  000032a0    00000118     Main.obj (.text:Disable_ADC)
                  000033b8    00000114     Main.obj (.text:Init_Buttons)
                  000034cc    00000114     Main.obj (.text:PowerupCheckBG96)
                  000035e0    00000114     Main.obj (.text:PowerupCheckEG91)
                  000036f4    00000110     rtsv7M4_T_le_v4SPD16_eabi.lib : s_scalbn.c.obj (.text:scalbn)
                  00003804    00000108     Main.obj (.text:EG_Network_Check)
                  0000390c    00000108     Main.obj (.text:Init_NB_IOT)
                  00003a14    000000fc     rtsv7M4_T_le_v4SPD16_eabi.lib : fd_mul_t2.asm.obj (.text)
                  00003b10    000000f8     Main.obj (.text:ADC14_IRQHandler)
                  00003c08    000000e4     Main.obj (.text:GPS_BG96)
                  00003cec    000000dc     Main.obj (.text:Current_handler)
                  00003dc8    000000d4     Main.obj (.text:Init_CAT_M)
                  00003e9c    000000b1     rtsv7M4_T_le_v4SPD16_eabi.lib : _printfi.c.obj (.text:_ltostr)
                  00003f4d    00000003     --HOLE-- [fill = 0]
                  00003f50    000000a0     Main.obj (.text:main)
                  00003ff0    0000009c     Main.obj (.text:Connect_4G)
                  0000408c    0000009c     rtsv7M4_T_le_v4SPD16_eabi.lib : memcpy_t2.asm.obj (.text)
                  00004128    00000096                                   : ull_div_t2.asm.obj (.text)
                  000041be    00000002     --HOLE-- [fill = 0]
                  000041c0    0000008c     Main.obj (.text:InitLoRaWAN)
                  0000424c    00000088     Main.obj (.text:Connect_NB_IOT)
                  000042d4    00000086     rtsv7M4_T_le_v4SPD16_eabi.lib : fd_cmp_t2.asm.obj (.text:__aeabi_cdcmple)
                  0000435a    00000086                                   : fd_cmp_t2.asm.obj (.text:__aeabi_cdrcmple)
                  000043e0    00000084     Main.obj (.text:Init_ADC)
                  00004464    00000080     Main.obj (.text:Connect_CAT_M)
                  000044e4    0000007c     Main.obj (.text:EMB_Network_Adres)
                  00004560    0000007c     Main.obj (.text:EMB_Network_ID)
                  000045dc    0000007a     rtsv7M4_T_le_v4SPD16_eabi.lib : memset_t2.asm.obj (.text)
                  00004656    00000002     --HOLE-- [fill = 0]
                  00004658    00000078     system_msp432p401r.obj (.text:SystemInit)
                  000046d0    0000006e     rtsv7M4_T_le_v4SPD16_eabi.lib : _printfi.c.obj (.text:_mcpy)
                  0000473e    0000006e                                   : fd_tos_t2.asm.obj (.text)
                  000047ac    00000068                                   : copy_decompress_lzss.c.obj (.text:decompress:lzss:__TI_decompress_lzss)
                  00004814    00000064                                   : s_frexp.c.obj (.text:frexp)
                  00004878    0000005c     Main.obj (.text:BG96_Startup)
                  000048d4    0000005c     Main.obj (.text:EG91_Startup)
                  00004930    0000005c     Main.obj (.text:Init_ADC_BG96)
                  0000498c    0000005c     Main.obj (.text:Init_ADC_EG91)
                  000049e8    0000005c     Main.obj (.text:Init_ADC_EMB)
                  00004a44    0000005c     Main.obj (.text:UART_A0_Init)
                  00004aa0    0000005c     Main.obj (.text:UART_A1_Init)
                  00004afc    0000005c     Main.obj (.text:UART_A3_Init)
                  00004b58    00000056     Main.obj (.text:BG96_setting)
                  00004bae    00000056     rtsv7M4_T_le_v4SPD16_eabi.lib : _printfi.c.obj (.text:_pconv_f)
                  00004c04    00000054     Main.obj (.text:EMB_Network_Pref)
                  00004c58    00000054     Main.obj (.text:EMB_Startup)
                  00004cac    00000054     Main.obj (.text:EUSCIA0_IRQHandler)
                  00004d00    00000054     Main.obj (.text:EUSCIA1_IRQHandler)
                  00004d54    00000054     Main.obj (.text:EUSCIA2_IRQHandler)
                  00004da8    00000054     Main.obj (.text:EUSCIA3_IRQHandler)
                  00004dfc    00000054     rtsv7M4_T_le_v4SPD16_eabi.lib : ltoa.c.obj (.text:ltoa)
                  00004e50    00000052                                   : _printfi.c.obj (.text:_ecpy)
                  00004ea2    00000002     --HOLE-- [fill = 0]
                  00004ea4    0000004c     Main.obj (.text:Init_4G)
                  00004ef0    0000004c     rtsv7M4_T_le_v4SPD16_eabi.lib : atoi.c.obj (.text:atoi)
                  00004f3c    00000048                                   : fd_toi_t2.asm.obj (.text)
                  00004f84    00000044     Main.obj (.text:EMB_Network_Start)
                  00004fc8    00000044     Main.obj (.text:EMB_Network_Stop)
                  0000500c    00000044     Main.obj (.text:EMB_Reset)
                  00005050    00000044     rtsv7M4_T_le_v4SPD16_eabi.lib : autoinit.c.obj (.text:__TI_auto_init_nobinit_nopinit:__TI_auto_init_nobinit_nopinit)
                  00005094    00000040                                   : sprintf.c.obj (.text:sprintf)
                  000050d4    00000040     Main.obj (.text:uart_puts_BG96)
                  00005114    00000040     Main.obj (.text:uart_puts_EG91)
                  00005154    0000003e     rtsv7M4_T_le_v4SPD16_eabi.lib : _printfi.c.obj (.text:_fcpy)
                  00005192    00000002     --HOLE-- [fill = 0]
                  00005194    00000038                                   : boot_cortex_m.c.obj (.text:_c_int00_noargs:_c_int00_noargs)
                  000051cc    00000038                                   : fs_tod_t2.asm.obj (.text)
                  00005204    00000034     Main.obj (.text:Reset_Index)
                  00005238    00000033     Main.obj (.text:Transmit_4G)
                  0000526b    00000001     --HOLE-- [fill = 0]
                  0000526c    00000033     Main.obj (.text:Transmit_CAT_M)
                  0000529f    00000001     --HOLE-- [fill = 0]
                  000052a0    00000033     Main.obj (.text:Transmit_NB_IOT)
                  000052d3    00000001     --HOLE-- [fill = 0]
                  000052d4    00000030     Main.obj (.text:Systick_delay)
                  00005304    0000002e     rtsv7M4_T_le_v4SPD16_eabi.lib : i_tofd_t2.asm.obj (.text)
                  00005332    00000002     --HOLE-- [fill = 0]
                  00005334    00000024     msp432p4xx_driverlib.lib : cs_MSP432P4XX.obj (.text:CS_setDCOCenteredFrequency)
                  00005358    00000024     Main.obj (.text:Disable_UART)
                  0000537c    00000024     msp432p4xx_driverlib.lib : interrupt_MSP432P4XX.obj (.text:Interrupt_setPriority)
                  000053a0    00000020     Main.obj (.text:SysTick_Handler)
                  000053c0    0000001c     rtsv7M4_T_le_v4SPD16_eabi.lib : memccpy.c.obj (.text:memccpy)
                  000053dc    00000018     Main.obj (.text:MCU_led)
                  000053f4    00000018     rtsv7M4_T_le_v4SPD16_eabi.lib : sprintf.c.obj (.text:_outs)
                  0000540c    00000016                                   : strchr.c.obj (.text:strchr)
                  00005422    00000014                                   : s_copysign.c.obj (.text:copysign)
                  00005436    00000014                                   : strlen.c.obj (.text:strlen)
                  0000544a    00000012                                   : atof.c.obj (.text:atof)
                  0000545c    00000012                                   : wcslen.c.obj (.text:wcslen)
                  0000546e    00000010     Main.obj (.text:ConnectLoRaWAN)
                  0000547e    00000010     Main.obj (.text:TransmitLoRaWAN)
                  0000548e    0000000e     rtsv7M4_T_le_v4SPD16_eabi.lib : copy_decompress_none.c.obj (.text:decompress:none:__TI_decompress_none)
                  0000549c    0000000c     startup_msp432p401r_ccs.obj (.text:Reset_Handler)
                  000054a8    0000000c     rtsv7M4_T_le_v4SPD16_eabi.lib : copy_zero_init.c.obj (.text:decompress:ZI:__TI_zero_init)
                  000054b4    0000000a                                   : sprintf.c.obj (.text:_outc)
                  000054be    00000002     --HOLE-- [fill = 0]
                  000054c0    00000008                                   : errno.c.obj (.text:__aeabi_errno_addr)
                  000054c8    00000004                                   : pre_init.c.obj (.text:_system_pre_init)
                  000054cc    00000004                                   : exit.c.obj (.text:abort:abort)

.const     0    000054d0    000002b4     
                  000054d0    00000101     rtsv7M4_T_le_v4SPD16_eabi.lib : ctype.c.obj (.const:.string:_ctypes_)
                  000055d1    00000007     --HOLE-- [fill = 0]
                  000055d8    000000c8                                   : strtod.c.obj (.const:$O1$$)
                  000056a0    00000050     msp432p4xx_driverlib.lib : interrupt_MSP432P4XX.obj (.const:g_pulRegs)
                  000056f0    00000024     Main.obj (.const:BG96_UART_Config)
                  00005714    00000024     Main.obj (.const:EG91_UART_Config)
                  00005738    00000024     Main.obj (.const:EMB_UART_Config)
                  0000575c    00000018     Main.obj (.const:upModeConfig)
                  00005774    00000010     Main.obj (.const:compareConfig)

.cinit     0    00005788    00000038     
                  00005788    00000011     (.cinit..data.load) [load image, compression = lzss]
                  00005799    00000003     --HOLE-- [fill = 0]
                  0000579c    0000000c     (__TI_handler_table)
                  000057a8    00000008     (.cinit..bss.load) [load image, compression = zero_init]
                  000057b0    00000010     (__TI_cinit_table)

.init_array 
*          0    00000000    00000000     UNINITIALIZED

.binit     0    00000000    00000000     

.bss       0    20000000    00001c9b     UNINITIALIZED
                  20000000    000005dc     (.common:StringToSend)
                  200005dc    000003e8     Main.obj (.bss:MovAvgConnected)
                  200009c4    000003e8     Main.obj (.bss:MovAvgInitialising)
                  20000dac    000003e8     Main.obj (.bss:MovAvgTransmission)
                  20001194    000003e8     Main.obj (.bss:MovAvgs)
                  2000157c    000003e8     Main.obj (.bss:Samples)
                  20001964    000000c8     Main.obj (.bss:MovAvgIdle)
                  20001a2c    000000c8     (.common:RXBuffer)
                  20001af4    00000098     (.common:StringPost)
                  20001b8c    00000098     (.common:StringURL)
                  20001c24    00000034     Main.obj (.bss:Readings)
                  20001c58    00000008     (.common:tempchar)
                  20001c60    00000004     (.common:Cell)
                  20001c64    00000004     (.common:GPS_Lat)
                  20001c68    00000004     (.common:GPS_Lon)
                  20001c6c    00000004     (.common:LAC)
                  20001c70    00000004     (.common:MCC)
                  20001c74    00000004     (.common:MNC)
                  20001c78    00000004     (.common:Network)
                  20001c7c    00000004     (.common:PostLength)
                  20001c80    00000004     (.common:Sequence)
                  20001c84    00000004     (.common:SignalStrength)
                  20001c88    00000004     (.common:Size)
                  20001c8c    00000004     (.common:r)
                  20001c90    00000004     (.common:s)
                  20001c94    00000004     (.common:xx)
                  20001c98    00000001     (.common:GNSS_BG96)
                  20001c99    00000001     (.common:j)
                  20001c9a    00000001     (.common:startup)

.data      0    20001c9c    00000040     UNINITIALIZED
                  20001c9c    0000003c     Main.obj (.data)
                  20001cd8    00000004     rtsv7M4_T_le_v4SPD16_eabi.lib : errno.c.obj (.data)

.stack     0    2000fe00    00000200     UNINITIALIZED
                  2000fe00    00000004     rtsv7M4_T_le_v4SPD16_eabi.lib : boot_cortex_m.c.obj (.stack)
                  2000fe04    000001fc     --HOLE--

MODULE SUMMARY

       Module                        code    ro data   rw data
       ------                        ----    -------   -------
    .\
       Main.obj                      12266   148       14766  
       system_msp432p401r.obj        120     0         0      
    +--+-----------------------------+-------+---------+---------+
       Total:                        12386   148       14766  
                                                              
    .\ccs\
       startup_msp432p401r_ccs.obj   14      228       0      
    +--+-----------------------------+-------+---------+---------+
       Total:                        14      228       0      
                                                              
    C:/ti/simplelink_msp432p4_sdk_2_10_00_14/source/ti/devices/msp432p4xx/driverlib/ccs/msp432p4xx_driverlib.lib
       interrupt_MSP432P4XX.obj      36      80        0      
       cs_MSP432P4XX.obj             36      0         0      
    +--+-----------------------------+-------+---------+---------+
       Total:                        72      80        0      
                                                              
    C:\ti\ccsv8\tools\compiler\ti-cgt-arm_18.1.1.LTS\lib\rtsv7M4_T_le_v4SPD16_eabi.lib
       _printfi.c.obj                4863    0         0      
       strtod.c.obj                  1120    200       0      
       fd_add_t2.asm.obj             438     0         0      
       fd_div_t2.asm.obj             310     0         0      
       s_scalbn.c.obj                272     0         0      
       fd_cmp_t2.asm.obj             268     0         0      
       ctype.c.obj                   0       257       0      
       fd_mul_t2.asm.obj             252     0         0      
       memcpy_t2.asm.obj             156     0         0      
       ull_div_t2.asm.obj            150     0         0      
       memset_t2.asm.obj             122     0         0      
       fd_tos_t2.asm.obj             110     0         0      
       copy_decompress_lzss.c.obj    104     0         0      
       s_frexp.c.obj                 100     0         0      
       sprintf.c.obj                 98      0         0      
       ltoa.c.obj                    84      0         0      
       atoi.c.obj                    76      0         0      
       fd_toi_t2.asm.obj             72      0         0      
       autoinit.c.obj                68      0         0      
       boot_cortex_m.c.obj           56      0         0      
       fs_tod_t2.asm.obj             56      0         0      
       i_tofd_t2.asm.obj             46      0         0      
       memccpy.c.obj                 28      0         0      
       strchr.c.obj                  22      0         0      
       s_copysign.c.obj              20      0         0      
       strlen.c.obj                  20      0         0      
       atof.c.obj                    18      0         0      
       wcslen.c.obj                  18      0         0      
       errno.c.obj                   8       0         8      
       copy_decompress_none.c.obj    14      0         0      
       copy_zero_init.c.obj          12      0         0      
       exit.c.obj                    4       0         0      
       pre_init.c.obj                4       0         0      
       div0.asm.obj                  2       0         0      
    +--+-----------------------------+-------+---------+---------+
       Total:                        8991    457       8      
                                                              
       Stack:                        0       0         1024   
       Linker Generated:             0       53        0      
    +--+-----------------------------+-------+---------+---------+
       Grand Total:                  21463   966       15798  


LINKER GENERATED COPY TABLES

__TI_cinit_table @ 000057b0 records: 2, size/record: 8, table size: 16
	.data: load addr=00005788, load size=00000011 bytes, run addr=20001c9c, run size=00000040 bytes, compression=lzss
	.bss: load addr=000057a8, load size=00000008 bytes, run addr=20000000, run size=00001c9b bytes, compression=zero_init


LINKER GENERATED HANDLER TABLE

__TI_handler_table @ 0000579c records: 3, size/record: 4, table size: 12
	index: 0, handler: __TI_decompress_lzss
	index: 1, handler: __TI_decompress_none
	index: 2, handler: __TI_zero_init


GLOBAL SYMBOLS: SORTED ALPHABETICALLY BY Name 

address   name                          
-------   ----                          
00003b11  ADC14_IRQHandler              
00003b11  ADC14_IRQHandler              
00000b43  AES256_IRQHandler             
20001cc8  AT_Error                      
00004879  BG96_Startup                  
000056f0  BG96_UART_Config              
00004b59  BG96_setting                  
00000b43  BusFault_Handler              
000054cd  C$$EXIT                       
00000b43  COMP_E0_IRQHandler            
00000b43  COMP_E1_IRQHandler            
00000b43  CS_IRQHandler                 
00005335  CS_setDCOCenteredFrequency    
20001c60  Cell                          
00000b45  Check_Buttons                 
20001cbe  Checksum                      
20001cc0  Checksumfield                 
000014bd  ConnectCheckQuectel           
0000546f  ConnectLoRaWAN                
00003ff1  Connect_4G                    
00004465  Connect_CAT_M                 
0000424d  Connect_NB_IOT                
00001899  Create_Message                
00003ced  Current_handler               
00000b43  DMA_ERR_IRQHandler            
00000b43  DMA_INT0_IRQHandler           
00000b43  DMA_INT1_IRQHandler           
00000b43  DMA_INT2_IRQHandler           
00000b43  DMA_INT3_IRQHandler           
00000b43  DebugMon_Handler              
00000b43  Default_Handler               
000032a1  Disable_ADC                   
00005359  Disable_UART                  
000048d5  EG91_Startup                  
00005714  EG91_UART_Config              
00003805  EG_Network_Check              
00001e11  EMB_Exchange_Data             
000044e5  EMB_Network_Adres             
00004561  EMB_Network_ID                
00004c05  EMB_Network_Pref              
00004f85  EMB_Network_Start             
00004fc9  EMB_Network_Stop              
0000305d  EMB_Physical_Address_set      
0000500d  EMB_Reset                     
00002cc5  EMB_Set_AppSKey               
00002df9  EMB_Set_NwkSKey               
00004c59  EMB_Startup                   
00005738  EMB_UART_Config               
00004cad  EUSCIA0_IRQHandler            
00004cad  EUSCIA0_IRQHandler            
00004d01  EUSCIA1_IRQHandler            
00004d01  EUSCIA1_IRQHandler            
00004d55  EUSCIA2_IRQHandler            
00004d55  EUSCIA2_IRQHandler            
00004da9  EUSCIA3_IRQHandler            
00004da9  EUSCIA3_IRQHandler            
00000b43  EUSCIB0_IRQHandler            
00000b43  EUSCIB1_IRQHandler            
00000b43  EUSCIB2_IRQHandler            
00000b43  EUSCIB3_IRQHandler            
00000b43  FLCTL_IRQHandler              
00000b43  FPU_IRQHandler                
20001c98  GNSS_BG96                     
00003c09  GPS_BG96                      
20001ccc  GPS_Count                     
20001c64  GPS_Lat                       
20001c68  GPS_Lon                       
00000b43  HardFault_Handler             
000041c1  InitLoRaWAN                   
00004ea5  Init_4G                       
000043e1  Init_ADC                      
00004931  Init_ADC_BG96                 
0000498d  Init_ADC_EG91                 
000049e9  Init_ADC_EMB                  
000033b9  Init_Buttons                  
00003dc9  Init_CAT_M                    
0000390d  Init_NB_IOT                   
000028f5  Init_Transmit_Cloud           
0000537d  Interrupt_setPriority         
20001c6c  LAC                           
20001c70  MCC                           
000053dd  MCU_led                       
20001c74  MNC                           
00000b43  MemManage_Handler             
20001cbf  Messagefield                  
20001c9c  Module_status                 
00000b43  NMI_Handler                   
20001c78  Network                       
00000b43  PCM_IRQHandler                
00000b43  PORT1_IRQHandler              
00000b43  PORT2_IRQHandler              
00000b43  PORT3_IRQHandler              
00000b43  PORT4_IRQHandler              
00000b43  PORT5_IRQHandler              
00000b43  PORT6_IRQHandler              
00000b43  PSS_IRQHandler                
00000b43  PendSV_Handler                
20001c7c  PostLength                    
000034cd  PowerupCheckBG96              
000035e1  PowerupCheckEG91              
20001cc2  Powerup_done                  
00002041  QuectelCSQCheck               
00002f2d  QuectelOkCheck                
00000b43  RTC_C_IRQHandler              
20001a2c  RXBuffer                      
00002791  ReceiveCheckEMB               
00002415  ReceiveCheckQuectel           
20001cc1  Receive_done                  
0000549d  Reset_Handler                 
00005205  Reset_Index                   
00000b43  SVC_Handler                   
20001c80  Sequence                      
20001c84  SignalStrength                
20001c88  Size                          
20001af4  StringPost                    
20000000  StringToSend                  
20001b8c  StringURL                     
000053a1  SysTick_Handler               
000053a1  SysTick_Handler               
00004659  SystemInit                    
000052d5  Systick_delay                 
00000b43  T32_INT1_IRQHandler           
00000b43  T32_INT2_IRQHandler           
00000b43  T32_INTC_IRQHandler           
00000b43  TA0_0_IRQHandler              
00000b43  TA0_N_IRQHandler              
00000b43  TA1_0_IRQHandler              
00000b43  TA1_N_IRQHandler              
00000b43  TA2_0_IRQHandler              
00000b43  TA2_N_IRQHandler              
00000b43  TA3_0_IRQHandler              
00000b43  TA3_N_IRQHandler              
20001cd4  Ticks                         
0000547f  TransmitLoRaWAN               
00005239  Transmit_4G                   
0000526d  Transmit_CAT_M                
000052a1  Transmit_NB_IOT               
00004a45  UART_A0_Init                  
00004aa1  UART_A1_Init                  
00004afd  UART_A3_Init                  
00000b43  UsageFault_Handler            
4000480c  WDTCTL_SYM                    
00000b43  WDT_A_IRQHandler              
20010000  __STACK_END                   
00000200  __STACK_SIZE                  
000057b0  __TI_CINIT_Base               
000057c0  __TI_CINIT_Limit              
0000579c  __TI_Handler_Table_Base       
000057a8  __TI_Handler_Table_Limit      
00005051  __TI_auto_init_nobinit_nopinit
000047ad  __TI_decompress_lzss          
0000548f  __TI_decompress_none          
ffffffff  __TI_pprof_out_hndl           
000000e5  __TI_printfi                  
ffffffff  __TI_prof_data_size           
ffffffff  __TI_prof_data_start          
00000000  __TI_static_base__            
000054a9  __TI_zero_init                
000042d5  __aeabi_cdcmpeq               
000042d5  __aeabi_cdcmple               
0000435b  __aeabi_cdrcmple              
0000473f  __aeabi_d2f                   
00004f3d  __aeabi_d2iz                  
000025e3  __aeabi_dadd                  
00002b8d  __aeabi_ddiv                  
00003a15  __aeabi_dmul                  
000025d9  __aeabi_dsub                  
000054c1  __aeabi_errno_addr            
000051cd  __aeabi_f2d                   
00005305  __aeabi_i2d                   
0000278f  __aeabi_idiv0                 
0000278f  __aeabi_ldiv0                 
000045dd  __aeabi_memclr                
000045dd  __aeabi_memclr4               
000045dd  __aeabi_memclr8               
0000408d  __aeabi_memcpy                
0000408d  __aeabi_memcpy4               
0000408d  __aeabi_memcpy8               
000045df  __aeabi_memset                
000045df  __aeabi_memset4               
000045df  __aeabi_memset8               
00004129  __aeabi_uldivmod              
ffffffff  __binit__                     
ffffffff  __c_args__                    
UNDEFED   __mpu_init                    
2000fe00  __stack                       
00005195  _c_int00_noargs               
000054d0  _ctypes_                      
UNDEFED   _system_post_cinit            
000054c9  _system_pre_init              
000054cd  abort                         
0000544b  atof                          
00004ef1  atoi                          
ffffffff  binit                         
00005774  compareConfig                 
00005423  copysign                      
00005423  copysignl                     
20001cc7  counter                       
20001cd8  errno                         
00004815  frexp                         
00004815  frexpl                        
20001cc3  i                             
20001cc6  ii                            
00000000  interruptVectors              
20001c99  j                             
000036f5  ldexp                         
000036f5  ldexpl                        
00004dfd  ltoa                          
00003f51  main                          
000053c1  memccpy                       
0000408d  memcpy                        
000045e5  memset                        
20001c8c  r                             
20001c90  s                             
000036f5  scalbn                        
000036f5  scalbnl                       
00005095  sprintf                       
20001c9a  startup                       
20001cd0  status                        
0000540d  strchr                        
00005437  strlen                        
0000105d  strtod                        
0000105d  strtold                       
20001c58  tempchar                      
000050d5  uart_puts_BG96                
00005115  uart_puts_EG91                
0000575c  upModeConfig                  
0000545d  wcslen                        
20001cc4  x                             
20001c94  xx                            
20001cc5  y                             


GLOBAL SYMBOLS: SORTED BY Symbol Address 

address   name                          
-------   ----                          
00000000  __TI_static_base__            
00000000  interruptVectors              
000000e5  __TI_printfi                  
00000200  __STACK_SIZE                  
00000b43  AES256_IRQHandler             
00000b43  BusFault_Handler              
00000b43  COMP_E0_IRQHandler            
00000b43  COMP_E1_IRQHandler            
00000b43  CS_IRQHandler                 
00000b43  DMA_ERR_IRQHandler            
00000b43  DMA_INT0_IRQHandler           
00000b43  DMA_INT1_IRQHandler           
00000b43  DMA_INT2_IRQHandler           
00000b43  DMA_INT3_IRQHandler           
00000b43  DebugMon_Handler              
00000b43  Default_Handler               
00000b43  EUSCIB0_IRQHandler            
00000b43  EUSCIB1_IRQHandler            
00000b43  EUSCIB2_IRQHandler            
00000b43  EUSCIB3_IRQHandler            
00000b43  FLCTL_IRQHandler              
00000b43  FPU_IRQHandler                
00000b43  HardFault_Handler             
00000b43  MemManage_Handler             
00000b43  NMI_Handler                   
00000b43  PCM_IRQHandler                
00000b43  PORT1_IRQHandler              
00000b43  PORT2_IRQHandler              
00000b43  PORT3_IRQHandler              
00000b43  PORT4_IRQHandler              
00000b43  PORT5_IRQHandler              
00000b43  PORT6_IRQHandler              
00000b43  PSS_IRQHandler                
00000b43  PendSV_Handler                
00000b43  RTC_C_IRQHandler              
00000b43  SVC_Handler                   
00000b43  T32_INT1_IRQHandler           
00000b43  T32_INT2_IRQHandler           
00000b43  T32_INTC_IRQHandler           
00000b43  TA0_0_IRQHandler              
00000b43  TA0_N_IRQHandler              
00000b43  TA1_0_IRQHandler              
00000b43  TA1_N_IRQHandler              
00000b43  TA2_0_IRQHandler              
00000b43  TA2_N_IRQHandler              
00000b43  TA3_0_IRQHandler              
00000b43  TA3_N_IRQHandler              
00000b43  UsageFault_Handler            
00000b43  WDT_A_IRQHandler              
00000b45  Check_Buttons                 
0000105d  strtod                        
0000105d  strtold                       
000014bd  ConnectCheckQuectel           
00001899  Create_Message                
00001e11  EMB_Exchange_Data             
00002041  QuectelCSQCheck               
00002415  ReceiveCheckQuectel           
000025d9  __aeabi_dsub                  
000025e3  __aeabi_dadd                  
0000278f  __aeabi_idiv0                 
0000278f  __aeabi_ldiv0                 
00002791  ReceiveCheckEMB               
000028f5  Init_Transmit_Cloud           
00002b8d  __aeabi_ddiv                  
00002cc5  EMB_Set_AppSKey               
00002df9  EMB_Set_NwkSKey               
00002f2d  QuectelOkCheck                
0000305d  EMB_Physical_Address_set      
000032a1  Disable_ADC                   
000033b9  Init_Buttons                  
000034cd  PowerupCheckBG96              
000035e1  PowerupCheckEG91              
000036f5  ldexp                         
000036f5  ldexpl                        
000036f5  scalbn                        
000036f5  scalbnl                       
00003805  EG_Network_Check              
0000390d  Init_NB_IOT                   
00003a15  __aeabi_dmul                  
00003b11  ADC14_IRQHandler              
00003b11  ADC14_IRQHandler              
00003c09  GPS_BG96                      
00003ced  Current_handler               
00003dc9  Init_CAT_M                    
00003f51  main                          
00003ff1  Connect_4G                    
0000408d  __aeabi_memcpy                
0000408d  __aeabi_memcpy4               
0000408d  __aeabi_memcpy8               
0000408d  memcpy                        
00004129  __aeabi_uldivmod              
000041c1  InitLoRaWAN                   
0000424d  Connect_NB_IOT                
000042d5  __aeabi_cdcmpeq               
000042d5  __aeabi_cdcmple               
0000435b  __aeabi_cdrcmple              
000043e1  Init_ADC                      
00004465  Connect_CAT_M                 
000044e5  EMB_Network_Adres             
00004561  EMB_Network_ID                
000045dd  __aeabi_memclr                
000045dd  __aeabi_memclr4               
000045dd  __aeabi_memclr8               
000045df  __aeabi_memset                
000045df  __aeabi_memset4               
000045df  __aeabi_memset8               
000045e5  memset                        
00004659  SystemInit                    
0000473f  __aeabi_d2f                   
000047ad  __TI_decompress_lzss          
00004815  frexp                         
00004815  frexpl                        
00004879  BG96_Startup                  
000048d5  EG91_Startup                  
00004931  Init_ADC_BG96                 
0000498d  Init_ADC_EG91                 
000049e9  Init_ADC_EMB                  
00004a45  UART_A0_Init                  
00004aa1  UART_A1_Init                  
00004afd  UART_A3_Init                  
00004b59  BG96_setting                  
00004c05  EMB_Network_Pref              
00004c59  EMB_Startup                   
00004cad  EUSCIA0_IRQHandler            
00004cad  EUSCIA0_IRQHandler            
00004d01  EUSCIA1_IRQHandler            
00004d01  EUSCIA1_IRQHandler            
00004d55  EUSCIA2_IRQHandler            
00004d55  EUSCIA2_IRQHandler            
00004da9  EUSCIA3_IRQHandler            
00004da9  EUSCIA3_IRQHandler            
00004dfd  ltoa                          
00004ea5  Init_4G                       
00004ef1  atoi                          
00004f3d  __aeabi_d2iz                  
00004f85  EMB_Network_Start             
00004fc9  EMB_Network_Stop              
0000500d  EMB_Reset                     
00005051  __TI_auto_init_nobinit_nopinit
00005095  sprintf                       
000050d5  uart_puts_BG96                
00005115  uart_puts_EG91                
00005195  _c_int00_noargs               
000051cd  __aeabi_f2d                   
00005205  Reset_Index                   
00005239  Transmit_4G                   
0000526d  Transmit_CAT_M                
000052a1  Transmit_NB_IOT               
000052d5  Systick_delay                 
00005305  __aeabi_i2d                   
00005335  CS_setDCOCenteredFrequency    
00005359  Disable_UART                  
0000537d  Interrupt_setPriority         
000053a1  SysTick_Handler               
000053a1  SysTick_Handler               
000053c1  memccpy                       
000053dd  MCU_led                       
0000540d  strchr                        
00005423  copysign                      
00005423  copysignl                     
00005437  strlen                        
0000544b  atof                          
0000545d  wcslen                        
0000546f  ConnectLoRaWAN                
0000547f  TransmitLoRaWAN               
0000548f  __TI_decompress_none          
0000549d  Reset_Handler                 
000054a9  __TI_zero_init                
000054c1  __aeabi_errno_addr            
000054c9  _system_pre_init              
000054cd  C$$EXIT                       
000054cd  abort                         
000054d0  _ctypes_                      
000056f0  BG96_UART_Config              
00005714  EG91_UART_Config              
00005738  EMB_UART_Config               
0000575c  upModeConfig                  
00005774  compareConfig                 
0000579c  __TI_Handler_Table_Base       
000057a8  __TI_Handler_Table_Limit      
000057b0  __TI_CINIT_Base               
000057c0  __TI_CINIT_Limit              
20000000  StringToSend                  
20001a2c  RXBuffer                      
20001af4  StringPost                    
20001b8c  StringURL                     
20001c58  tempchar                      
20001c60  Cell                          
20001c64  GPS_Lat                       
20001c68  GPS_Lon                       
20001c6c  LAC                           
20001c70  MCC                           
20001c74  MNC                           
20001c78  Network                       
20001c7c  PostLength                    
20001c80  Sequence                      
20001c84  SignalStrength                
20001c88  Size                          
20001c8c  r                             
20001c90  s                             
20001c94  xx                            
20001c98  GNSS_BG96                     
20001c99  j                             
20001c9a  startup                       
20001c9c  Module_status                 
20001cbe  Checksum                      
20001cbf  Messagefield                  
20001cc0  Checksumfield                 
20001cc1  Receive_done                  
20001cc2  Powerup_done                  
20001cc3  i                             
20001cc4  x                             
20001cc5  y                             
20001cc6  ii                            
20001cc7  counter                       
20001cc8  AT_Error                      
20001ccc  GPS_Count                     
20001cd0  status                        
20001cd4  Ticks                         
20001cd8  errno                         
2000fe00  __stack                       
20010000  __STACK_END                   
4000480c  WDTCTL_SYM                    
ffffffff  __TI_pprof_out_hndl           
ffffffff  __TI_prof_data_size           
ffffffff  __TI_prof_data_start          
ffffffff  __binit__                     
ffffffff  __c_args__                    
ffffffff  binit                         
UNDEFED   __mpu_init                    
UNDEFED   _system_post_cinit            

[231 symbols]
