******************************************************************************
                  TI ARM Linker PC v18.1.1                     
******************************************************************************
>> Linked Thu Jul 12 15:25:49 2018

OUTPUT FILE NAME:   <AFS30_UART_test.out>
ENTRY POINT SYMBOL: "_c_int00_noargs"  address: 00001579


MEMORY CONFIGURATION

         name            origin    length      used     unused   attr    fill
----------------------  --------  ---------  --------  --------  ----  --------
  MAIN                  00000000   00040000  00001750  0003e8b0  R  X
  INFO                  00200000   00004000  00000000  00004000  R  X
  SRAM_CODE             01000000   00010000  00000271  0000fd8f  RW X
  SRAM_DATA             20000000   00010000  00000271  0000fd8f  RW  


SEGMENT ALLOCATION MAP

run origin  load origin   length   init length attrs members
----------  ----------- ---------- ----------- ----- -------
00000000    00000000    00001750   00001750    r-x
  00000000    00000000    000000e4   000000e4    r-- .intvecs
  000000e4    000000e4    000015d0   000015d0    r-x .text
  000016b4    000016b4    0000006c   0000006c    r-- .const
  00001720    00001720    00000030   00000030    r-- .cinit
20000000    20000000    00000071   00000000    rw-
  20000000    20000000    00000065   00000000    rw- .bss
  20000065    20000065    0000000c   00000000    rw- .data
2000fe00    2000fe00    00000200   00000000    rw-
  2000fe00    2000fe00    00000200   00000000    rw- .stack


SECTION ALLOCATION MAP

 output                                  attributes/
section   page    origin      length       input sections
--------  ----  ----------  ----------   ----------------
.intvecs   0    00000000    000000e4     
                  00000000    000000e4     startup_msp432p401r_ccs.obj (.intvecs:retain)

.text      0    000000e4    000015d0     
                  000000e4    00000230     uart_loopback_24mhz_brclk.obj (.text:EMB_Exchange_Data)
                  00000314    000001a4     uart_loopback_24mhz_brclk.obj (.text:Check_Buttons)
                  000004b8    000001a0     uart_loopback_24mhz_brclk.obj (.text:ReceiveCheckQuectel)
                  00000658    00000138     uart_loopback_24mhz_brclk.obj (.text:ReceiveCheckEMB)
                  00000790    00000134     uart_loopback_24mhz_brclk.obj (.text:EMB_Set_AppSKey)
                  000008c4    00000134     uart_loopback_24mhz_brclk.obj (.text:EMB_Set_NwkSKey)
                  000009f8    00000124     uart_loopback_24mhz_brclk.obj (.text:EMB_Physical_Address_set)
                  00000b1c    000000e8     uart_loopback_24mhz_brclk.obj (.text:Init_Buttons)
                  00000c04    000000dc     uart_loopback_24mhz_brclk.obj (.text:PowerupCheckEG91)
                  00000ce0    000000c0     uart_loopback_24mhz_brclk.obj (.text:PowerupCheckBG96)
                  00000da0    000000b8     uart_loopback_24mhz_brclk.obj (.text:LoRaWAN)
                  00000e58    0000009c     rtsv7M4_T_le_v4SPD16_eabi.lib : memcpy_t2.asm.obj (.text)
                  00000ef4    0000007c     uart_loopback_24mhz_brclk.obj (.text:EMB_Network_Adres)
                  00000f70    0000007c     uart_loopback_24mhz_brclk.obj (.text:EMB_Network_ID)
                  00000fec    00000078     system_msp432p401r.obj (.text:SystemInit)
                  00001064    00000068     rtsv7M4_T_le_v4SPD16_eabi.lib : copy_decompress_lzss.c.obj (.text:decompress:lzss:__TI_decompress_lzss)
                  000010cc    00000064     uart_loopback_24mhz_brclk.obj (.text:EMB_Startup)
                  00001130    0000005c     uart_loopback_24mhz_brclk.obj (.text:UART_A0_Init)
                  0000118c    0000005c     uart_loopback_24mhz_brclk.obj (.text:UART_A1_Init)
                  000011e8    0000005c     uart_loopback_24mhz_brclk.obj (.text:UART_A3_Init)
                  00001244    00000054     uart_loopback_24mhz_brclk.obj (.text:EMB_Network_Pref)
                  00001298    00000054     uart_loopback_24mhz_brclk.obj (.text:EUSCIA0_IRQHandler)
                  000012ec    00000054     uart_loopback_24mhz_brclk.obj (.text:EUSCIA1_IRQHandler)
                  00001340    00000054     uart_loopback_24mhz_brclk.obj (.text:EUSCIA2_IRQHandler)
                  00001394    00000054     uart_loopback_24mhz_brclk.obj (.text:EUSCIA3_IRQHandler)
                  000013e8    00000044     uart_loopback_24mhz_brclk.obj (.text:EMB_Network_Start)
                  0000142c    00000044     uart_loopback_24mhz_brclk.obj (.text:EMB_Network_Stop)
                  00001470    00000044     uart_loopback_24mhz_brclk.obj (.text:EMB_Reset)
                  000014b4    00000044     rtsv7M4_T_le_v4SPD16_eabi.lib : autoinit.c.obj (.text:__TI_auto_init_nobinit_nopinit:__TI_auto_init_nobinit_nopinit)
                  000014f8    00000040     uart_loopback_24mhz_brclk.obj (.text:uart_puts_BG96)
                  00001538    00000040     uart_loopback_24mhz_brclk.obj (.text:uart_puts_EG91)
                  00001578    00000038     rtsv7M4_T_le_v4SPD16_eabi.lib : boot_cortex_m.c.obj (.text:_c_int00_noargs:_c_int00_noargs)
                  000015b0    00000035     uart_loopback_24mhz_brclk.obj (.text:BG96_Startup)
                  000015e5    00000001     --HOLE-- [fill = 0]
                  000015e6    00000002     startup_msp432p401r_ccs.obj (.text:Default_Handler)
                  000015e8    00000035     uart_loopback_24mhz_brclk.obj (.text:EG91_Startup)
                  0000161d    00000003     --HOLE-- [fill = 0]
                  00001620    00000024     msp432p4xx_driverlib.lib : cs_MSP432P4XX.obj (.text:CS_setDCOCenteredFrequency)
                  00001644    00000024     uart_loopback_24mhz_brclk.obj (.text:main)
                  00001668    00000018     uart_loopback_24mhz_brclk.obj (.text:MCU_led)
                  00001680    00000012     rtsv7M4_T_le_v4SPD16_eabi.lib : copy_zero_init.c.obj (.text:decompress:ZI:__TI_zero_init_nomemset:__TI_zero_init_nomemset)
                  00001692    0000000e                                   : copy_decompress_none.c.obj (.text:decompress:none:__TI_decompress_none)
                  000016a0    0000000c     startup_msp432p401r_ccs.obj (.text:Reset_Handler)
                  000016ac    00000004     rtsv7M4_T_le_v4SPD16_eabi.lib : pre_init.c.obj (.text:_system_pre_init)
                  000016b0    00000004                                   : exit.c.obj (.text:abort:abort)

.const     0    000016b4    0000006c     
                  000016b4    00000024     uart_loopback_24mhz_brclk.obj (.const:BG96_UART_Config)
                  000016d8    00000024     uart_loopback_24mhz_brclk.obj (.const:EG91_UART_Config)
                  000016fc    00000024     uart_loopback_24mhz_brclk.obj (.const:EMB_UART_Config)

.cinit     0    00001720    00000030     
                  00001720    0000000c     (__TI_handler_table)
                  0000172c    00000004     --HOLE-- [fill = 0]
                  00001730    00000008     (.cinit..bss.load) [load image, compression = zero_init]
                  00001738    00000007     (.cinit..data.load) [load image, compression = lzss]
                  0000173f    00000001     --HOLE-- [fill = 0]
                  00001740    00000010     (__TI_cinit_table)

.init_array 
*          0    00000000    00000000     UNINITIALIZED

.binit     0    00000000    00000000     

.bss       0    20000000    00000065     UNINITIALIZED
                  20000000    00000064     (.common:RXBuffer)
                  20000064    00000001     (.common:j)

.data      0    20000065    0000000c     UNINITIALIZED
                  20000065    0000000c     uart_loopback_24mhz_brclk.obj (.data)

.stack     0    2000fe00    00000200     UNINITIALIZED
                  2000fe00    00000004     rtsv7M4_T_le_v4SPD16_eabi.lib : boot_cortex_m.c.obj (.stack)
                  2000fe04    000001fc     --HOLE--

MODULE SUMMARY

       Module                          code   ro data   rw data
       ------                          ----   -------   -------
    .\
       uart_loopback_24mhz_brclk.obj   4986   108       226    
       system_msp432p401r.obj          120    0         0      
    +--+-------------------------------+------+---------+---------+
       Total:                          5106   108       226    
                                                               
    .\ccs\
       startup_msp432p401r_ccs.obj     14     228       0      
    +--+-------------------------------+------+---------+---------+
       Total:                          14     228       0      
                                                               
    C:/ti/simplelink_msp432p4_sdk_2_10_00_14/source/ti/devices/msp432p4xx/driverlib/ccs/msp432p4xx_driverlib.lib
       cs_MSP432P4XX.obj               36     0         0      
    +--+-------------------------------+------+---------+---------+
       Total:                          36     0         0      
                                                               
    C:\ti\ccsv8\tools\compiler\ti-cgt-arm_18.1.1.LTS\lib\rtsv7M4_T_le_v4SPD16_eabi.lib
       memcpy_t2.asm.obj               156    0         0      
       copy_decompress_lzss.c.obj      104    0         0      
       autoinit.c.obj                  68     0         0      
       boot_cortex_m.c.obj             56     0         0      
       copy_zero_init.c.obj            18     0         0      
       copy_decompress_none.c.obj      14     0         0      
       exit.c.obj                      4      0         0      
       pre_init.c.obj                  4      0         0      
    +--+-------------------------------+------+---------+---------+
       Total:                          424    0         0      
                                                               
       Stack:                          0      0         1024   
       Linker Generated:               0      43        0      
    +--+-------------------------------+------+---------+---------+
       Grand Total:                    5580   379       1250   


LINKER GENERATED COPY TABLES

__TI_cinit_table @ 00001740 records: 2, size/record: 8, table size: 16
	.bss: load addr=00001730, load size=00000008 bytes, run addr=20000000, run size=00000065 bytes, compression=zero_init
	.data: load addr=00001738, load size=00000007 bytes, run addr=20000065, run size=0000000c bytes, compression=lzss


LINKER GENERATED HANDLER TABLE

__TI_handler_table @ 00001720 records: 3, size/record: 4, table size: 12
	index: 0, handler: __TI_decompress_lzss
	index: 1, handler: __TI_decompress_none
	index: 2, handler: __TI_zero_init


GLOBAL SYMBOLS: SORTED ALPHABETICALLY BY Name 

address   name                          
-------   ----                          
000015e7  ADC14_IRQHandler              
000015e7  AES256_IRQHandler             
20000070  AT_Error                      
000015b1  BG96_Startup                  
000016b4  BG96_UART_Config              
000015e7  BusFault_Handler              
000016b1  C$$EXIT                       
000015e7  COMP_E0_IRQHandler            
000015e7  COMP_E1_IRQHandler            
000015e7  CS_IRQHandler                 
00001621  CS_setDCOCenteredFrequency    
00000315  Check_Buttons                 
20000067  Checksum                      
20000069  Checksumfield                 
000015e7  DMA_ERR_IRQHandler            
000015e7  DMA_INT0_IRQHandler           
000015e7  DMA_INT1_IRQHandler           
000015e7  DMA_INT2_IRQHandler           
000015e7  DMA_INT3_IRQHandler           
000015e7  DebugMon_Handler              
000015e7  Default_Handler               
000015e9  EG91_Startup                  
000016d8  EG91_UART_Config              
000000e5  EMB_Exchange_Data             
00000ef5  EMB_Network_Adres             
00000f71  EMB_Network_ID                
00001245  EMB_Network_Pref              
000013e9  EMB_Network_Start             
0000142d  EMB_Network_Stop              
000009f9  EMB_Physical_Address_set      
00001471  EMB_Reset                     
00000791  EMB_Set_AppSKey               
000008c5  EMB_Set_NwkSKey               
000010cd  EMB_Startup                   
000016fc  EMB_UART_Config               
00001299  EUSCIA0_IRQHandler            
00001299  EUSCIA0_IRQHandler            
000012ed  EUSCIA1_IRQHandler            
000012ed  EUSCIA1_IRQHandler            
00001341  EUSCIA2_IRQHandler            
00001341  EUSCIA2_IRQHandler            
00001395  EUSCIA3_IRQHandler            
00001395  EUSCIA3_IRQHandler            
000015e7  EUSCIB0_IRQHandler            
000015e7  EUSCIB1_IRQHandler            
000015e7  EUSCIB2_IRQHandler            
000015e7  EUSCIB3_IRQHandler            
000015e7  FLCTL_IRQHandler              
000015e7  FPU_IRQHandler                
000015e7  HardFault_Handler             
00000b1d  Init_Buttons                  
00000da1  LoRaWAN                       
00001669  MCU_led                       
000015e7  MemManage_Handler             
20000068  Messagefield                  
000015e7  NMI_Handler                   
000015e7  PCM_IRQHandler                
000015e7  PORT1_IRQHandler              
000015e7  PORT2_IRQHandler              
000015e7  PORT3_IRQHandler              
000015e7  PORT4_IRQHandler              
000015e7  PORT5_IRQHandler              
000015e7  PORT6_IRQHandler              
000015e7  PSS_IRQHandler                
000015e7  PendSV_Handler                
00000ce1  PowerupCheckBG96              
00000c05  PowerupCheckEG91              
2000006b  Powerup_done                  
000015e7  RTC_C_IRQHandler              
20000000  RXBuffer                      
00000659  ReceiveCheckEMB               
000004b9  ReceiveCheckQuectel           
2000006a  Receive_done                  
000016a1  Reset_Handler                 
000015e7  SVC_Handler                   
000015e7  SysTick_Handler               
00000fed  SystemInit                    
000015e7  T32_INT1_IRQHandler           
000015e7  T32_INT2_IRQHandler           
000015e7  T32_INTC_IRQHandler           
000015e7  TA0_0_IRQHandler              
000015e7  TA0_N_IRQHandler              
000015e7  TA1_0_IRQHandler              
000015e7  TA1_N_IRQHandler              
000015e7  TA2_0_IRQHandler              
000015e7  TA2_N_IRQHandler              
000015e7  TA3_0_IRQHandler              
000015e7  TA3_N_IRQHandler              
00001131  UART_A0_Init                  
0000118d  UART_A1_Init                  
000011e9  UART_A3_Init                  
000015e7  UsageFault_Handler            
4000480c  WDTCTL_SYM                    
000015e7  WDT_A_IRQHandler              
20010000  __STACK_END                   
00000200  __STACK_SIZE                  
00001740  __TI_CINIT_Base               
00001750  __TI_CINIT_Limit              
00001720  __TI_Handler_Table_Base       
0000172c  __TI_Handler_Table_Limit      
000014b5  __TI_auto_init_nobinit_nopinit
00001065  __TI_decompress_lzss          
00001693  __TI_decompress_none          
ffffffff  __TI_pprof_out_hndl           
ffffffff  __TI_prof_data_size           
ffffffff  __TI_prof_data_start          
00000000  __TI_static_base__            
00001681  __TI_zero_init_nomemset       
00000e59  __aeabi_memcpy                
00000e59  __aeabi_memcpy4               
00000e59  __aeabi_memcpy8               
ffffffff  __binit__                     
ffffffff  __c_args__                    
UNDEFED   __mpu_init                    
2000fe00  __stack                       
00001579  _c_int00_noargs               
UNDEFED   _system_post_cinit            
000016ad  _system_pre_init              
000016b1  abort                         
ffffffff  binit                         
2000006c  i                             
2000006f  ii                            
00000000  interruptVectors              
20000064  j                             
20000066  jj                            
00001645  main                          
00000e59  memcpy                        
20000065  status                        
000014f9  uart_puts_BG96                
00001539  uart_puts_EG91                
2000006d  x                             
2000006e  y                             


GLOBAL SYMBOLS: SORTED BY Symbol Address 

address   name                          
-------   ----                          
00000000  __TI_static_base__            
00000000  interruptVectors              
000000e5  EMB_Exchange_Data             
00000200  __STACK_SIZE                  
00000315  Check_Buttons                 
000004b9  ReceiveCheckQuectel           
00000659  ReceiveCheckEMB               
00000791  EMB_Set_AppSKey               
000008c5  EMB_Set_NwkSKey               
000009f9  EMB_Physical_Address_set      
00000b1d  Init_Buttons                  
00000c05  PowerupCheckEG91              
00000ce1  PowerupCheckBG96              
00000da1  LoRaWAN                       
00000e59  __aeabi_memcpy                
00000e59  __aeabi_memcpy4               
00000e59  __aeabi_memcpy8               
00000e59  memcpy                        
00000ef5  EMB_Network_Adres             
00000f71  EMB_Network_ID                
00000fed  SystemInit                    
00001065  __TI_decompress_lzss          
000010cd  EMB_Startup                   
00001131  UART_A0_Init                  
0000118d  UART_A1_Init                  
000011e9  UART_A3_Init                  
00001245  EMB_Network_Pref              
00001299  EUSCIA0_IRQHandler            
00001299  EUSCIA0_IRQHandler            
000012ed  EUSCIA1_IRQHandler            
000012ed  EUSCIA1_IRQHandler            
00001341  EUSCIA2_IRQHandler            
00001341  EUSCIA2_IRQHandler            
00001395  EUSCIA3_IRQHandler            
00001395  EUSCIA3_IRQHandler            
000013e9  EMB_Network_Start             
0000142d  EMB_Network_Stop              
00001471  EMB_Reset                     
000014b5  __TI_auto_init_nobinit_nopinit
000014f9  uart_puts_BG96                
00001539  uart_puts_EG91                
00001579  _c_int00_noargs               
000015b1  BG96_Startup                  
000015e7  ADC14_IRQHandler              
000015e7  AES256_IRQHandler             
000015e7  BusFault_Handler              
000015e7  COMP_E0_IRQHandler            
000015e7  COMP_E1_IRQHandler            
000015e7  CS_IRQHandler                 
000015e7  DMA_ERR_IRQHandler            
000015e7  DMA_INT0_IRQHandler           
000015e7  DMA_INT1_IRQHandler           
000015e7  DMA_INT2_IRQHandler           
000015e7  DMA_INT3_IRQHandler           
000015e7  DebugMon_Handler              
000015e7  Default_Handler               
000015e7  EUSCIB0_IRQHandler            
000015e7  EUSCIB1_IRQHandler            
000015e7  EUSCIB2_IRQHandler            
000015e7  EUSCIB3_IRQHandler            
000015e7  FLCTL_IRQHandler              
000015e7  FPU_IRQHandler                
000015e7  HardFault_Handler             
000015e7  MemManage_Handler             
000015e7  NMI_Handler                   
000015e7  PCM_IRQHandler                
000015e7  PORT1_IRQHandler              
000015e7  PORT2_IRQHandler              
000015e7  PORT3_IRQHandler              
000015e7  PORT4_IRQHandler              
000015e7  PORT5_IRQHandler              
000015e7  PORT6_IRQHandler              
000015e7  PSS_IRQHandler                
000015e7  PendSV_Handler                
000015e7  RTC_C_IRQHandler              
000015e7  SVC_Handler                   
000015e7  SysTick_Handler               
000015e7  T32_INT1_IRQHandler           
000015e7  T32_INT2_IRQHandler           
000015e7  T32_INTC_IRQHandler           
000015e7  TA0_0_IRQHandler              
000015e7  TA0_N_IRQHandler              
000015e7  TA1_0_IRQHandler              
000015e7  TA1_N_IRQHandler              
000015e7  TA2_0_IRQHandler              
000015e7  TA2_N_IRQHandler              
000015e7  TA3_0_IRQHandler              
000015e7  TA3_N_IRQHandler              
000015e7  UsageFault_Handler            
000015e7  WDT_A_IRQHandler              
000015e9  EG91_Startup                  
00001621  CS_setDCOCenteredFrequency    
00001645  main                          
00001669  MCU_led                       
00001681  __TI_zero_init_nomemset       
00001693  __TI_decompress_none          
000016a1  Reset_Handler                 
000016ad  _system_pre_init              
000016b1  C$$EXIT                       
000016b1  abort                         
000016b4  BG96_UART_Config              
000016d8  EG91_UART_Config              
000016fc  EMB_UART_Config               
00001720  __TI_Handler_Table_Base       
0000172c  __TI_Handler_Table_Limit      
00001740  __TI_CINIT_Base               
00001750  __TI_CINIT_Limit              
20000000  RXBuffer                      
20000064  j                             
20000065  status                        
20000066  jj                            
20000067  Checksum                      
20000068  Messagefield                  
20000069  Checksumfield                 
2000006a  Receive_done                  
2000006b  Powerup_done                  
2000006c  i                             
2000006d  x                             
2000006e  y                             
2000006f  ii                            
20000070  AT_Error                      
2000fe00  __stack                       
20010000  __STACK_END                   
4000480c  WDTCTL_SYM                    
ffffffff  __TI_pprof_out_hndl           
ffffffff  __TI_prof_data_size           
ffffffff  __TI_prof_data_start          
ffffffff  __binit__                     
ffffffff  __c_args__                    
ffffffff  binit                         
UNDEFED   __mpu_init                    
UNDEFED   _system_post_cinit            

[132 symbols]
