<?xml version="1.0" encoding="ISO-8859-1" ?>
<link_info>
   <banner>TI ARM Linker PC v18.1.1.LTS</banner>
   <copyright>Copyright (c) 1996-2017 Texas Instruments Incorporated</copyright>
   <link_time>0x5ba2645d</link_time>
   <link_errors>0x0</link_errors>
   <output_file>AFS30_Main_code.out</output_file>
   <entry_point>
      <name>_c_int00_noargs</name>
      <address>0x5195</address>
   </entry_point>
   <input_file_list>
      <input_file id="fl-2">
         <path>.\</path>
         <kind>object</kind>
         <file>Main.obj</file>
         <name>Main.obj</name>
      </input_file>
      <input_file id="fl-3">
         <path>.\</path>
         <kind>object</kind>
         <file>system_msp432p401r.obj</file>
         <name>system_msp432p401r.obj</name>
      </input_file>
      <input_file id="fl-4">
         <path>.\ccs\</path>
         <kind>object</kind>
         <file>startup_msp432p401r_ccs.obj</file>
         <name>startup_msp432p401r_ccs.obj</name>
      </input_file>
      <input_file id="fl-e">
         <kind>object</kind>
         <file>&lt;internal&gt;</file>
         <name>&lt;internal&gt;</name>
      </input_file>
      <input_file id="fl-f">
         <path>C:\ti\simplelink_msp432p4_sdk_2_10_00_14\source\ti\devices\msp432p4xx\driverlib\ccs\</path>
         <kind>archive</kind>
         <file>msp432p4xx_driverlib.lib</file>
         <name>cs_MSP432P4XX.obj</name>
      </input_file>
      <input_file id="fl-10">
         <path>C:\ti\simplelink_msp432p4_sdk_2_10_00_14\source\ti\devices\msp432p4xx\driverlib\ccs\</path>
         <kind>archive</kind>
         <file>msp432p4xx_driverlib.lib</file>
         <name>interrupt_MSP432P4XX.obj</name>
      </input_file>
      <input_file id="fl-11">
         <path>C:\ti\simplelink_msp432p4_sdk_2_10_00_14\source\ti\devices\msp432p4xx\driverlib\ccs\</path>
         <kind>archive</kind>
         <file>msp432p4xx_driverlib.lib</file>
         <name>sysctl_a_MSP432P4XX.obj</name>
      </input_file>
      <input_file id="fl-12">
         <path>C:\ti\simplelink_msp432p4_sdk_2_10_00_14\source\ti\devices\msp432p4xx\driverlib\ccs\</path>
         <kind>archive</kind>
         <file>msp432p4xx_driverlib.lib</file>
         <name>cpu_MSP432P4XX.obj</name>
      </input_file>
      <input_file id="fl-c8">
         <path>C:\ti\ccsv8\tools\compiler\ti-cgt-arm_18.1.1.LTS\lib\</path>
         <kind>archive</kind>
         <file>rtsv7M4_T_le_v4SPD16_eabi.lib</file>
         <name>fd_tos_t2.asm.obj</name>
      </input_file>
      <input_file id="fl-c9">
         <path>C:\ti\ccsv8\tools\compiler\ti-cgt-arm_18.1.1.LTS\lib\</path>
         <kind>archive</kind>
         <file>rtsv7M4_T_le_v4SPD16_eabi.lib</file>
         <name>fs_tod_t2.asm.obj</name>
      </input_file>
      <input_file id="fl-ca">
         <path>C:\ti\ccsv8\tools\compiler\ti-cgt-arm_18.1.1.LTS\lib\</path>
         <kind>archive</kind>
         <file>rtsv7M4_T_le_v4SPD16_eabi.lib</file>
         <name>copy_zero_init.c.obj</name>
      </input_file>
      <input_file id="fl-cb">
         <path>C:\ti\ccsv8\tools\compiler\ti-cgt-arm_18.1.1.LTS\lib\</path>
         <kind>archive</kind>
         <file>rtsv7M4_T_le_v4SPD16_eabi.lib</file>
         <name>copy_decompress_none.c.obj</name>
      </input_file>
      <input_file id="fl-cc">
         <path>C:\ti\ccsv8\tools\compiler\ti-cgt-arm_18.1.1.LTS\lib\</path>
         <kind>archive</kind>
         <file>rtsv7M4_T_le_v4SPD16_eabi.lib</file>
         <name>copy_decompress_lzss.c.obj</name>
      </input_file>
      <input_file id="fl-cd">
         <path>C:\ti\ccsv8\tools\compiler\ti-cgt-arm_18.1.1.LTS\lib\</path>
         <kind>archive</kind>
         <file>rtsv7M4_T_le_v4SPD16_eabi.lib</file>
         <name>boot_cortex_m.c.obj</name>
      </input_file>
      <input_file id="fl-ce">
         <path>C:\ti\ccsv8\tools\compiler\ti-cgt-arm_18.1.1.LTS\lib\</path>
         <kind>archive</kind>
         <file>rtsv7M4_T_le_v4SPD16_eabi.lib</file>
         <name>exit.c.obj</name>
      </input_file>
      <input_file id="fl-cf">
         <path>C:\ti\ccsv8\tools\compiler\ti-cgt-arm_18.1.1.LTS\lib\</path>
         <kind>archive</kind>
         <file>rtsv7M4_T_le_v4SPD16_eabi.lib</file>
         <name>_lock.c.obj</name>
      </input_file>
      <input_file id="fl-d0">
         <path>C:\ti\ccsv8\tools\compiler\ti-cgt-arm_18.1.1.LTS\lib\</path>
         <kind>archive</kind>
         <file>rtsv7M4_T_le_v4SPD16_eabi.lib</file>
         <name>args_main.c.obj</name>
      </input_file>
      <input_file id="fl-d1">
         <path>C:\ti\ccsv8\tools\compiler\ti-cgt-arm_18.1.1.LTS\lib\</path>
         <kind>archive</kind>
         <file>rtsv7M4_T_le_v4SPD16_eabi.lib</file>
         <name>atof.c.obj</name>
      </input_file>
      <input_file id="fl-d2">
         <path>C:\ti\ccsv8\tools\compiler\ti-cgt-arm_18.1.1.LTS\lib\</path>
         <kind>archive</kind>
         <file>rtsv7M4_T_le_v4SPD16_eabi.lib</file>
         <name>sprintf.c.obj</name>
      </input_file>
      <input_file id="fl-d3">
         <path>C:\ti\ccsv8\tools\compiler\ti-cgt-arm_18.1.1.LTS\lib\</path>
         <kind>archive</kind>
         <file>rtsv7M4_T_le_v4SPD16_eabi.lib</file>
         <name>strlen.c.obj</name>
      </input_file>
      <input_file id="fl-d4">
         <path>C:\ti\ccsv8\tools\compiler\ti-cgt-arm_18.1.1.LTS\lib\</path>
         <kind>archive</kind>
         <file>rtsv7M4_T_le_v4SPD16_eabi.lib</file>
         <name>strtod.c.obj</name>
      </input_file>
      <input_file id="fl-d5">
         <path>C:\ti\ccsv8\tools\compiler\ti-cgt-arm_18.1.1.LTS\lib\</path>
         <kind>archive</kind>
         <file>rtsv7M4_T_le_v4SPD16_eabi.lib</file>
         <name>s_scalbn.c.obj</name>
      </input_file>
      <input_file id="fl-d6">
         <path>C:\ti\ccsv8\tools\compiler\ti-cgt-arm_18.1.1.LTS\lib\</path>
         <kind>archive</kind>
         <file>rtsv7M4_T_le_v4SPD16_eabi.lib</file>
         <name>s_copysign.c.obj</name>
      </input_file>
      <input_file id="fl-d7">
         <path>C:\ti\ccsv8\tools\compiler\ti-cgt-arm_18.1.1.LTS\lib\</path>
         <kind>archive</kind>
         <file>rtsv7M4_T_le_v4SPD16_eabi.lib</file>
         <name>fd_add_t2.asm.obj</name>
      </input_file>
      <input_file id="fl-d8">
         <path>C:\ti\ccsv8\tools\compiler\ti-cgt-arm_18.1.1.LTS\lib\</path>
         <kind>archive</kind>
         <file>rtsv7M4_T_le_v4SPD16_eabi.lib</file>
         <name>fd_cmp_t2.asm.obj</name>
      </input_file>
      <input_file id="fl-d9">
         <path>C:\ti\ccsv8\tools\compiler\ti-cgt-arm_18.1.1.LTS\lib\</path>
         <kind>archive</kind>
         <file>rtsv7M4_T_le_v4SPD16_eabi.lib</file>
         <name>fd_div_t2.asm.obj</name>
      </input_file>
      <input_file id="fl-da">
         <path>C:\ti\ccsv8\tools\compiler\ti-cgt-arm_18.1.1.LTS\lib\</path>
         <kind>archive</kind>
         <file>rtsv7M4_T_le_v4SPD16_eabi.lib</file>
         <name>fd_mul_t2.asm.obj</name>
      </input_file>
      <input_file id="fl-db">
         <path>C:\ti\ccsv8\tools\compiler\ti-cgt-arm_18.1.1.LTS\lib\</path>
         <kind>archive</kind>
         <file>rtsv7M4_T_le_v4SPD16_eabi.lib</file>
         <name>memcpy_t2.asm.obj</name>
      </input_file>
      <input_file id="fl-dc">
         <path>C:\ti\ccsv8\tools\compiler\ti-cgt-arm_18.1.1.LTS\lib\</path>
         <kind>archive</kind>
         <file>rtsv7M4_T_le_v4SPD16_eabi.lib</file>
         <name>memset_t2.asm.obj</name>
      </input_file>
      <input_file id="fl-dd">
         <path>C:\ti\ccsv8\tools\compiler\ti-cgt-arm_18.1.1.LTS\lib\</path>
         <kind>archive</kind>
         <file>rtsv7M4_T_le_v4SPD16_eabi.lib</file>
         <name>autoinit.c.obj</name>
      </input_file>
      <input_file id="fl-de">
         <path>C:\ti\ccsv8\tools\compiler\ti-cgt-arm_18.1.1.LTS\lib\</path>
         <kind>archive</kind>
         <file>rtsv7M4_T_le_v4SPD16_eabi.lib</file>
         <name>pre_init.c.obj</name>
      </input_file>
      <input_file id="fl-df">
         <path>C:\ti\ccsv8\tools\compiler\ti-cgt-arm_18.1.1.LTS\lib\</path>
         <kind>archive</kind>
         <file>rtsv7M4_T_le_v4SPD16_eabi.lib</file>
         <name>cpy_tbl.c.obj</name>
      </input_file>
      <input_file id="fl-e0">
         <path>C:\ti\ccsv8\tools\compiler\ti-cgt-arm_18.1.1.LTS\lib\</path>
         <kind>archive</kind>
         <file>rtsv7M4_T_le_v4SPD16_eabi.lib</file>
         <name>errno.c.obj</name>
      </input_file>
      <input_file id="fl-e1">
         <path>C:\ti\ccsv8\tools\compiler\ti-cgt-arm_18.1.1.LTS\lib\</path>
         <kind>archive</kind>
         <file>rtsv7M4_T_le_v4SPD16_eabi.lib</file>
         <name>_printfi.c.obj</name>
      </input_file>
      <input_file id="fl-e2">
         <path>C:\ti\ccsv8\tools\compiler\ti-cgt-arm_18.1.1.LTS\lib\</path>
         <kind>archive</kind>
         <file>rtsv7M4_T_le_v4SPD16_eabi.lib</file>
         <name>atoi.c.obj</name>
      </input_file>
      <input_file id="fl-e3">
         <path>C:\ti\ccsv8\tools\compiler\ti-cgt-arm_18.1.1.LTS\lib\</path>
         <kind>archive</kind>
         <file>rtsv7M4_T_le_v4SPD16_eabi.lib</file>
         <name>ctype.c.obj</name>
      </input_file>
      <input_file id="fl-e4">
         <path>C:\ti\ccsv8\tools\compiler\ti-cgt-arm_18.1.1.LTS\lib\</path>
         <kind>archive</kind>
         <file>rtsv7M4_T_le_v4SPD16_eabi.lib</file>
         <name>ltoa.c.obj</name>
      </input_file>
      <input_file id="fl-e5">
         <path>C:\ti\ccsv8\tools\compiler\ti-cgt-arm_18.1.1.LTS\lib\</path>
         <kind>archive</kind>
         <file>rtsv7M4_T_le_v4SPD16_eabi.lib</file>
         <name>memccpy.c.obj</name>
      </input_file>
      <input_file id="fl-e6">
         <path>C:\ti\ccsv8\tools\compiler\ti-cgt-arm_18.1.1.LTS\lib\</path>
         <kind>archive</kind>
         <file>rtsv7M4_T_le_v4SPD16_eabi.lib</file>
         <name>strchr.c.obj</name>
      </input_file>
      <input_file id="fl-e7">
         <path>C:\ti\ccsv8\tools\compiler\ti-cgt-arm_18.1.1.LTS\lib\</path>
         <kind>archive</kind>
         <file>rtsv7M4_T_le_v4SPD16_eabi.lib</file>
         <name>s_frexp.c.obj</name>
      </input_file>
      <input_file id="fl-e8">
         <path>C:\ti\ccsv8\tools\compiler\ti-cgt-arm_18.1.1.LTS\lib\</path>
         <kind>archive</kind>
         <file>rtsv7M4_T_le_v4SPD16_eabi.lib</file>
         <name>wcslen.c.obj</name>
      </input_file>
      <input_file id="fl-e9">
         <path>C:\ti\ccsv8\tools\compiler\ti-cgt-arm_18.1.1.LTS\lib\</path>
         <kind>archive</kind>
         <file>rtsv7M4_T_le_v4SPD16_eabi.lib</file>
         <name>fd_toi_t2.asm.obj</name>
      </input_file>
      <input_file id="fl-ea">
         <path>C:\ti\ccsv8\tools\compiler\ti-cgt-arm_18.1.1.LTS\lib\</path>
         <kind>archive</kind>
         <file>rtsv7M4_T_le_v4SPD16_eabi.lib</file>
         <name>i_tofd_t2.asm.obj</name>
      </input_file>
      <input_file id="fl-eb">
         <path>C:\ti\ccsv8\tools\compiler\ti-cgt-arm_18.1.1.LTS\lib\</path>
         <kind>archive</kind>
         <file>rtsv7M4_T_le_v4SPD16_eabi.lib</file>
         <name>ull_div_t2.asm.obj</name>
      </input_file>
      <input_file id="fl-ec">
         <path>C:\ti\ccsv8\tools\compiler\ti-cgt-arm_18.1.1.LTS\lib\</path>
         <kind>archive</kind>
         <file>rtsv7M4_T_le_v4SPD16_eabi.lib</file>
         <name>div0.asm.obj</name>
      </input_file>
   </input_file_list>
   <object_component_list>
      <object_component id="oc-23">
         <name>.intvecs:retain</name>
         <load_address>0x0</load_address>
         <run_address>0x0</run_address>
         <size>0xe4</size>
         <input_file_ref idref="fl-4"/>
      </object_component>
      <object_component id="oc-396">
         <name>.text:__TI_printfi</name>
         <load_address>0xe4</load_address>
         <run_address>0xe4</run_address>
         <size>0xa5e</size>
         <input_file_ref idref="fl-e1"/>
      </object_component>
      <object_component id="oc-6a">
         <name>.text:Default_Handler</name>
         <load_address>0xb42</load_address>
         <run_address>0xb42</run_address>
         <size>0x2</size>
         <input_file_ref idref="fl-4"/>
      </object_component>
      <object_component id="oc-132">
         <name>.text:Check_Buttons</name>
         <load_address>0xb44</load_address>
         <run_address>0xb44</run_address>
         <size>0x518</size>
         <input_file_ref idref="fl-2"/>
      </object_component>
      <object_component id="oc-3d3">
         <name>.text:strtod</name>
         <load_address>0x105c</load_address>
         <run_address>0x105c</run_address>
         <size>0x460</size>
         <input_file_ref idref="fl-d4"/>
      </object_component>
      <object_component id="oc-2b9">
         <name>.text:ConnectCheckQuectel</name>
         <load_address>0x14bc</load_address>
         <run_address>0x14bc</run_address>
         <size>0x3dc</size>
         <input_file_ref idref="fl-2"/>
      </object_component>
      <object_component id="oc-211">
         <name>.text:Create_Message</name>
         <load_address>0x1898</load_address>
         <run_address>0x1898</run_address>
         <size>0x308</size>
         <input_file_ref idref="fl-2"/>
      </object_component>
      <object_component id="oc-403">
         <name>.text:_pconv_a</name>
         <load_address>0x1ba0</load_address>
         <run_address>0x1ba0</run_address>
         <size>0x270</size>
         <input_file_ref idref="fl-e1"/>
      </object_component>
      <object_component id="oc-34c">
         <name>.text:EMB_Exchange_Data</name>
         <load_address>0x1e10</load_address>
         <run_address>0x1e10</run_address>
         <size>0x230</size>
         <input_file_ref idref="fl-2"/>
      </object_component>
      <object_component id="oc-2cd">
         <name>.text:QuectelCSQCheck</name>
         <load_address>0x2040</load_address>
         <run_address>0x2040</run_address>
         <size>0x204</size>
         <input_file_ref idref="fl-2"/>
      </object_component>
      <object_component id="oc-3f1">
         <name>.text:_pconv_g</name>
         <load_address>0x2244</load_address>
         <run_address>0x2244</run_address>
         <size>0x1d0</size>
         <input_file_ref idref="fl-e1"/>
      </object_component>
      <object_component id="oc-1c5">
         <name>.text:ReceiveCheckQuectel</name>
         <load_address>0x2414</load_address>
         <run_address>0x2414</run_address>
         <size>0x1c4</size>
         <input_file_ref idref="fl-2"/>
      </object_component>
      <object_component id="oc-434">
         <name>.text</name>
         <load_address>0x25d8</load_address>
         <run_address>0x25d8</run_address>
         <size>0x1b6</size>
         <input_file_ref idref="fl-d7"/>
      </object_component>
      <object_component id="oc-4cd">
         <name>.text</name>
         <load_address>0x278e</load_address>
         <run_address>0x278e</run_address>
         <size>0x2</size>
         <input_file_ref idref="fl-ec"/>
      </object_component>
      <object_component id="oc-313">
         <name>.text:ReceiveCheckEMB</name>
         <load_address>0x2790</load_address>
         <run_address>0x2790</run_address>
         <size>0x164</size>
         <input_file_ref idref="fl-2"/>
      </object_component>
      <object_component id="oc-2f3">
         <name>.text:Init_Transmit_Cloud</name>
         <load_address>0x28f4</load_address>
         <run_address>0x28f4</run_address>
         <size>0x15b</size>
         <input_file_ref idref="fl-2"/>
      </object_component>
      <object_component id="oc-3fd">
         <name>.text:_pconv_e</name>
         <load_address>0x2a50</load_address>
         <run_address>0x2a50</run_address>
         <size>0x13c</size>
         <input_file_ref idref="fl-e1"/>
      </object_component>
      <object_component id="oc-439">
         <name>.text</name>
         <load_address>0x2b8c</load_address>
         <run_address>0x2b8c</run_address>
         <size>0x136</size>
         <input_file_ref idref="fl-d9"/>
      </object_component>
      <object_component id="oc-33e">
         <name>.text:EMB_Set_AppSKey</name>
         <load_address>0x2cc4</load_address>
         <run_address>0x2cc4</run_address>
         <size>0x134</size>
         <input_file_ref idref="fl-2"/>
      </object_component>
      <object_component id="oc-338">
         <name>.text:EMB_Set_NwkSKey</name>
         <load_address>0x2df8</load_address>
         <run_address>0x2df8</run_address>
         <size>0x134</size>
         <input_file_ref idref="fl-2"/>
      </object_component>
      <object_component id="oc-2ed">
         <name>.text:QuectelOkCheck</name>
         <load_address>0x2f2c</load_address>
         <run_address>0x2f2c</run_address>
         <size>0x130</size>
         <input_file_ref idref="fl-2"/>
      </object_component>
      <object_component id="oc-332">
         <name>.text:EMB_Physical_Address_set</name>
         <load_address>0x305c</load_address>
         <run_address>0x305c</run_address>
         <size>0x124</size>
         <input_file_ref idref="fl-2"/>
      </object_component>
      <object_component id="oc-47a">
         <name>.text:fcvt</name>
         <load_address>0x3180</load_address>
         <run_address>0x3180</run_address>
         <size>0x120</size>
         <input_file_ref idref="fl-e1"/>
      </object_component>
      <object_component id="oc-21d">
         <name>.text:Disable_ADC</name>
         <load_address>0x32a0</load_address>
         <run_address>0x32a0</run_address>
         <size>0x118</size>
         <input_file_ref idref="fl-2"/>
      </object_component>
      <object_component id="oc-11a">
         <name>.text:Init_Buttons</name>
         <load_address>0x33b8</load_address>
         <run_address>0x33b8</run_address>
         <size>0x114</size>
         <input_file_ref idref="fl-2"/>
      </object_component>
      <object_component id="oc-1cb">
         <name>.text:PowerupCheckBG96</name>
         <load_address>0x34cc</load_address>
         <run_address>0x34cc</run_address>
         <size>0x114</size>
         <input_file_ref idref="fl-2"/>
      </object_component>
      <object_component id="oc-1e6">
         <name>.text:PowerupCheckEG91</name>
         <load_address>0x35e0</load_address>
         <run_address>0x35e0</run_address>
         <size>0x114</size>
         <input_file_ref idref="fl-2"/>
      </object_component>
      <object_component id="oc-43e">
         <name>.text:scalbn</name>
         <load_address>0x36f4</load_address>
         <run_address>0x36f4</run_address>
         <size>0x110</size>
         <input_file_ref idref="fl-d5"/>
      </object_component>
      <object_component id="oc-217">
         <name>.text:EG_Network_Check</name>
         <load_address>0x3804</load_address>
         <run_address>0x3804</run_address>
         <size>0x108</size>
         <input_file_ref idref="fl-2"/>
      </object_component>
      <object_component id="oc-260">
         <name>.text:Init_NB_IOT</name>
         <load_address>0x390c</load_address>
         <run_address>0x390c</run_address>
         <size>0x108</size>
         <input_file_ref idref="fl-2"/>
      </object_component>
      <object_component id="oc-42f">
         <name>.text</name>
         <load_address>0x3a14</load_address>
         <run_address>0x3a14</run_address>
         <size>0xfc</size>
         <input_file_ref idref="fl-da"/>
      </object_component>
      <object_component id="oc-8e">
         <name>.text:ADC14_IRQHandler</name>
         <load_address>0x3b10</load_address>
         <run_address>0x3b10</run_address>
         <size>0xf8</size>
         <input_file_ref idref="fl-2"/>
      </object_component>
      <object_component id="oc-1ed">
         <name>.text:GPS_BG96</name>
         <load_address>0x3c08</load_address>
         <run_address>0x3c08</run_address>
         <size>0xe4</size>
         <input_file_ref idref="fl-2"/>
      </object_component>
      <object_component id="oc-e4">
         <name>.text:Current_handler</name>
         <load_address>0x3cec</load_address>
         <run_address>0x3cec</run_address>
         <size>0xdc</size>
         <input_file_ref idref="fl-2"/>
      </object_component>
      <object_component id="oc-24d">
         <name>.text:Init_CAT_M</name>
         <load_address>0x3dc8</load_address>
         <run_address>0x3dc8</run_address>
         <size>0xd4</size>
         <input_file_ref idref="fl-2"/>
      </object_component>
      <object_component id="oc-3e6">
         <name>.text:_ltostr</name>
         <load_address>0x3e9c</load_address>
         <run_address>0x3e9c</run_address>
         <size>0xb1</size>
         <input_file_ref idref="fl-e1"/>
      </object_component>
      <object_component id="oc-ba">
         <name>.text:main</name>
         <load_address>0x3f50</load_address>
         <run_address>0x3f50</run_address>
         <size>0xa0</size>
         <input_file_ref idref="fl-2"/>
      </object_component>
      <object_component id="oc-205">
         <name>.text:Connect_4G</name>
         <load_address>0x3ff0</load_address>
         <run_address>0x3ff0</run_address>
         <size>0x9c</size>
         <input_file_ref idref="fl-2"/>
      </object_component>
      <object_component id="oc-34">
         <name>.text</name>
         <load_address>0x408c</load_address>
         <run_address>0x408c</run_address>
         <size>0x9c</size>
         <input_file_ref idref="fl-db"/>
      </object_component>
      <object_component id="oc-451">
         <name>.text</name>
         <load_address>0x4128</load_address>
         <run_address>0x4128</run_address>
         <size>0x96</size>
         <input_file_ref idref="fl-eb"/>
      </object_component>
      <object_component id="oc-235">
         <name>.text:InitLoRaWAN</name>
         <load_address>0x41c0</load_address>
         <run_address>0x41c0</run_address>
         <size>0x8c</size>
         <input_file_ref idref="fl-2"/>
      </object_component>
      <object_component id="oc-266">
         <name>.text:Connect_NB_IOT</name>
         <load_address>0x424c</load_address>
         <run_address>0x424c</run_address>
         <size>0x88</size>
         <input_file_ref idref="fl-2"/>
      </object_component>
      <object_component id="oc-3ec">
         <name>.text:__aeabi_cdcmple</name>
         <load_address>0x42d4</load_address>
         <run_address>0x42d4</run_address>
         <size>0x86</size>
         <input_file_ref idref="fl-d8"/>
      </object_component>
      <object_component id="oc-458">
         <name>.text:__aeabi_cdrcmple</name>
         <load_address>0x435a</load_address>
         <run_address>0x435a</run_address>
         <size>0x86</size>
         <input_file_ref idref="fl-d8"/>
      </object_component>
      <object_component id="oc-2c1">
         <name>.text:Init_ADC</name>
         <load_address>0x43e0</load_address>
         <run_address>0x43e0</run_address>
         <size>0x84</size>
         <input_file_ref idref="fl-2"/>
      </object_component>
      <object_component id="oc-253">
         <name>.text:Connect_CAT_M</name>
         <load_address>0x4464</load_address>
         <run_address>0x4464</run_address>
         <size>0x80</size>
         <input_file_ref idref="fl-2"/>
      </object_component>
      <object_component id="oc-326">
         <name>.text:EMB_Network_Adres</name>
         <load_address>0x44e4</load_address>
         <run_address>0x44e4</run_address>
         <size>0x7c</size>
         <input_file_ref idref="fl-2"/>
      </object_component>
      <object_component id="oc-32c">
         <name>.text:EMB_Network_ID</name>
         <load_address>0x4560</load_address>
         <run_address>0x4560</run_address>
         <size>0x7c</size>
         <input_file_ref idref="fl-2"/>
      </object_component>
      <object_component id="oc-ae">
         <name>.text</name>
         <load_address>0x45dc</load_address>
         <run_address>0x45dc</run_address>
         <size>0x7a</size>
         <input_file_ref idref="fl-dc"/>
      </object_component>
      <object_component id="oc-cc">
         <name>.text:SystemInit</name>
         <load_address>0x4658</load_address>
         <run_address>0x4658</run_address>
         <size>0x78</size>
         <input_file_ref idref="fl-3"/>
      </object_component>
      <object_component id="oc-473">
         <name>.text:_mcpy</name>
         <load_address>0x46d0</load_address>
         <run_address>0x46d0</run_address>
         <size>0x6e</size>
         <input_file_ref idref="fl-e1"/>
      </object_component>
      <object_component id="oc-385">
         <name>.text</name>
         <load_address>0x473e</load_address>
         <run_address>0x473e</run_address>
         <size>0x6e</size>
         <input_file_ref idref="fl-c8"/>
      </object_component>
      <object_component id="oc-14">
         <name>.text:decompress:lzss:__TI_decompress_lzss</name>
         <load_address>0x47ac</load_address>
         <run_address>0x47ac</run_address>
         <size>0x68</size>
         <input_file_ref idref="fl-cc"/>
      </object_component>
      <object_component id="oc-488">
         <name>.text:frexp</name>
         <load_address>0x4814</load_address>
         <run_address>0x4814</run_address>
         <size>0x64</size>
         <input_file_ref idref="fl-e7"/>
      </object_component>
      <object_component id="oc-120">
         <name>.text:BG96_Startup</name>
         <load_address>0x4878</load_address>
         <run_address>0x4878</run_address>
         <size>0x5c</size>
         <input_file_ref idref="fl-2"/>
      </object_component>
      <object_component id="oc-12c">
         <name>.text:EG91_Startup</name>
         <load_address>0x48d4</load_address>
         <run_address>0x48d4</run_address>
         <size>0x5c</size>
         <input_file_ref idref="fl-2"/>
      </object_component>
      <object_component id="oc-247">
         <name>.text:Init_ADC_BG96</name>
         <load_address>0x4930</load_address>
         <run_address>0x4930</run_address>
         <size>0x5c</size>
         <input_file_ref idref="fl-2"/>
      </object_component>
      <object_component id="oc-1f9">
         <name>.text:Init_ADC_EG91</name>
         <load_address>0x498c</load_address>
         <run_address>0x498c</run_address>
         <size>0x5c</size>
         <input_file_ref idref="fl-2"/>
      </object_component>
      <object_component id="oc-229">
         <name>.text:Init_ADC_EMB</name>
         <load_address>0x49e8</load_address>
         <run_address>0x49e8</run_address>
         <size>0x5c</size>
         <input_file_ref idref="fl-2"/>
      </object_component>
      <object_component id="oc-1b9">
         <name>.text:UART_A0_Init</name>
         <load_address>0x4a44</load_address>
         <run_address>0x4a44</run_address>
         <size>0x5c</size>
         <input_file_ref idref="fl-2"/>
      </object_component>
      <object_component id="oc-307">
         <name>.text:UART_A1_Init</name>
         <load_address>0x4aa0</load_address>
         <run_address>0x4aa0</run_address>
         <size>0x5c</size>
         <input_file_ref idref="fl-2"/>
      </object_component>
      <object_component id="oc-1da">
         <name>.text:UART_A3_Init</name>
         <load_address>0x4afc</load_address>
         <run_address>0x4afc</run_address>
         <size>0x5c</size>
         <input_file_ref idref="fl-2"/>
      </object_component>
      <object_component id="oc-126">
         <name>.text:BG96_setting</name>
         <load_address>0x4b58</load_address>
         <run_address>0x4b58</run_address>
         <size>0x56</size>
         <input_file_ref idref="fl-2"/>
      </object_component>
      <object_component id="oc-3f7">
         <name>.text:_pconv_f</name>
         <load_address>0x4bae</load_address>
         <run_address>0x4bae</run_address>
         <size>0x56</size>
         <input_file_ref idref="fl-e1"/>
      </object_component>
      <object_component id="oc-320">
         <name>.text:EMB_Network_Pref</name>
         <load_address>0x4c04</load_address>
         <run_address>0x4c04</run_address>
         <size>0x54</size>
         <input_file_ref idref="fl-2"/>
      </object_component>
      <object_component id="oc-22f">
         <name>.text:EMB_Startup</name>
         <load_address>0x4c58</load_address>
         <run_address>0x4c58</run_address>
         <size>0x54</size>
         <input_file_ref idref="fl-2"/>
      </object_component>
      <object_component id="oc-76">
         <name>.text:EUSCIA0_IRQHandler</name>
         <load_address>0x4cac</load_address>
         <run_address>0x4cac</run_address>
         <size>0x54</size>
         <input_file_ref idref="fl-2"/>
      </object_component>
      <object_component id="oc-7c">
         <name>.text:EUSCIA1_IRQHandler</name>
         <load_address>0x4d00</load_address>
         <run_address>0x4d00</run_address>
         <size>0x54</size>
         <input_file_ref idref="fl-2"/>
      </object_component>
      <object_component id="oc-82">
         <name>.text:EUSCIA2_IRQHandler</name>
         <load_address>0x4d54</load_address>
         <run_address>0x4d54</run_address>
         <size>0x54</size>
         <input_file_ref idref="fl-2"/>
      </object_component>
      <object_component id="oc-88">
         <name>.text:EUSCIA3_IRQHandler</name>
         <load_address>0x4da8</load_address>
         <run_address>0x4da8</run_address>
         <size>0x54</size>
         <input_file_ref idref="fl-2"/>
      </object_component>
      <object_component id="oc-462">
         <name>.text:ltoa</name>
         <load_address>0x4dfc</load_address>
         <run_address>0x4dfc</run_address>
         <size>0x54</size>
         <input_file_ref idref="fl-e4"/>
      </object_component>
      <object_component id="oc-46d">
         <name>.text:_ecpy</name>
         <load_address>0x4e50</load_address>
         <run_address>0x4e50</run_address>
         <size>0x52</size>
         <input_file_ref idref="fl-e1"/>
      </object_component>
      <object_component id="oc-1ff">
         <name>.text:Init_4G</name>
         <load_address>0x4ea4</load_address>
         <run_address>0x4ea4</run_address>
         <size>0x4c</size>
         <input_file_ref idref="fl-2"/>
      </object_component>
      <object_component id="oc-3e0">
         <name>.text:atoi</name>
         <load_address>0x4ef0</load_address>
         <run_address>0x4ef0</run_address>
         <size>0x4c</size>
         <input_file_ref idref="fl-e2"/>
      </object_component>
      <object_component id="oc-45d">
         <name>.text</name>
         <load_address>0x4f3c</load_address>
         <run_address>0x4f3c</run_address>
         <size>0x48</size>
         <input_file_ref idref="fl-e9"/>
      </object_component>
      <object_component id="oc-345">
         <name>.text:EMB_Network_Start</name>
         <load_address>0x4f84</load_address>
         <run_address>0x4f84</run_address>
         <size>0x44</size>
         <input_file_ref idref="fl-2"/>
      </object_component>
      <object_component id="oc-31a">
         <name>.text:EMB_Network_Stop</name>
         <load_address>0x4fc8</load_address>
         <run_address>0x4fc8</run_address>
         <size>0x44</size>
         <input_file_ref idref="fl-2"/>
      </object_component>
      <object_component id="oc-30d">
         <name>.text:EMB_Reset</name>
         <load_address>0x500c</load_address>
         <run_address>0x500c</run_address>
         <size>0x44</size>
         <input_file_ref idref="fl-2"/>
      </object_component>
      <object_component id="oc-14a">
         <name>.text:__TI_auto_init_nobinit_nopinit:__TI_auto_init_nobinit_nopinit</name>
         <load_address>0x5050</load_address>
         <run_address>0x5050</run_address>
         <size>0x44</size>
         <input_file_ref idref="fl-dd"/>
      </object_component>
      <object_component id="oc-2db">
         <name>.text:sprintf</name>
         <load_address>0x5094</load_address>
         <run_address>0x5094</run_address>
         <size>0x40</size>
         <input_file_ref idref="fl-d2"/>
      </object_component>
      <object_component id="oc-1bf">
         <name>.text:uart_puts_BG96</name>
         <load_address>0x50d4</load_address>
         <run_address>0x50d4</run_address>
         <size>0x40</size>
         <input_file_ref idref="fl-2"/>
      </object_component>
      <object_component id="oc-1e0">
         <name>.text:uart_puts_EG91</name>
         <load_address>0x5114</load_address>
         <run_address>0x5114</run_address>
         <size>0x40</size>
         <input_file_ref idref="fl-2"/>
      </object_component>
      <object_component id="oc-480">
         <name>.text:_fcpy</name>
         <load_address>0x5154</load_address>
         <run_address>0x5154</run_address>
         <size>0x3e</size>
         <input_file_ref idref="fl-e1"/>
      </object_component>
      <object_component id="oc-52">
         <name>.text:_c_int00_noargs:_c_int00_noargs</name>
         <load_address>0x5194</load_address>
         <run_address>0x5194</run_address>
         <size>0x38</size>
         <input_file_ref idref="fl-cd"/>
      </object_component>
      <object_component id="oc-2d6">
         <name>.text</name>
         <load_address>0x51cc</load_address>
         <run_address>0x51cc</run_address>
         <size>0x38</size>
         <input_file_ref idref="fl-c9"/>
      </object_component>
      <object_component id="oc-223">
         <name>.text:Reset_Index</name>
         <load_address>0x5204</load_address>
         <run_address>0x5204</run_address>
         <size>0x34</size>
         <input_file_ref idref="fl-2"/>
      </object_component>
      <object_component id="oc-20b">
         <name>.text:Transmit_4G</name>
         <load_address>0x5238</load_address>
         <run_address>0x5238</run_address>
         <size>0x33</size>
         <input_file_ref idref="fl-2"/>
      </object_component>
      <object_component id="oc-259">
         <name>.text:Transmit_CAT_M</name>
         <load_address>0x526c</load_address>
         <run_address>0x526c</run_address>
         <size>0x33</size>
         <input_file_ref idref="fl-2"/>
      </object_component>
      <object_component id="oc-26c">
         <name>.text:Transmit_NB_IOT</name>
         <load_address>0x52a0</load_address>
         <run_address>0x52a0</run_address>
         <size>0x33</size>
         <input_file_ref idref="fl-2"/>
      </object_component>
      <object_component id="oc-1d1">
         <name>.text:Systick_delay</name>
         <load_address>0x52d4</load_address>
         <run_address>0x52d4</run_address>
         <size>0x30</size>
         <input_file_ref idref="fl-2"/>
      </object_component>
      <object_component id="oc-468">
         <name>.text</name>
         <load_address>0x5304</load_address>
         <run_address>0x5304</run_address>
         <size>0x2e</size>
         <input_file_ref idref="fl-ea"/>
      </object_component>
      <object_component id="oc-108">
         <name>.text:CS_setDCOCenteredFrequency</name>
         <load_address>0x5334</load_address>
         <run_address>0x5334</run_address>
         <size>0x24</size>
         <input_file_ref idref="fl-f"/>
      </object_component>
      <object_component id="oc-1f3">
         <name>.text:Disable_UART</name>
         <load_address>0x5358</load_address>
         <run_address>0x5358</run_address>
         <size>0x24</size>
         <input_file_ref idref="fl-2"/>
      </object_component>
      <object_component id="oc-10e">
         <name>.text:Interrupt_setPriority</name>
         <load_address>0x537c</load_address>
         <run_address>0x537c</run_address>
         <size>0x24</size>
         <input_file_ref idref="fl-10"/>
      </object_component>
      <object_component id="oc-70">
         <name>.text:SysTick_Handler</name>
         <load_address>0x53a0</load_address>
         <run_address>0x53a0</run_address>
         <size>0x20</size>
         <input_file_ref idref="fl-2"/>
      </object_component>
      <object_component id="oc-409">
         <name>.text:memccpy</name>
         <load_address>0x53c0</load_address>
         <run_address>0x53c0</run_address>
         <size>0x1c</size>
         <input_file_ref idref="fl-e5"/>
      </object_component>
      <object_component id="oc-114">
         <name>.text:MCU_led</name>
         <load_address>0x53dc</load_address>
         <run_address>0x53dc</run_address>
         <size>0x18</size>
         <input_file_ref idref="fl-2"/>
      </object_component>
      <object_component id="oc-39c">
         <name>.text:_outs</name>
         <load_address>0x53f4</load_address>
         <run_address>0x53f4</run_address>
         <size>0x18</size>
         <input_file_ref idref="fl-d2"/>
      </object_component>
      <object_component id="oc-48e">
         <name>.text:strchr</name>
         <load_address>0x540c</load_address>
         <run_address>0x540c</run_address>
         <size>0x16</size>
         <input_file_ref idref="fl-e6"/>
      </object_component>
      <object_component id="oc-4b7">
         <name>.text:copysign</name>
         <load_address>0x5422</load_address>
         <run_address>0x5422</run_address>
         <size>0x14</size>
         <input_file_ref idref="fl-d6"/>
      </object_component>
      <object_component id="oc-2f9">
         <name>.text:strlen</name>
         <load_address>0x5436</load_address>
         <run_address>0x5436</run_address>
         <size>0x14</size>
         <input_file_ref idref="fl-d3"/>
      </object_component>
      <object_component id="oc-37f">
         <name>.text:atof</name>
         <load_address>0x544a</load_address>
         <run_address>0x544a</run_address>
         <size>0x12</size>
         <input_file_ref idref="fl-d1"/>
      </object_component>
      <object_component id="oc-40f">
         <name>.text:wcslen</name>
         <load_address>0x545c</load_address>
         <run_address>0x545c</run_address>
         <size>0x12</size>
         <input_file_ref idref="fl-e8"/>
      </object_component>
      <object_component id="oc-23b">
         <name>.text:ConnectLoRaWAN</name>
         <load_address>0x546e</load_address>
         <run_address>0x546e</run_address>
         <size>0x10</size>
         <input_file_ref idref="fl-2"/>
      </object_component>
      <object_component id="oc-241">
         <name>.text:TransmitLoRaWAN</name>
         <load_address>0x547e</load_address>
         <run_address>0x547e</run_address>
         <size>0x10</size>
         <input_file_ref idref="fl-2"/>
      </object_component>
      <object_component id="oc-1a">
         <name>.text:decompress:none:__TI_decompress_none</name>
         <load_address>0x548e</load_address>
         <run_address>0x548e</run_address>
         <size>0xe</size>
         <input_file_ref idref="fl-cb"/>
      </object_component>
      <object_component id="oc-64">
         <name>.text:Reset_Handler</name>
         <load_address>0x549c</load_address>
         <run_address>0x549c</run_address>
         <size>0xc</size>
         <input_file_ref idref="fl-4"/>
      </object_component>
      <object_component id="oc-46">
         <name>.text:decompress:ZI:__TI_zero_init</name>
         <load_address>0x54a8</load_address>
         <run_address>0x54a8</run_address>
         <size>0xc</size>
         <input_file_ref idref="fl-ca"/>
      </object_component>
      <object_component id="oc-3a2">
         <name>.text:_outc</name>
         <load_address>0x54b4</load_address>
         <run_address>0x54b4</run_address>
         <size>0xa</size>
         <input_file_ref idref="fl-d2"/>
      </object_component>
      <object_component id="oc-415">
         <name>.text:__aeabi_errno_addr</name>
         <load_address>0x54c0</load_address>
         <run_address>0x54c0</run_address>
         <size>0x8</size>
         <input_file_ref idref="fl-e0"/>
      </object_component>
      <object_component id="oc-b4">
         <name>.text:_system_pre_init</name>
         <load_address>0x54c8</load_address>
         <run_address>0x54c8</run_address>
         <size>0x4</size>
         <input_file_ref idref="fl-de"/>
      </object_component>
      <object_component id="oc-13e">
         <name>.text:abort:abort</name>
         <load_address>0x54cc</load_address>
         <run_address>0x54cc</run_address>
         <size>0x4</size>
         <input_file_ref idref="fl-ce"/>
      </object_component>
      <object_component id="oc-444">
         <name>.const:.string:_ctypes_</name>
         <load_address>0x54d0</load_address>
         <run_address>0x54d0</run_address>
         <size>0x101</size>
         <input_file_ref idref="fl-e3"/>
      </object_component>
      <object_component id="oc-447">
         <name>.const:$O1$$</name>
         <load_address>0x55d8</load_address>
         <run_address>0x55d8</run_address>
         <size>0xc8</size>
         <input_file_ref idref="fl-d4"/>
      </object_component>
      <object_component id="oc-1b2">
         <name>.const:g_pulRegs</name>
         <load_address>0x56a0</load_address>
         <run_address>0x56a0</run_address>
         <size>0x50</size>
         <input_file_ref idref="fl-10"/>
      </object_component>
      <object_component id="oc-2ab">
         <name>.const:BG96_UART_Config</name>
         <load_address>0x56f0</load_address>
         <run_address>0x56f0</run_address>
         <size>0x24</size>
         <input_file_ref idref="fl-2"/>
      </object_component>
      <object_component id="oc-2b3">
         <name>.const:EG91_UART_Config</name>
         <load_address>0x5714</load_address>
         <run_address>0x5714</run_address>
         <size>0x24</size>
         <input_file_ref idref="fl-2"/>
      </object_component>
      <object_component id="oc-3b5">
         <name>.const:EMB_UART_Config</name>
         <load_address>0x5738</load_address>
         <run_address>0x5738</run_address>
         <size>0x24</size>
         <input_file_ref idref="fl-2"/>
      </object_component>
      <object_component id="oc-38d">
         <name>.const:upModeConfig</name>
         <load_address>0x575c</load_address>
         <run_address>0x575c</run_address>
         <size>0x18</size>
         <input_file_ref idref="fl-2"/>
      </object_component>
      <object_component id="oc-390">
         <name>.const:compareConfig</name>
         <load_address>0x5774</load_address>
         <run_address>0x5774</run_address>
         <size>0x10</size>
         <input_file_ref idref="fl-2"/>
      </object_component>
      <object_component id="oc-532">
         <name>.cinit..data.load</name>
         <load_address>0x5788</load_address>
         <run_address>0x5788</run_address>
         <size>0x11</size>
      </object_component>
      <object_component id="oc-530">
         <name>__TI_handler_table</name>
         <load_address>0x579c</load_address>
         <run_address>0x579c</run_address>
         <size>0xc</size>
      </object_component>
      <object_component id="oc-533">
         <name>.cinit..bss.load</name>
         <load_address>0x57a8</load_address>
         <run_address>0x57a8</run_address>
         <size>0x8</size>
      </object_component>
      <object_component id="oc-531">
         <name>__TI_cinit_table</name>
         <load_address>0x57b0</load_address>
         <run_address>0x57b0</run_address>
         <size>0x10</size>
      </object_component>
      <object_component id="oc-505">
         <name>.binit</name>
         <load_address>0x0</load_address>
         <run_address>0x0</run_address>
         <size>0x0</size>
      </object_component>
      <object_component id="oc-d4">
         <name>.data</name>
         <load_address>0x20001c9c</load_address>
         <run_address>0x20001c9c</run_address>
         <size>0x3c</size>
         <input_file_ref idref="fl-2"/>
      </object_component>
      <object_component id="oc-49e">
         <name>.data</name>
         <load_address>0x20001cd8</load_address>
         <run_address>0x20001cd8</run_address>
         <size>0x4</size>
         <input_file_ref idref="fl-e0"/>
      </object_component>
      <object_component id="oc-ea">
         <name>.bss:Readings</name>
         <uninitialized>true</uninitialized>
         <run_address>0x20001c24</run_address>
         <size>0x34</size>
         <input_file_ref idref="fl-2"/>
      </object_component>
      <object_component id="oc-ed">
         <name>.bss:MovAvgs</name>
         <uninitialized>true</uninitialized>
         <run_address>0x20001194</run_address>
         <size>0x3e8</size>
         <input_file_ref idref="fl-2"/>
      </object_component>
      <object_component id="oc-19f">
         <name>.bss:MovAvgIdle</name>
         <uninitialized>true</uninitialized>
         <run_address>0x20001964</run_address>
         <size>0xc8</size>
         <input_file_ref idref="fl-2"/>
      </object_component>
      <object_component id="oc-1a2">
         <name>.bss:MovAvgInitialising</name>
         <uninitialized>true</uninitialized>
         <run_address>0x200009c4</run_address>
         <size>0x3e8</size>
         <input_file_ref idref="fl-2"/>
      </object_component>
      <object_component id="oc-1a5">
         <name>.bss:MovAvgConnected</name>
         <uninitialized>true</uninitialized>
         <run_address>0x200005dc</run_address>
         <size>0x3e8</size>
         <input_file_ref idref="fl-2"/>
      </object_component>
      <object_component id="oc-1a8">
         <name>.bss:MovAvgTransmission</name>
         <uninitialized>true</uninitialized>
         <run_address>0x20000dac</run_address>
         <size>0x3e8</size>
         <input_file_ref idref="fl-2"/>
      </object_component>
      <object_component id="oc-2e7">
         <name>.bss:Samples</name>
         <uninitialized>true</uninitialized>
         <run_address>0x2000157c</run_address>
         <size>0x3e8</size>
         <input_file_ref idref="fl-2"/>
      </object_component>
      <object_component id="oc-25f">
         <name>.common:j</name>
         <uninitialized>true</uninitialized>
         <run_address>0x20001c99</run_address>
         <size>0x1</size>
      </object_component>
      <object_component id="oc-303">
         <name>.common:xx</name>
         <uninitialized>true</uninitialized>
         <run_address>0x20001c94</run_address>
         <size>0x4</size>
      </object_component>
      <object_component id="oc-d8">
         <name>.common:RXBuffer</name>
         <uninitialized>true</uninitialized>
         <run_address>0x20001a2c</run_address>
         <size>0xc8</size>
      </object_component>
      <object_component id="oc-2c8">
         <name>.common:Network</name>
         <uninitialized>true</uninitialized>
         <run_address>0x20001c78</run_address>
         <size>0x4</size>
      </object_component>
      <object_component id="oc-2e3">
         <name>.common:GNSS_BG96</name>
         <uninitialized>true</uninitialized>
         <run_address>0x20001c98</run_address>
         <size>0x1</size>
      </object_component>
      <object_component id="oc-2d3">
         <name>.common:SignalStrength</name>
         <uninitialized>true</uninitialized>
         <run_address>0x20001c84</run_address>
         <size>0x4</size>
      </object_component>
      <object_component id="oc-2e1">
         <name>.common:GPS_Lat</name>
         <uninitialized>true</uninitialized>
         <run_address>0x20001c64</run_address>
         <size>0x4</size>
      </object_component>
      <object_component id="oc-2e2">
         <name>.common:GPS_Lon</name>
         <uninitialized>true</uninitialized>
         <run_address>0x20001c68</run_address>
         <size>0x4</size>
      </object_component>
      <object_component id="oc-2c9">
         <name>.common:MCC</name>
         <uninitialized>true</uninitialized>
         <run_address>0x20001c70</run_address>
         <size>0x4</size>
      </object_component>
      <object_component id="oc-2ca">
         <name>.common:MNC</name>
         <uninitialized>true</uninitialized>
         <run_address>0x20001c74</run_address>
         <size>0x4</size>
      </object_component>
      <object_component id="oc-2e4">
         <name>.common:LAC</name>
         <uninitialized>true</uninitialized>
         <run_address>0x20001c6c</run_address>
         <size>0x4</size>
      </object_component>
      <object_component id="oc-2e5">
         <name>.common:Cell</name>
         <uninitialized>true</uninitialized>
         <run_address>0x20001c60</run_address>
         <size>0x4</size>
      </object_component>
      <object_component id="oc-2cb">
         <name>.common:Size</name>
         <uninitialized>true</uninitialized>
         <run_address>0x20001c88</run_address>
         <size>0x4</size>
      </object_component>
      <object_component id="oc-2ea">
         <name>.common:Sequence</name>
         <uninitialized>true</uninitialized>
         <run_address>0x20001c80</run_address>
         <size>0x4</size>
      </object_component>
      <object_component id="oc-2eb">
         <name>.common:StringToSend</name>
         <uninitialized>true</uninitialized>
         <run_address>0x20000000</run_address>
         <size>0x5dc</size>
      </object_component>
      <object_component id="oc-2e6">
         <name>.common:s</name>
         <uninitialized>true</uninitialized>
         <run_address>0x20001c90</run_address>
         <size>0x4</size>
      </object_component>
      <object_component id="oc-38b">
         <name>.common:r</name>
         <uninitialized>true</uninitialized>
         <run_address>0x20001c8c</run_address>
         <size>0x4</size>
      </object_component>
      <object_component id="oc-38a">
         <name>.common:tempchar</name>
         <uninitialized>true</uninitialized>
         <run_address>0x20001c58</run_address>
         <size>0x8</size>
      </object_component>
      <object_component id="oc-1d7">
         <name>.common:startup</name>
         <uninitialized>true</uninitialized>
         <run_address>0x20001c9a</run_address>
         <size>0x1</size>
      </object_component>
      <object_component id="oc-2ff">
         <name>.common:StringURL</name>
         <uninitialized>true</uninitialized>
         <run_address>0x20001b8c</run_address>
         <size>0x98</size>
      </object_component>
      <object_component id="oc-301">
         <name>.common:StringPost</name>
         <uninitialized>true</uninitialized>
         <run_address>0x20001af4</run_address>
         <size>0x98</size>
      </object_component>
      <object_component id="oc-300">
         <name>.common:PostLength</name>
         <uninitialized>true</uninitialized>
         <run_address>0x20001c7c</run_address>
         <size>0x4</size>
      </object_component>
      <object_component id="oc-26">
         <name>.stack</name>
         <uninitialized>true</uninitialized>
         <run_address>0x2000fe00</run_address>
         <size>0x4</size>
         <input_file_ref idref="fl-cd"/>
      </object_component>
      <object_component id="oc-534">
         <name>.stack</name>
         <uninitialized>true</uninitialized>
         <run_address>0x2000fe00</run_address>
         <size>0x0</size>
      </object_component>
      <object_component id="oc-d9">
         <name>.debug_info</name>
         <load_address>0x0</load_address>
         <run_address>0x0</run_address>
         <size>0xd8e</size>
         <input_file_ref idref="fl-2"/>
      </object_component>
      <object_component id="oc-d5">
         <name>.debug_info</name>
         <load_address>0xd8e</load_address>
         <run_address>0xd8e</run_address>
         <size>0x439</size>
         <input_file_ref idref="fl-2"/>
      </object_component>
      <object_component id="oc-eb">
         <name>.debug_info</name>
         <load_address>0x11c7</load_address>
         <run_address>0x11c7</run_address>
         <size>0xce</size>
         <input_file_ref idref="fl-2"/>
      </object_component>
      <object_component id="oc-ee">
         <name>.debug_info</name>
         <load_address>0x1295</load_address>
         <run_address>0x1295</run_address>
         <size>0xcc</size>
         <input_file_ref idref="fl-2"/>
      </object_component>
      <object_component id="oc-1a0">
         <name>.debug_info</name>
         <load_address>0x1361</load_address>
         <run_address>0x1361</run_address>
         <size>0xd2</size>
         <input_file_ref idref="fl-2"/>
      </object_component>
      <object_component id="oc-1a3">
         <name>.debug_info</name>
         <load_address>0x1433</load_address>
         <run_address>0x1433</run_address>
         <size>0xe2</size>
         <input_file_ref idref="fl-2"/>
      </object_component>
      <object_component id="oc-1a6">
         <name>.debug_info</name>
         <load_address>0x1515</load_address>
         <run_address>0x1515</run_address>
         <size>0xdc</size>
         <input_file_ref idref="fl-2"/>
      </object_component>
      <object_component id="oc-1a9">
         <name>.debug_info</name>
         <load_address>0x15f1</load_address>
         <run_address>0x15f1</run_address>
         <size>0xe2</size>
         <input_file_ref idref="fl-2"/>
      </object_component>
      <object_component id="oc-38e">
         <name>.debug_info</name>
         <load_address>0x16d3</load_address>
         <run_address>0x16d3</run_address>
         <size>0xd7</size>
         <input_file_ref idref="fl-2"/>
      </object_component>
      <object_component id="oc-391">
         <name>.debug_info</name>
         <load_address>0x17aa</load_address>
         <run_address>0x17aa</run_address>
         <size>0xd9</size>
         <input_file_ref idref="fl-2"/>
      </object_component>
      <object_component id="oc-2e8">
         <name>.debug_info</name>
         <load_address>0x1883</load_address>
         <run_address>0x1883</run_address>
         <size>0xcc</size>
         <input_file_ref idref="fl-2"/>
      </object_component>
      <object_component id="oc-2b4">
         <name>.debug_info</name>
         <load_address>0x194f</load_address>
         <run_address>0x194f</run_address>
         <size>0xdf</size>
         <input_file_ref idref="fl-2"/>
      </object_component>
      <object_component id="oc-2ac">
         <name>.debug_info</name>
         <load_address>0x1a2e</load_address>
         <run_address>0x1a2e</run_address>
         <size>0xdf</size>
         <input_file_ref idref="fl-2"/>
      </object_component>
      <object_component id="oc-3b6">
         <name>.debug_info</name>
         <load_address>0x1b0d</load_address>
         <run_address>0x1b0d</run_address>
         <size>0xdd</size>
         <input_file_ref idref="fl-2"/>
      </object_component>
      <object_component id="oc-115">
         <name>.debug_info</name>
         <load_address>0x1bea</load_address>
         <run_address>0x1bea</run_address>
         <size>0x152</size>
         <input_file_ref idref="fl-2"/>
      </object_component>
      <object_component id="oc-11b">
         <name>.debug_info</name>
         <load_address>0x1d3c</load_address>
         <run_address>0x1d3c</run_address>
         <size>0x1da</size>
         <input_file_ref idref="fl-2"/>
      </object_component>
      <object_component id="oc-133">
         <name>.debug_info</name>
         <load_address>0x1f16</load_address>
         <run_address>0x1f16</run_address>
         <size>0x6f6</size>
         <input_file_ref idref="fl-2"/>
      </object_component>
      <object_component id="oc-248">
         <name>.debug_info</name>
         <load_address>0x260c</load_address>
         <run_address>0x260c</run_address>
         <size>0x18f</size>
         <input_file_ref idref="fl-2"/>
      </object_component>
      <object_component id="oc-1fa">
         <name>.debug_info</name>
         <load_address>0x279b</load_address>
         <run_address>0x279b</run_address>
         <size>0x18f</size>
         <input_file_ref idref="fl-2"/>
      </object_component>
      <object_component id="oc-22a">
         <name>.debug_info</name>
         <load_address>0x292a</load_address>
         <run_address>0x292a</run_address>
         <size>0x18d</size>
         <input_file_ref idref="fl-2"/>
      </object_component>
      <object_component id="oc-2c2">
         <name>.debug_info</name>
         <load_address>0x2ab7</load_address>
         <run_address>0x2ab7</run_address>
         <size>0x18b</size>
         <input_file_ref idref="fl-2"/>
      </object_component>
      <object_component id="oc-21e">
         <name>.debug_info</name>
         <load_address>0x2c42</load_address>
         <run_address>0x2c42</run_address>
         <size>0x175</size>
         <input_file_ref idref="fl-2"/>
      </object_component>
      <object_component id="oc-e5">
         <name>.debug_info</name>
         <load_address>0x2db7</load_address>
         <run_address>0x2db7</run_address>
         <size>0x161</size>
         <input_file_ref idref="fl-2"/>
      </object_component>
      <object_component id="oc-224">
         <name>.debug_info</name>
         <load_address>0x2f18</load_address>
         <run_address>0x2f18</run_address>
         <size>0x159</size>
         <input_file_ref idref="fl-2"/>
      </object_component>
      <object_component id="oc-1c0">
         <name>.debug_info</name>
         <load_address>0x3071</load_address>
         <run_address>0x3071</run_address>
         <size>0x199</size>
         <input_file_ref idref="fl-2"/>
      </object_component>
      <object_component id="oc-1e1">
         <name>.debug_info</name>
         <load_address>0x320a</load_address>
         <run_address>0x320a</run_address>
         <size>0x199</size>
         <input_file_ref idref="fl-2"/>
      </object_component>
      <object_component id="oc-212">
         <name>.debug_info</name>
         <load_address>0x33a3</load_address>
         <run_address>0x33a3</run_address>
         <size>0x1c1</size>
         <input_file_ref idref="fl-2"/>
      </object_component>
      <object_component id="oc-1cc">
         <name>.debug_info</name>
         <load_address>0x3564</load_address>
         <run_address>0x3564</run_address>
         <size>0x211</size>
         <input_file_ref idref="fl-2"/>
      </object_component>
      <object_component id="oc-1e7">
         <name>.debug_info</name>
         <load_address>0x3775</load_address>
         <run_address>0x3775</run_address>
         <size>0x211</size>
         <input_file_ref idref="fl-2"/>
      </object_component>
      <object_component id="oc-2ba">
         <name>.debug_info</name>
         <load_address>0x3986</load_address>
         <run_address>0x3986</run_address>
         <size>0x1f3</size>
         <input_file_ref idref="fl-2"/>
      </object_component>
      <object_component id="oc-2ce">
         <name>.debug_info</name>
         <load_address>0x3b79</load_address>
         <run_address>0x3b79</run_address>
         <size>0x18c</size>
         <input_file_ref idref="fl-2"/>
      </object_component>
      <object_component id="oc-1c6">
         <name>.debug_info</name>
         <load_address>0x3d05</load_address>
         <run_address>0x3d05</run_address>
         <size>0x180</size>
         <input_file_ref idref="fl-2"/>
      </object_component>
      <object_component id="oc-2ee">
         <name>.debug_info</name>
         <load_address>0x3e85</load_address>
         <run_address>0x3e85</run_address>
         <size>0x176</size>
         <input_file_ref idref="fl-2"/>
      </object_component>
      <object_component id="oc-314">
         <name>.debug_info</name>
         <load_address>0x3ffb</load_address>
         <run_address>0x3ffb</run_address>
         <size>0x178</size>
         <input_file_ref idref="fl-2"/>
      </object_component>
      <object_component id="oc-1ba">
         <name>.debug_info</name>
         <load_address>0x4173</load_address>
         <run_address>0x4173</run_address>
         <size>0x180</size>
         <input_file_ref idref="fl-2"/>
      </object_component>
      <object_component id="oc-308">
         <name>.debug_info</name>
         <load_address>0x42f3</load_address>
         <run_address>0x42f3</run_address>
         <size>0x180</size>
         <input_file_ref idref="fl-2"/>
      </object_component>
      <object_component id="oc-1db">
         <name>.debug_info</name>
         <load_address>0x4473</load_address>
         <run_address>0x4473</run_address>
         <size>0x180</size>
         <input_file_ref idref="fl-2"/>
      </object_component>
      <object_component id="oc-1f4">
         <name>.debug_info</name>
         <load_address>0x45f3</load_address>
         <run_address>0x45f3</run_address>
         <size>0x1aa</size>
         <input_file_ref idref="fl-2"/>
      </object_component>
      <object_component id="oc-230">
         <name>.debug_info</name>
         <load_address>0x479d</load_address>
         <run_address>0x479d</run_address>
         <size>0x1d5</size>
         <input_file_ref idref="fl-2"/>
      </object_component>
      <object_component id="oc-30e">
         <name>.debug_info</name>
         <load_address>0x4972</load_address>
         <run_address>0x4972</run_address>
         <size>0x177</size>
         <input_file_ref idref="fl-2"/>
      </object_component>
      <object_component id="oc-31b">
         <name>.debug_info</name>
         <load_address>0x4ae9</load_address>
         <run_address>0x4ae9</run_address>
         <size>0x185</size>
         <input_file_ref idref="fl-2"/>
      </object_component>
      <object_component id="oc-321">
         <name>.debug_info</name>
         <load_address>0x4c6e</load_address>
         <run_address>0x4c6e</run_address>
         <size>0x18c</size>
         <input_file_ref idref="fl-2"/>
      </object_component>
      <object_component id="oc-327">
         <name>.debug_info</name>
         <load_address>0x4dfa</load_address>
         <run_address>0x4dfa</run_address>
         <size>0x1a3</size>
         <input_file_ref idref="fl-2"/>
      </object_component>
      <object_component id="oc-32d">
         <name>.debug_info</name>
         <load_address>0x4f9d</load_address>
         <run_address>0x4f9d</run_address>
         <size>0x19d</size>
         <input_file_ref idref="fl-2"/>
      </object_component>
      <object_component id="oc-346">
         <name>.debug_info</name>
         <load_address>0x513a</load_address>
         <run_address>0x513a</run_address>
         <size>0x187</size>
         <input_file_ref idref="fl-2"/>
      </object_component>
      <object_component id="oc-34d">
         <name>.debug_info</name>
         <load_address>0x52c1</load_address>
         <run_address>0x52c1</run_address>
         <size>0x27d</size>
         <input_file_ref idref="fl-2"/>
      </object_component>
      <object_component id="oc-333">
         <name>.debug_info</name>
         <load_address>0x553e</load_address>
         <run_address>0x553e</run_address>
         <size>0x208</size>
         <input_file_ref idref="fl-2"/>
      </object_component>
      <object_component id="oc-33f">
         <name>.debug_info</name>
         <load_address>0x5746</load_address>
         <run_address>0x5746</run_address>
         <size>0x1fd</size>
         <input_file_ref idref="fl-2"/>
      </object_component>
      <object_component id="oc-339">
         <name>.debug_info</name>
         <load_address>0x5943</load_address>
         <run_address>0x5943</run_address>
         <size>0x1fd</size>
         <input_file_ref idref="fl-2"/>
      </object_component>
      <object_component id="oc-236">
         <name>.debug_info</name>
         <load_address>0x5b40</load_address>
         <run_address>0x5b40</run_address>
         <size>0x2a2</size>
         <input_file_ref idref="fl-2"/>
      </object_component>
      <object_component id="oc-23c">
         <name>.debug_info</name>
         <load_address>0x5de2</load_address>
         <run_address>0x5de2</run_address>
         <size>0x196</size>
         <input_file_ref idref="fl-2"/>
      </object_component>
      <object_component id="oc-242">
         <name>.debug_info</name>
         <load_address>0x5f78</load_address>
         <run_address>0x5f78</run_address>
         <size>0x198</size>
         <input_file_ref idref="fl-2"/>
      </object_component>
      <object_component id="oc-127">
         <name>.debug_info</name>
         <load_address>0x6110</load_address>
         <run_address>0x6110</run_address>
         <size>0x1b3</size>
         <input_file_ref idref="fl-2"/>
      </object_component>
      <object_component id="oc-24e">
         <name>.debug_info</name>
         <load_address>0x62c3</load_address>
         <run_address>0x62c3</run_address>
         <size>0x238</size>
         <input_file_ref idref="fl-2"/>
      </object_component>
      <object_component id="oc-254">
         <name>.debug_info</name>
         <load_address>0x64fb</load_address>
         <run_address>0x64fb</run_address>
         <size>0x1f4</size>
         <input_file_ref idref="fl-2"/>
      </object_component>
      <object_component id="oc-25a">
         <name>.debug_info</name>
         <load_address>0x66ef</load_address>
         <run_address>0x66ef</run_address>
         <size>0x19c</size>
         <input_file_ref idref="fl-2"/>
      </object_component>
      <object_component id="oc-261">
         <name>.debug_info</name>
         <load_address>0x688b</load_address>
         <run_address>0x688b</run_address>
         <size>0x27d</size>
         <input_file_ref idref="fl-2"/>
      </object_component>
      <object_component id="oc-267">
         <name>.debug_info</name>
         <load_address>0x6b08</load_address>
         <run_address>0x6b08</run_address>
         <size>0x20a</size>
         <input_file_ref idref="fl-2"/>
      </object_component>
      <object_component id="oc-26d">
         <name>.debug_info</name>
         <load_address>0x6d12</load_address>
         <run_address>0x6d12</run_address>
         <size>0x19e</size>
         <input_file_ref idref="fl-2"/>
      </object_component>
      <object_component id="oc-121">
         <name>.debug_info</name>
         <load_address>0x6eb0</load_address>
         <run_address>0x6eb0</run_address>
         <size>0x23b</size>
         <input_file_ref idref="fl-2"/>
      </object_component>
      <object_component id="oc-1ee">
         <name>.debug_info</name>
         <load_address>0x70eb</load_address>
         <run_address>0x70eb</run_address>
         <size>0x225</size>
         <input_file_ref idref="fl-2"/>
      </object_component>
      <object_component id="oc-200">
         <name>.debug_info</name>
         <load_address>0x7310</load_address>
         <run_address>0x7310</run_address>
         <size>0x18e</size>
         <input_file_ref idref="fl-2"/>
      </object_component>
      <object_component id="oc-206">
         <name>.debug_info</name>
         <load_address>0x749e</load_address>
         <run_address>0x749e</run_address>
         <size>0x231</size>
         <input_file_ref idref="fl-2"/>
      </object_component>
      <object_component id="oc-20c">
         <name>.debug_info</name>
         <load_address>0x76cf</load_address>
         <run_address>0x76cf</run_address>
         <size>0x196</size>
         <input_file_ref idref="fl-2"/>
      </object_component>
      <object_component id="oc-2f4">
         <name>.debug_info</name>
         <load_address>0x7865</load_address>
         <run_address>0x7865</run_address>
         <size>0x332</size>
         <input_file_ref idref="fl-2"/>
      </object_component>
      <object_component id="oc-12d">
         <name>.debug_info</name>
         <load_address>0x7b97</load_address>
         <run_address>0x7b97</run_address>
         <size>0x23b</size>
         <input_file_ref idref="fl-2"/>
      </object_component>
      <object_component id="oc-218">
         <name>.debug_info</name>
         <load_address>0x7dd2</load_address>
         <run_address>0x7dd2</run_address>
         <size>0x2d8</size>
         <input_file_ref idref="fl-2"/>
      </object_component>
      <object_component id="oc-bb">
         <name>.debug_info</name>
         <load_address>0x80aa</load_address>
         <run_address>0x80aa</run_address>
         <size>0x234</size>
         <input_file_ref idref="fl-2"/>
      </object_component>
      <object_component id="oc-77">
         <name>.debug_info</name>
         <load_address>0x82de</load_address>
         <run_address>0x82de</run_address>
         <size>0x138</size>
         <input_file_ref idref="fl-2"/>
      </object_component>
      <object_component id="oc-7d">
         <name>.debug_info</name>
         <load_address>0x8416</load_address>
         <run_address>0x8416</run_address>
         <size>0x138</size>
         <input_file_ref idref="fl-2"/>
      </object_component>
      <object_component id="oc-83">
         <name>.debug_info</name>
         <load_address>0x854e</load_address>
         <run_address>0x854e</run_address>
         <size>0x138</size>
         <input_file_ref idref="fl-2"/>
      </object_component>
      <object_component id="oc-89">
         <name>.debug_info</name>
         <load_address>0x8686</load_address>
         <run_address>0x8686</run_address>
         <size>0x138</size>
         <input_file_ref idref="fl-2"/>
      </object_component>
      <object_component id="oc-8f">
         <name>.debug_info</name>
         <load_address>0x87be</load_address>
         <run_address>0x87be</run_address>
         <size>0x14a</size>
         <input_file_ref idref="fl-2"/>
      </object_component>
      <object_component id="oc-1d2">
         <name>.debug_info</name>
         <load_address>0x8908</load_address>
         <run_address>0x8908</run_address>
         <size>0x126</size>
         <input_file_ref idref="fl-2"/>
      </object_component>
      <object_component id="oc-71">
         <name>.debug_info</name>
         <load_address>0x8a2e</load_address>
         <run_address>0x8a2e</run_address>
         <size>0x107</size>
         <input_file_ref idref="fl-2"/>
      </object_component>
      <object_component id="oc-f3">
         <name>.debug_info</name>
         <load_address>0x8b35</load_address>
         <run_address>0x8b35</run_address>
         <size>0x26b</size>
         <input_file_ref idref="fl-2"/>
      </object_component>
      <object_component id="oc-186">
         <name>.debug_info</name>
         <load_address>0x8da0</load_address>
         <run_address>0x8da0</run_address>
         <size>0x1055</size>
         <input_file_ref idref="fl-2"/>
      </object_component>
      <object_component id="oc-181">
         <name>.debug_info</name>
         <load_address>0x9df5</load_address>
         <run_address>0x9df5</run_address>
         <size>0x37e2</size>
         <input_file_ref idref="fl-2"/>
      </object_component>
      <object_component id="oc-18b">
         <name>.debug_info</name>
         <load_address>0xd5d7</load_address>
         <run_address>0xd5d7</run_address>
         <size>0x341</size>
         <input_file_ref idref="fl-2"/>
      </object_component>
      <object_component id="oc-139">
         <name>.debug_info</name>
         <load_address>0xd918</load_address>
         <run_address>0xd918</run_address>
         <size>0x8b</size>
         <input_file_ref idref="fl-2"/>
      </object_component>
      <object_component id="oc-19a">
         <name>.debug_info</name>
         <load_address>0xd9a3</load_address>
         <run_address>0xd9a3</run_address>
         <size>0x297</size>
         <input_file_ref idref="fl-2"/>
      </object_component>
      <object_component id="oc-190">
         <name>.debug_info</name>
         <load_address>0xdc3a</load_address>
         <run_address>0xdc3a</run_address>
         <size>0xef</size>
         <input_file_ref idref="fl-2"/>
      </object_component>
      <object_component id="oc-dc">
         <name>.debug_info</name>
         <load_address>0xdd29</load_address>
         <run_address>0xdd29</run_address>
         <size>0xbb</size>
         <input_file_ref idref="fl-2"/>
      </object_component>
      <object_component id="oc-3aa">
         <name>.debug_info</name>
         <load_address>0xdde4</load_address>
         <run_address>0xdde4</run_address>
         <size>0x2c</size>
         <input_file_ref idref="fl-2"/>
      </object_component>
      <object_component id="oc-195">
         <name>.debug_info</name>
         <load_address>0xde10</load_address>
         <run_address>0xde10</run_address>
         <size>0xee</size>
         <input_file_ref idref="fl-2"/>
      </object_component>
      <object_component id="oc-cd">
         <name>.debug_info</name>
         <load_address>0xdefe</load_address>
         <run_address>0xdefe</run_address>
         <size>0x12a</size>
         <input_file_ref idref="fl-3"/>
      </object_component>
      <object_component id="oc-2f">
         <name>.debug_info</name>
         <load_address>0xe028</load_address>
         <run_address>0xe028</run_address>
         <size>0x84</size>
         <input_file_ref idref="fl-3"/>
      </object_component>
      <object_component id="oc-96">
         <name>.debug_info</name>
         <load_address>0xe0ac</load_address>
         <run_address>0xe0ac</run_address>
         <size>0x2ca</size>
         <input_file_ref idref="fl-4"/>
      </object_component>
      <object_component id="oc-24">
         <name>.debug_info</name>
         <load_address>0xe376</load_address>
         <run_address>0xe376</run_address>
         <size>0xf6</size>
         <input_file_ref idref="fl-4"/>
      </object_component>
      <object_component id="oc-65">
         <name>.debug_info</name>
         <load_address>0xe46c</load_address>
         <run_address>0xe46c</run_address>
         <size>0x159</size>
         <input_file_ref idref="fl-4"/>
      </object_component>
      <object_component id="oc-6b">
         <name>.debug_info</name>
         <load_address>0xe5c5</load_address>
         <run_address>0xe5c5</run_address>
         <size>0x141</size>
         <input_file_ref idref="fl-4"/>
      </object_component>
      <object_component id="oc-1b1">
         <name>.debug_info</name>
         <load_address>0xe706</load_address>
         <run_address>0xe706</run_address>
         <size>0x822</size>
         <input_file_ref idref="fl-f"/>
      </object_component>
      <object_component id="oc-10a">
         <name>.debug_info</name>
         <load_address>0xef28</load_address>
         <run_address>0xef28</run_address>
         <size>0x1e1</size>
         <input_file_ref idref="fl-f"/>
      </object_component>
      <object_component id="oc-2a2">
         <name>.debug_info</name>
         <load_address>0xf109</load_address>
         <run_address>0xf109</run_address>
         <size>0x431a</size>
         <input_file_ref idref="fl-f"/>
      </object_component>
      <object_component id="oc-29d">
         <name>.debug_info</name>
         <load_address>0x13423</load_address>
         <run_address>0x13423</run_address>
         <size>0x1b5</size>
         <input_file_ref idref="fl-f"/>
      </object_component>
      <object_component id="oc-1b6">
         <name>.debug_info</name>
         <load_address>0x135d8</load_address>
         <run_address>0x135d8</run_address>
         <size>0x695</size>
         <input_file_ref idref="fl-10"/>
      </object_component>
      <object_component id="oc-1b3">
         <name>.debug_info</name>
         <load_address>0x13c6d</load_address>
         <run_address>0x13c6d</run_address>
         <size>0x126</size>
         <input_file_ref idref="fl-10"/>
      </object_component>
      <object_component id="oc-10f">
         <name>.debug_info</name>
         <load_address>0x13d93</load_address>
         <run_address>0x13d93</run_address>
         <size>0x253</size>
         <input_file_ref idref="fl-10"/>
      </object_component>
      <object_component id="oc-388">
         <name>.debug_info</name>
         <load_address>0x13fe6</load_address>
         <run_address>0x13fe6</run_address>
         <size>0x136</size>
         <input_file_ref idref="fl-c8"/>
      </object_component>
      <object_component id="oc-2d9">
         <name>.debug_info</name>
         <load_address>0x1411c</load_address>
         <run_address>0x1411c</run_address>
         <size>0x124</size>
         <input_file_ref idref="fl-c9"/>
      </object_component>
      <object_component id="oc-ad">
         <name>.debug_info</name>
         <load_address>0x14240</load_address>
         <run_address>0x14240</run_address>
         <size>0x313</size>
         <input_file_ref idref="fl-ca"/>
      </object_component>
      <object_component id="oc-47">
         <name>.debug_info</name>
         <load_address>0x14553</load_address>
         <run_address>0x14553</run_address>
         <size>0x1aa</size>
         <input_file_ref idref="fl-ca"/>
      </object_component>
      <object_component id="oc-a8">
         <name>.debug_info</name>
         <load_address>0x146fd</load_address>
         <run_address>0x146fd</run_address>
         <size>0x46</size>
         <input_file_ref idref="fl-ca"/>
      </object_component>
      <object_component id="oc-ff">
         <name>.debug_info</name>
         <load_address>0x14743</load_address>
         <run_address>0x14743</run_address>
         <size>0x2c</size>
         <input_file_ref idref="fl-ca"/>
      </object_component>
      <object_component id="oc-3f">
         <name>.debug_info</name>
         <load_address>0x1476f</load_address>
         <run_address>0x1476f</run_address>
         <size>0x29d</size>
         <input_file_ref idref="fl-cb"/>
      </object_component>
      <object_component id="oc-1b">
         <name>.debug_info</name>
         <load_address>0x14a0c</load_address>
         <run_address>0x14a0c</run_address>
         <size>0x1df</size>
         <input_file_ref idref="fl-cb"/>
      </object_component>
      <object_component id="oc-3a">
         <name>.debug_info</name>
         <load_address>0x14beb</load_address>
         <run_address>0x14beb</run_address>
         <size>0x46</size>
         <input_file_ref idref="fl-cb"/>
      </object_component>
      <object_component id="oc-a0">
         <name>.debug_info</name>
         <load_address>0x14c31</load_address>
         <run_address>0x14c31</run_address>
         <size>0x2c</size>
         <input_file_ref idref="fl-cb"/>
      </object_component>
      <object_component id="oc-9e">
         <name>.debug_info</name>
         <load_address>0x14c5d</load_address>
         <run_address>0x14c5d</run_address>
         <size>0x293</size>
         <input_file_ref idref="fl-cc"/>
      </object_component>
      <object_component id="oc-16">
         <name>.debug_info</name>
         <load_address>0x14ef0</load_address>
         <run_address>0x14ef0</run_address>
         <size>0x245</size>
         <input_file_ref idref="fl-cc"/>
      </object_component>
      <object_component id="oc-2a">
         <name>.debug_info</name>
         <load_address>0x15135</load_address>
         <run_address>0x15135</run_address>
         <size>0x60</size>
         <input_file_ref idref="fl-cc"/>
      </object_component>
      <object_component id="oc-f8">
         <name>.debug_info</name>
         <load_address>0x15195</load_address>
         <run_address>0x15195</run_address>
         <size>0x46</size>
         <input_file_ref idref="fl-cc"/>
      </object_component>
      <object_component id="oc-99">
         <name>.debug_info</name>
         <load_address>0x151db</load_address>
         <run_address>0x151db</run_address>
         <size>0x39</size>
         <input_file_ref idref="fl-cc"/>
      </object_component>
      <object_component id="oc-27">
         <name>.debug_info</name>
         <load_address>0x15214</load_address>
         <run_address>0x15214</run_address>
         <size>0x100</size>
[...]
      <symbol id="sm-548">
         <name>Reset_Index</name>
         <value>0x5205</value>
         <object_component_ref idref="oc-223"/>
      </symbol>
      <symbol id="sm-549">
         <name>Init_ADC_EG91</name>
         <value>0x498d</value>
         <object_component_ref idref="oc-1f9"/>
      </symbol>
      <symbol id="sm-54a">
         <name>ii</name>
         <value>0x20001cc6</value>
         <object_component_ref idref="oc-d4"/>
      </symbol>
      <symbol id="sm-54b">
         <name>GPS_Count</name>
         <value>0x20001ccc</value>
         <object_component_ref idref="oc-d4"/>
      </symbol>
      <symbol id="sm-54c">
         <name>TransmitLoRaWAN</name>
         <value>0x547f</value>
         <object_component_ref idref="oc-241"/>
      </symbol>
      <symbol id="sm-54d">
         <name>EUSCIA0_IRQHandler</name>
         <value>0x4cad</value>
         <object_component_ref idref="oc-76"/>
      </symbol>
      <symbol id="sm-54e">
         <name>counter</name>
         <value>0x20001cc7</value>
         <object_component_ref idref="oc-d4"/>
      </symbol>
      <symbol id="sm-54f">
         <name>Check_Buttons</name>
         <value>0xb45</value>
         <object_component_ref idref="oc-132"/>
      </symbol>
      <symbol id="sm-550">
         <name>compareConfig</name>
         <value>0x5774</value>
         <object_component_ref idref="oc-390"/>
      </symbol>
      <symbol id="sm-551">
         <name>Module_status</name>
         <value>0x20001c9c</value>
         <object_component_ref idref="oc-d4"/>
      </symbol>
      <symbol id="sm-552">
         <name>EMB_Network_ID</name>
         <value>0x4561</value>
         <object_component_ref idref="oc-32c"/>
      </symbol>
      <symbol id="sm-553">
         <name>EMB_Set_NwkSKey</name>
         <value>0x2df9</value>
         <object_component_ref idref="oc-338"/>
      </symbol>
      <symbol id="sm-554">
         <name>Create_Message</name>
         <value>0x1899</value>
         <object_component_ref idref="oc-211"/>
      </symbol>
      <symbol id="sm-555">
         <name>BG96_Startup</name>
         <value>0x4879</value>
         <object_component_ref idref="oc-120"/>
      </symbol>
      <symbol id="sm-556">
         <name>EMB_Network_Pref</name>
         <value>0x4c05</value>
         <object_component_ref idref="oc-320"/>
      </symbol>
      <symbol id="sm-557">
         <name>BG96_UART_Config</name>
         <value>0x56f0</value>
         <object_component_ref idref="oc-2ab"/>
      </symbol>
      <symbol id="sm-558">
         <name>EMB_Network_Stop</name>
         <value>0x4fc9</value>
         <object_component_ref idref="oc-31a"/>
      </symbol>
      <symbol id="sm-559">
         <name>uart_puts_EG91</name>
         <value>0x5115</value>
         <object_component_ref idref="oc-1e0"/>
      </symbol>
      <symbol id="sm-55a">
         <name>InitLoRaWAN</name>
         <value>0x41c1</value>
         <object_component_ref idref="oc-235"/>
      </symbol>
      <symbol id="sm-55b">
         <name>ConnectCheckQuectel</name>
         <value>0x14bd</value>
         <object_component_ref idref="oc-2b9"/>
      </symbol>
      <symbol id="sm-55c">
         <name>QuectelCSQCheck</name>
         <value>0x2041</value>
         <object_component_ref idref="oc-2cd"/>
      </symbol>
      <symbol id="sm-55d">
         <name>Connect_4G</name>
         <value>0x3ff1</value>
         <object_component_ref idref="oc-205"/>
      </symbol>
      <symbol id="sm-55e">
         <name>ReceiveCheckEMB</name>
         <value>0x2791</value>
         <object_component_ref idref="oc-313"/>
      </symbol>
      <symbol id="sm-55f">
         <name>EMB_Startup</name>
         <value>0x4c59</value>
         <object_component_ref idref="oc-22f"/>
      </symbol>
      <symbol id="sm-560">
         <name>AT_Error</name>
         <value>0x20001cc8</value>
         <object_component_ref idref="oc-d4"/>
      </symbol>
      <symbol id="sm-561">
         <name>ReceiveCheckQuectel</name>
         <value>0x2415</value>
         <object_component_ref idref="oc-1c5"/>
      </symbol>
      <symbol id="sm-562">
         <name>Transmit_CAT_M</name>
         <value>0x526d</value>
         <object_component_ref idref="oc-259"/>
      </symbol>
      <symbol id="sm-57a">
         <name>SystemInit</name>
         <value>0x4659</value>
         <object_component_ref idref="oc-cc"/>
      </symbol>
      <symbol id="sm-596">
         <name>Reset_Handler</name>
         <value>0x549d</value>
         <object_component_ref idref="oc-64"/>
      </symbol>
      <symbol id="sm-597">
         <name>Default_Handler</name>
         <value>0xb43</value>
         <object_component_ref idref="oc-6a"/>
      </symbol>
      <symbol id="sm-598">
         <name>interruptVectors</name>
         <value>0x0</value>
         <object_component_ref idref="oc-23"/>
      </symbol>
      <symbol id="sm-5b2">
         <name>CS_setDCOCenteredFrequency</name>
         <value>0x5335</value>
         <object_component_ref idref="oc-108"/>
      </symbol>
      <symbol id="sm-5c8">
         <name>Interrupt_setPriority</name>
         <value>0x537d</value>
         <object_component_ref idref="oc-10e"/>
      </symbol>
      <symbol id="sm-5d6">
         <name>__aeabi_d2f</name>
         <value>0x473f</value>
         <object_component_ref idref="oc-385"/>
      </symbol>
      <symbol id="sm-5e1">
         <name>__aeabi_f2d</name>
         <value>0x51cd</value>
         <object_component_ref idref="oc-2d6"/>
      </symbol>
      <symbol id="sm-5f8">
         <name>__TI_zero_init</name>
         <value>0x54a9</value>
         <object_component_ref idref="oc-46"/>
      </symbol>
      <symbol id="sm-60f">
         <name>__TI_decompress_none</name>
         <value>0x548f</value>
         <object_component_ref idref="oc-1a"/>
      </symbol>
      <symbol id="sm-632">
         <name>__TI_decompress_lzss</name>
         <value>0x47ad</value>
         <object_component_ref idref="oc-14"/>
      </symbol>
      <symbol id="sm-645">
         <name>__stack</name>
         <value>0x2000fe00</value>
         <object_component_ref idref="oc-26"/>
      </symbol>
      <symbol id="sm-646">
         <name>_c_int00_noargs</name>
         <value>0x5195</value>
         <object_component_ref idref="oc-52"/>
      </symbol>
      <symbol id="sm-651">
         <name>C$$EXIT</name>
         <value>0x54cd</value>
         <object_component_ref idref="oc-13e"/>
      </symbol>
      <symbol id="sm-652">
         <name>abort</name>
         <value>0x54cd</value>
         <object_component_ref idref="oc-13e"/>
      </symbol>
      <symbol id="sm-661">
         <name>atof</name>
         <value>0x544b</value>
         <object_component_ref idref="oc-37f"/>
      </symbol>
      <symbol id="sm-688">
         <name>sprintf</name>
         <value>0x5095</value>
         <object_component_ref idref="oc-2db"/>
      </symbol>
      <symbol id="sm-696">
         <name>strlen</name>
         <value>0x5437</value>
         <object_component_ref idref="oc-2f9"/>
      </symbol>
      <symbol id="sm-6f6">
         <name>strtold</name>
         <value>0x105d</value>
         <object_component_ref idref="oc-3d3"/>
      </symbol>
      <symbol id="sm-6f7">
         <name>strtod</name>
         <value>0x105d</value>
         <object_component_ref idref="oc-3d3"/>
      </symbol>
      <symbol id="sm-71e">
         <name>scalbn</name>
         <value>0x36f5</value>
         <object_component_ref idref="oc-43e"/>
      </symbol>
      <symbol id="sm-71f">
         <name>scalbnl</name>
         <value>0x36f5</value>
         <object_component_ref idref="oc-43e"/>
      </symbol>
      <symbol id="sm-720">
         <name>ldexpl</name>
         <value>0x36f5</value>
         <object_component_ref idref="oc-43e"/>
      </symbol>
      <symbol id="sm-721">
         <name>ldexp</name>
         <value>0x36f5</value>
         <object_component_ref idref="oc-43e"/>
      </symbol>
      <symbol id="sm-72b">
         <name>copysign</name>
         <value>0x5423</value>
         <object_component_ref idref="oc-4b7"/>
      </symbol>
      <symbol id="sm-72c">
         <name>copysignl</name>
         <value>0x5423</value>
         <object_component_ref idref="oc-4b7"/>
      </symbol>
      <symbol id="sm-743">
         <name>__aeabi_dsub</name>
         <value>0x25d9</value>
         <object_component_ref idref="oc-434"/>
      </symbol>
      <symbol id="sm-744">
         <name>__aeabi_dadd</name>
         <value>0x25e3</value>
         <object_component_ref idref="oc-434"/>
      </symbol>
      <symbol id="sm-766">
         <name>__aeabi_cdcmpeq</name>
         <value>0x42d5</value>
         <object_component_ref idref="oc-3ec"/>
      </symbol>
      <symbol id="sm-767">
         <name>__aeabi_cdcmple</name>
         <value>0x42d5</value>
         <object_component_ref idref="oc-3ec"/>
      </symbol>
      <symbol id="sm-768">
         <name>__aeabi_cdrcmple</name>
         <value>0x435b</value>
         <object_component_ref idref="oc-458"/>
      </symbol>
      <symbol id="sm-77c">
         <name>__aeabi_ddiv</name>
         <value>0x2b8d</value>
         <object_component_ref idref="oc-439"/>
      </symbol>
      <symbol id="sm-787">
         <name>__aeabi_dmul</name>
         <value>0x3a15</value>
         <object_component_ref idref="oc-42f"/>
      </symbol>
      <symbol id="sm-7a2">
         <name>memcpy</name>
         <value>0x408d</value>
         <object_component_ref idref="oc-34"/>
      </symbol>
      <symbol id="sm-7a3">
         <name>__aeabi_memcpy</name>
         <value>0x408d</value>
         <object_component_ref idref="oc-34"/>
      </symbol>
      <symbol id="sm-7a4">
         <name>__aeabi_memcpy8</name>
         <value>0x408d</value>
         <object_component_ref idref="oc-34"/>
      </symbol>
      <symbol id="sm-7a5">
         <name>__aeabi_memcpy4</name>
         <value>0x408d</value>
         <object_component_ref idref="oc-34"/>
      </symbol>
      <symbol id="sm-7b4">
         <name>__aeabi_memset</name>
         <value>0x45df</value>
         <object_component_ref idref="oc-ae"/>
      </symbol>
      <symbol id="sm-7b5">
         <name>memset</name>
         <value>0x45e5</value>
         <object_component_ref idref="oc-ae"/>
      </symbol>
      <symbol id="sm-7b6">
         <name>__aeabi_memset8</name>
         <value>0x45df</value>
         <object_component_ref idref="oc-ae"/>
      </symbol>
      <symbol id="sm-7b7">
         <name>__aeabi_memset4</name>
         <value>0x45df</value>
         <object_component_ref idref="oc-ae"/>
      </symbol>
      <symbol id="sm-7b8">
         <name>__aeabi_memclr8</name>
         <value>0x45dd</value>
         <object_component_ref idref="oc-ae"/>
      </symbol>
      <symbol id="sm-7b9">
         <name>__aeabi_memclr4</name>
         <value>0x45dd</value>
         <object_component_ref idref="oc-ae"/>
      </symbol>
      <symbol id="sm-7ba">
         <name>__aeabi_memclr</name>
         <value>0x45dd</value>
         <object_component_ref idref="oc-ae"/>
      </symbol>
      <symbol id="sm-7e2">
         <name>__TI_auto_init_nobinit_nopinit</name>
         <value>0x5051</value>
         <object_component_ref idref="oc-14a"/>
      </symbol>
      <symbol id="sm-7ec">
         <name>_system_pre_init</name>
         <value>0x54c9</value>
         <object_component_ref idref="oc-b4"/>
      </symbol>
      <symbol id="sm-803">
         <name>__aeabi_errno_addr</name>
         <value>0x54c1</value>
         <object_component_ref idref="oc-415"/>
      </symbol>
      <symbol id="sm-804">
         <name>errno</name>
         <value>0x20001cd8</value>
         <object_component_ref idref="oc-49e"/>
      </symbol>
      <symbol id="sm-969">
         <name>__TI_printfi</name>
         <value>0xe5</value>
         <object_component_ref idref="oc-396"/>
      </symbol>
      <symbol id="sm-97f">
         <name>atoi</name>
         <value>0x4ef1</value>
         <object_component_ref idref="oc-3e0"/>
      </symbol>
      <symbol id="sm-98a">
         <name>_ctypes_</name>
         <value>0x54d0</value>
         <object_component_ref idref="oc-444"/>
      </symbol>
      <symbol id="sm-999">
         <name>ltoa</name>
         <value>0x4dfd</value>
         <object_component_ref idref="oc-462"/>
      </symbol>
      <symbol id="sm-9a9">
         <name>memccpy</name>
         <value>0x53c1</value>
         <object_component_ref idref="oc-409"/>
      </symbol>
      <symbol id="sm-9b9">
         <name>strchr</name>
         <value>0x540d</value>
         <object_component_ref idref="oc-48e"/>
      </symbol>
      <symbol id="sm-9cf">
         <name>frexpl</name>
         <value>0x4815</value>
         <object_component_ref idref="oc-488"/>
      </symbol>
      <symbol id="sm-9d0">
         <name>frexp</name>
         <value>0x4815</value>
         <object_component_ref idref="oc-488"/>
      </symbol>
      <symbol id="sm-9e9">
         <name>wcslen</name>
         <value>0x545d</value>
         <object_component_ref idref="oc-40f"/>
      </symbol>
      <symbol id="sm-9f3">
         <name>__aeabi_d2iz</name>
         <value>0x4f3d</value>
         <object_component_ref idref="oc-45d"/>
      </symbol>
      <symbol id="sm-9fd">
         <name>__aeabi_i2d</name>
         <value>0x5305</value>
         <object_component_ref idref="oc-468"/>
      </symbol>
      <symbol id="sm-a0a">
         <name>__aeabi_uldivmod</name>
         <value>0x4129</value>
         <object_component_ref idref="oc-451"/>
      </symbol>
      <symbol id="sm-a14">
         <name>__aeabi_idiv0</name>
         <value>0x278f</value>
         <object_component_ref idref="oc-4cd"/>
      </symbol>
      <symbol id="sm-a15">
         <name>__aeabi_ldiv0</name>
         <value>0x278f</value>
         <object_component_ref idref="oc-4cd"/>
      </symbol>
      <symbol id="sm-a16">
         <name>__TI_static_base__</name>
         <value>0x0</value>
      </symbol>
      <symbol id="sm-a19">
         <name>__mpu_init</name>
         <value>0x0</value>
      </symbol>
      <symbol id="sm-a1a">
         <name>_system_post_cinit</name>
         <value>0x0</value>
      </symbol>
      <symbol id="sm-a1b">
         <name>NMI_Handler</name>
         <value>0xb43</value>
      </symbol>
      <symbol id="sm-a1c">
         <name>HardFault_Handler</name>
         <value>0xb43</value>
      </symbol>
      <symbol id="sm-a1d">
         <name>MemManage_Handler</name>
         <value>0xb43</value>
      </symbol>
      <symbol id="sm-a1e">
         <name>BusFault_Handler</name>
         <value>0xb43</value>
      </symbol>
      <symbol id="sm-a1f">
         <name>UsageFault_Handler</name>
         <value>0xb43</value>
      </symbol>
      <symbol id="sm-a20">
         <name>SVC_Handler</name>
         <value>0xb43</value>
      </symbol>
      <symbol id="sm-a21">
         <name>DebugMon_Handler</name>
         <value>0xb43</value>
      </symbol>
      <symbol id="sm-a22">
         <name>PendSV_Handler</name>
         <value>0xb43</value>
      </symbol>
      <symbol id="sm-a23">
         <name>SysTick_Handler</name>
         <value>0x53a1</value>
      </symbol>
      <symbol id="sm-a24">
         <name>PSS_IRQHandler</name>
         <value>0xb43</value>
      </symbol>
      <symbol id="sm-a25">
         <name>CS_IRQHandler</name>
         <value>0xb43</value>
      </symbol>
      <symbol id="sm-a26">
         <name>PCM_IRQHandler</name>
         <value>0xb43</value>
      </symbol>
      <symbol id="sm-a27">
         <name>WDT_A_IRQHandler</name>
         <value>0xb43</value>
      </symbol>
      <symbol id="sm-a28">
         <name>FPU_IRQHandler</name>
         <value>0xb43</value>
      </symbol>
      <symbol id="sm-a29">
         <name>FLCTL_IRQHandler</name>
         <value>0xb43</value>
      </symbol>
      <symbol id="sm-a2a">
         <name>COMP_E0_IRQHandler</name>
         <value>0xb43</value>
      </symbol>
      <symbol id="sm-a2b">
         <name>COMP_E1_IRQHandler</name>
         <value>0xb43</value>
      </symbol>
      <symbol id="sm-a2c">
         <name>TA0_0_IRQHandler</name>
         <value>0xb43</value>
      </symbol>
      <symbol id="sm-a2d">
         <name>TA0_N_IRQHandler</name>
         <value>0xb43</value>
      </symbol>
      <symbol id="sm-a2e">
         <name>TA1_0_IRQHandler</name>
         <value>0xb43</value>
      </symbol>
      <symbol id="sm-a2f">
         <name>TA1_N_IRQHandler</name>
         <value>0xb43</value>
      </symbol>
      <symbol id="sm-a30">
         <name>TA2_0_IRQHandler</name>
         <value>0xb43</value>
      </symbol>
      <symbol id="sm-a31">
         <name>TA2_N_IRQHandler</name>
         <value>0xb43</value>
      </symbol>
      <symbol id="sm-a32">
         <name>TA3_0_IRQHandler</name>
         <value>0xb43</value>
      </symbol>
      <symbol id="sm-a33">
         <name>TA3_N_IRQHandler</name>
         <value>0xb43</value>
      </symbol>
      <symbol id="sm-a34">
         <name>EUSCIA0_IRQHandler</name>
         <value>0x4cad</value>
      </symbol>
      <symbol id="sm-a35">
         <name>EUSCIA1_IRQHandler</name>
         <value>0x4d01</value>
      </symbol>
      <symbol id="sm-a36">
         <name>EUSCIA2_IRQHandler</name>
         <value>0x4d55</value>
      </symbol>
      <symbol id="sm-a37">
         <name>EUSCIA3_IRQHandler</name>
         <value>0x4da9</value>
      </symbol>
      <symbol id="sm-a38">
         <name>EUSCIB0_IRQHandler</name>
         <value>0xb43</value>
      </symbol>
      <symbol id="sm-a39">
         <name>EUSCIB1_IRQHandler</name>
         <value>0xb43</value>
      </symbol>
      <symbol id="sm-a3a">
         <name>EUSCIB2_IRQHandler</name>
         <value>0xb43</value>
      </symbol>
      <symbol id="sm-a3b">
         <name>EUSCIB3_IRQHandler</name>
         <value>0xb43</value>
      </symbol>
      <symbol id="sm-a3c">
         <name>ADC14_IRQHandler</name>
         <value>0x3b11</value>
      </symbol>
      <symbol id="sm-a3d">
         <name>T32_INT1_IRQHandler</name>
         <value>0xb43</value>
      </symbol>
      <symbol id="sm-a3e">
         <name>T32_INT2_IRQHandler</name>
         <value>0xb43</value>
      </symbol>
      <symbol id="sm-a3f">
         <name>T32_INTC_IRQHandler</name>
         <value>0xb43</value>
      </symbol>
      <symbol id="sm-a40">
         <name>AES256_IRQHandler</name>
         <value>0xb43</value>
      </symbol>
      <symbol id="sm-a41">
         <name>RTC_C_IRQHandler</name>
         <value>0xb43</value>
      </symbol>
      <symbol id="sm-a42">
         <name>DMA_ERR_IRQHandler</name>
         <value>0xb43</value>
      </symbol>
      <symbol id="sm-a43">
         <name>DMA_INT3_IRQHandler</name>
         <value>0xb43</value>
      </symbol>
      <symbol id="sm-a44">
         <name>DMA_INT2_IRQHandler</name>
         <value>0xb43</value>
      </symbol>
      <symbol id="sm-a45">
         <name>DMA_INT1_IRQHandler</name>
         <value>0xb43</value>
      </symbol>
      <symbol id="sm-a46">
         <name>DMA_INT0_IRQHandler</name>
         <value>0xb43</value>
      </symbol>
      <symbol id="sm-a47">
         <name>PORT1_IRQHandler</name>
         <value>0xb43</value>
      </symbol>
      <symbol id="sm-a48">
         <name>PORT2_IRQHandler</name>
         <value>0xb43</value>
      </symbol>
      <symbol id="sm-a49">
         <name>PORT3_IRQHandler</name>
         <value>0xb43</value>
      </symbol>
      <symbol id="sm-a4a">
         <name>PORT4_IRQHandler</name>
         <value>0xb43</value>
      </symbol>
      <symbol id="sm-a4b">
         <name>PORT5_IRQHandler</name>
         <value>0xb43</value>
      </symbol>
      <symbol id="sm-a4c">
         <name>PORT6_IRQHandler</name>
         <value>0xb43</value>
      </symbol>
   </symbol_table>
   <title>Link successful</title>
</link_info>
