******************************************************************************
                  TI ARM Linker PC v18.1.1                     
******************************************************************************
>> Linked Fri Jun  1 14:09:49 2018

OUTPUT FILE NAME:   <uart_loopback_24mhz_brclk_MSP_EXP432P401R_nortos_ccs.out>
ENTRY POINT SYMBOL: "_c_int00_noargs"  address: 00000561


MEMORY CONFIGURATION

         name            origin    length      used     unused   attr    fill
----------------------  --------  ---------  --------  --------  ----  --------
  MAIN                  00000000   00040000  00000666  0003f99a  R  X
  INFO                  00200000   00004000  00000000  00004000  R  X
  SRAM_CODE             01000000   00010000  0000028e  0000fd72  RW X
  SRAM_DATA             20000000   00010000  0000028e  0000fd72  RW  


SEGMENT ALLOCATION MAP

run origin  load origin   length   init length attrs members
----------  ----------- ---------- ----------- ----- -------
00000000    00000000    00000668   00000668    r-x
  00000000    00000000    000000e4   000000e4    r-- .intvecs
  000000e4    000000e4    0000050e   0000050e    r-x .text
  000005f4    000005f4    00000024   00000024    r-- .const
  00000618    00000618    00000050   00000050    r-- .cinit
20000000    20000000    0000008e   00000000    rw-
  20000000    20000000    00000068   00000000    rw- .bss
  20000068    20000068    00000026   00000000    rw- .data
2000fe00    2000fe00    00000200   00000000    rw-
  2000fe00    2000fe00    00000200   00000000    rw- .stack


SECTION ALLOCATION MAP

 output                                  attributes/
section   page    origin      length       input sections
--------  ----  ----------  ----------   ----------------
.intvecs   0    00000000    000000e4     
                  00000000    000000e4     startup_msp432p401r_ccs.obj (.intvecs:retain)

.text      0    000000e4    0000050e     
                  000000e4    0000019c     uart_loopback_24mhz_brclk.obj (.text:uart_puts)
                  00000280    0000009c     rtsv7M4_T_le_v4SPD16_eabi.lib : memcpy_t2.asm.obj (.text)
                  0000031c    00000078     system_msp432p401r.obj (.text:SystemInit)
                  00000394    00000078     uart_loopback_24mhz_brclk.obj (.text:UART_A2_Init)
                  0000040c    00000068     rtsv7M4_T_le_v4SPD16_eabi.lib : copy_decompress_lzss.c.obj (.text:decompress:lzss:__TI_decompress_lzss)
                  00000474    00000054     uart_loopback_24mhz_brclk.obj (.text:EUSCIA2_IRQHandler)
                  000004c8    00000054     uart_loopback_24mhz_brclk.obj (.text:main)
                  0000051c    00000044     rtsv7M4_T_le_v4SPD16_eabi.lib : autoinit.c.obj (.text:__TI_auto_init_nobinit_nopinit:__TI_auto_init_nobinit_nopinit)
                  00000560    00000038                                   : boot_cortex_m.c.obj (.text:_c_int00_noargs:_c_int00_noargs)
                  00000598    00000024     msp432p4xx_driverlib.lib : cs_MSP432P4XX.obj (.text:CS_setDCOCenteredFrequency)
                  000005bc    00000012     rtsv7M4_T_le_v4SPD16_eabi.lib : copy_zero_init.c.obj (.text:decompress:ZI:__TI_zero_init_nomemset:__TI_zero_init_nomemset)
                  000005ce    0000000e                                   : copy_decompress_none.c.obj (.text:decompress:none:__TI_decompress_none)
                  000005dc    0000000c     startup_msp432p401r_ccs.obj (.text:Reset_Handler)
                  000005e8    00000004     rtsv7M4_T_le_v4SPD16_eabi.lib : pre_init.c.obj (.text:_system_pre_init)
                  000005ec    00000004                                   : exit.c.obj (.text:abort:abort)
                  000005f0    00000002     startup_msp432p401r_ccs.obj (.text:Default_Handler)

.const     0    000005f4    00000024     
                  000005f4    00000024     uart_loopback_24mhz_brclk.obj (.const:uartConfig)

.cinit     0    00000618    00000050     
                  00000618    0000002c     (.cinit..data.load) [load image, compression = lzss]
                  00000644    0000000c     (__TI_handler_table)
                  00000650    00000008     (.cinit..bss.load) [load image, compression = zero_init]
                  00000658    00000010     (__TI_cinit_table)

.init_array 
*          0    00000000    00000000     UNINITIALIZED

.binit     0    00000000    00000000     

.bss       0    20000000    00000068     UNINITIALIZED
                  20000000    00000064     (.common:RXBuffer)
                  20000064    00000004     (.common:ii)

.data      0    20000068    00000026     UNINITIALIZED
                  20000068    0000001a     uart_loopback_24mhz_brclk.obj (.data:Buffer)
                  20000082    00000007     uart_loopback_24mhz_brclk.obj (.data:ERRORBuffer)
                  20000089    00000005     uart_loopback_24mhz_brclk.obj (.data)

.stack     0    2000fe00    00000200     UNINITIALIZED
                  2000fe00    00000004     rtsv7M4_T_le_v4SPD16_eabi.lib : boot_cortex_m.c.obj (.stack)
                  2000fe04    000001fc     --HOLE--

MODULE SUMMARY

       Module                          code   ro data   rw data
       ------                          ----   -------   -------
    .\
       uart_loopback_24mhz_brclk.obj   700    36        284    
       system_msp432p401r.obj          120    0         0      
    +--+-------------------------------+------+---------+---------+
       Total:                          820    36        284    
                                                               
    .\ccs\
       startup_msp432p401r_ccs.obj     14     228       0      
    +--+-------------------------------+------+---------+---------+
       Total:                          14     228       0      
                                                               
    C:/ti/simplelink_msp432p4_sdk_2_10_00_14/source/ti/devices/msp432p4xx/driverlib/ccs/msp432p4xx_driverlib.lib
       cs_MSP432P4XX.obj               36     0         0      
    +--+-------------------------------+------+---------+---------+
       Total:                          36     0         0      
                                                               
    C:\ti\ccsv8\tools\compiler\ti-cgt-arm_18.1.1.LTS\lib\rtsv7M4_T_le_v4SPD16_eabi.lib
       memcpy_t2.asm.obj               156    0         0      
       copy_decompress_lzss.c.obj      104    0         0      
       autoinit.c.obj                  68     0         0      
       boot_cortex_m.c.obj             56     0         0      
       copy_zero_init.c.obj            18     0         0      
       copy_decompress_none.c.obj      14     0         0      
       exit.c.obj                      4      0         0      
       pre_init.c.obj                  4      0         0      
    +--+-------------------------------+------+---------+---------+
       Total:                          424    0         0      
                                                               
       Stack:                          0      0         1024   
       Linker Generated:               0      80        0      
    +--+-------------------------------+------+---------+---------+
       Grand Total:                    1294   344       1308   


LINKER GENERATED COPY TABLES

__TI_cinit_table @ 00000658 records: 2, size/record: 8, table size: 16
	.data: load addr=00000618, load size=0000002c bytes, run addr=20000068, run size=00000026 bytes, compression=lzss
	.bss: load addr=00000650, load size=00000008 bytes, run addr=20000000, run size=00000068 bytes, compression=zero_init


LINKER GENERATED HANDLER TABLE

__TI_handler_table @ 00000644 records: 3, size/record: 4, table size: 12
	index: 0, handler: __TI_decompress_lzss
	index: 1, handler: __TI_decompress_none
	index: 2, handler: __TI_zero_init


GLOBAL SYMBOLS: SORTED ALPHABETICALLY BY Name 

address   name                          
-------   ----                          
000005f1  ADC14_IRQHandler              
000005f1  AES256_IRQHandler             
2000008d  AT_Error                      
20000068  Buffer                        
000005f1  BusFault_Handler              
000005ed  C$$EXIT                       
000005f1  COMP_E0_IRQHandler            
000005f1  COMP_E1_IRQHandler            
000005f1  CS_IRQHandler                 
00000599  CS_setDCOCenteredFrequency    
000005f1  DMA_ERR_IRQHandler            
000005f1  DMA_INT0_IRQHandler           
000005f1  DMA_INT1_IRQHandler           
000005f1  DMA_INT2_IRQHandler           
000005f1  DMA_INT3_IRQHandler           
000005f1  DebugMon_Handler              
000005f1  Default_Handler               
20000082  ERRORBuffer                   
000005f1  EUSCIA0_IRQHandler            
000005f1  EUSCIA1_IRQHandler            
00000475  EUSCIA2_IRQHandler            
00000475  EUSCIA2_IRQHandler            
000005f1  EUSCIA3_IRQHandler            
000005f1  EUSCIB0_IRQHandler            
000005f1  EUSCIB1_IRQHandler            
000005f1  EUSCIB2_IRQHandler            
000005f1  EUSCIB3_IRQHandler            
000005f1  FLCTL_IRQHandler              
000005f1  FPU_IRQHandler                
000005f1  HardFault_Handler             
000005f1  MemManage_Handler             
000005f1  NMI_Handler                   
000005f1  PCM_IRQHandler                
000005f1  PORT1_IRQHandler              
000005f1  PORT2_IRQHandler              
000005f1  PORT3_IRQHandler              
000005f1  PORT4_IRQHandler              
000005f1  PORT5_IRQHandler              
000005f1  PORT6_IRQHandler              
000005f1  PSS_IRQHandler                
000005f1  PendSV_Handler                
000005f1  RTC_C_IRQHandler              
20000000  RXBuffer                      
2000008c  Receive_done                  
000005dd  Reset_Handler                 
000005f1  SVC_Handler                   
000005f1  SysTick_Handler               
0000031d  SystemInit                    
000005f1  T32_INT1_IRQHandler           
000005f1  T32_INT2_IRQHandler           
000005f1  T32_INTC_IRQHandler           
000005f1  TA0_0_IRQHandler              
000005f1  TA0_N_IRQHandler              
000005f1  TA1_0_IRQHandler              
000005f1  TA1_N_IRQHandler              
000005f1  TA2_0_IRQHandler              
000005f1  TA2_N_IRQHandler              
000005f1  TA3_0_IRQHandler              
000005f1  TA3_N_IRQHandler              
00000395  UART_A2_Init                  
000005f1  UsageFault_Handler            
4000480c  WDTCTL_SYM                    
000005f1  WDT_A_IRQHandler              
20010000  __STACK_END                   
00000200  __STACK_SIZE                  
00000658  __TI_CINIT_Base               
00000668  __TI_CINIT_Limit              
00000644  __TI_Handler_Table_Base       
00000650  __TI_Handler_Table_Limit      
0000051d  __TI_auto_init_nobinit_nopinit
0000040d  __TI_decompress_lzss          
000005cf  __TI_decompress_none          
ffffffff  __TI_pprof_out_hndl           
ffffffff  __TI_prof_data_size           
ffffffff  __TI_prof_data_start          
00000000  __TI_static_base__            
000005bd  __TI_zero_init_nomemset       
00000281  __aeabi_memcpy                
00000281  __aeabi_memcpy4               
00000281  __aeabi_memcpy8               
ffffffff  __binit__                     
ffffffff  __c_args__                    
UNDEFED   __mpu_init                    
2000fe00  __stack                       
00000561  _c_int00_noargs               
UNDEFED   _system_post_cinit            
000005e9  _system_pre_init              
000005ed  abort                         
ffffffff  binit                         
20000089  i                             
20000064  ii                            
00000000  interruptVectors              
000004c9  main                          
00000281  memcpy                        
000005f4  uartConfig                    
000000e5  uart_puts                     
2000008a  x                             
2000008b  y                             


GLOBAL SYMBOLS: SORTED BY Symbol Address 

address   name                          
-------   ----                          
00000000  __TI_static_base__            
00000000  interruptVectors              
000000e5  uart_puts                     
00000200  __STACK_SIZE                  
00000281  __aeabi_memcpy                
00000281  __aeabi_memcpy4               
00000281  __aeabi_memcpy8               
00000281  memcpy                        
0000031d  SystemInit                    
00000395  UART_A2_Init                  
0000040d  __TI_decompress_lzss          
00000475  EUSCIA2_IRQHandler            
00000475  EUSCIA2_IRQHandler            
000004c9  main                          
0000051d  __TI_auto_init_nobinit_nopinit
00000561  _c_int00_noargs               
00000599  CS_setDCOCenteredFrequency    
000005bd  __TI_zero_init_nomemset       
000005cf  __TI_decompress_none          
000005dd  Reset_Handler                 
000005e9  _system_pre_init              
000005ed  C$$EXIT                       
000005ed  abort                         
000005f1  ADC14_IRQHandler              
000005f1  AES256_IRQHandler             
000005f1  BusFault_Handler              
000005f1  COMP_E0_IRQHandler            
000005f1  COMP_E1_IRQHandler            
000005f1  CS_IRQHandler                 
000005f1  DMA_ERR_IRQHandler            
000005f1  DMA_INT0_IRQHandler           
000005f1  DMA_INT1_IRQHandler           
000005f1  DMA_INT2_IRQHandler           
000005f1  DMA_INT3_IRQHandler           
000005f1  DebugMon_Handler              
000005f1  Default_Handler               
000005f1  EUSCIA0_IRQHandler            
000005f1  EUSCIA1_IRQHandler            
000005f1  EUSCIA3_IRQHandler            
000005f1  EUSCIB0_IRQHandler            
000005f1  EUSCIB1_IRQHandler            
000005f1  EUSCIB2_IRQHandler            
000005f1  EUSCIB3_IRQHandler            
000005f1  FLCTL_IRQHandler              
000005f1  FPU_IRQHandler                
000005f1  HardFault_Handler             
000005f1  MemManage_Handler             
000005f1  NMI_Handler                   
000005f1  PCM_IRQHandler                
000005f1  PORT1_IRQHandler              
000005f1  PORT2_IRQHandler              
000005f1  PORT3_IRQHandler              
000005f1  PORT4_IRQHandler              
000005f1  PORT5_IRQHandler              
000005f1  PORT6_IRQHandler              
000005f1  PSS_IRQHandler                
000005f1  PendSV_Handler                
000005f1  RTC_C_IRQHandler              
000005f1  SVC_Handler                   
000005f1  SysTick_Handler               
000005f1  T32_INT1_IRQHandler           
000005f1  T32_INT2_IRQHandler           
000005f1  T32_INTC_IRQHandler           
000005f1  TA0_0_IRQHandler              
000005f1  TA0_N_IRQHandler              
000005f1  TA1_0_IRQHandler              
000005f1  TA1_N_IRQHandler              
000005f1  TA2_0_IRQHandler              
000005f1  TA2_N_IRQHandler              
000005f1  TA3_0_IRQHandler              
000005f1  TA3_N_IRQHandler              
000005f1  UsageFault_Handler            
000005f1  WDT_A_IRQHandler              
000005f4  uartConfig                    
00000644  __TI_Handler_Table_Base       
00000650  __TI_Handler_Table_Limit      
00000658  __TI_CINIT_Base               
00000668  __TI_CINIT_Limit              
20000000  RXBuffer                      
20000064  ii                            
20000068  Buffer                        
20000082  ERRORBuffer                   
20000089  i                             
2000008a  x                             
2000008b  y                             
2000008c  Receive_done                  
2000008d  AT_Error                      
2000fe00  __stack                       
20010000  __STACK_END                   
4000480c  WDTCTL_SYM                    
ffffffff  __TI_pprof_out_hndl           
ffffffff  __TI_prof_data_size           
ffffffff  __TI_prof_data_start          
ffffffff  __binit__                     
ffffffff  __c_args__                    
ffffffff  binit                         
UNDEFED   __mpu_init                    
UNDEFED   _system_post_cinit            

[98 symbols]
